Archive member included to satisfy reference by file (symbol)

../../../../amebasmart_gcc_project/project_ap/asdk/build/atf/lib/libc.a(assert.o)
                              ../../../../amebasmart_gcc_project/project_ap/asdk/build/atf/bl1/io_semihosting.o (__assert)
../../../../amebasmart_gcc_project/project_ap/asdk/build/atf/lib/libc.a(memcmp.o)
                              ../../../../amebasmart_gcc_project/project_ap/asdk/build/atf/bl1/io_fip.o (memcmp)
../../../../amebasmart_gcc_project/project_ap/asdk/build/atf/lib/libc.a(memcpy.o)
                              ../../../../amebasmart_gcc_project/project_ap/asdk/build/atf/bl1/io_memmap.o (memcpy)
../../../../amebasmart_gcc_project/project_ap/asdk/build/atf/lib/libc.a(memmove.o)
                              ../../../../amebasmart_gcc_project/project_ap/asdk/build/atf/bl1/xlat_tables_core.o (memmove)
../../../../amebasmart_gcc_project/project_ap/asdk/build/atf/lib/libc.a(printf.o)
                              ../../../../amebasmart_gcc_project/project_ap/asdk/build/atf/bl1/tf_log.o (vprintf)
../../../../amebasmart_gcc_project/project_ap/asdk/build/atf/lib/libc.a(putchar.o)
                              ../../../../amebasmart_gcc_project/project_ap/asdk/build/atf/bl1/tf_log.o (putchar)
../../../../amebasmart_gcc_project/project_ap/asdk/build/atf/lib/libc.a(strlen.o)
                              ../../../../amebasmart_gcc_project/project_ap/asdk/build/atf/bl1/semihosting.o (strlen)
../../../../amebasmart_gcc_project/project_ap/asdk/build/atf/lib/libc.a(spinlock.o)
                              ../../../../amebasmart_gcc_project/project_ap/asdk/build/atf/bl1/errata_report.o (spin_lock)

Discarded input sections

 .text          0x0000000000000000        0x0 ../../../../amebasmart_gcc_project/project_ap/asdk/build/atf/bl1/build_message.o
 .data          0x0000000000000000        0x0 ../../../../amebasmart_gcc_project/project_ap/asdk/build/atf/bl1/build_message.o
 .bss           0x0000000000000000        0x0 ../../../../amebasmart_gcc_project/project_ap/asdk/build/atf/bl1/build_message.o
 .rodata.build_message
                0x0000000000000000       0x1e ../../../../amebasmart_gcc_project/project_ap/asdk/build/atf/bl1/build_message.o
 .rodata.version_string
                0x0000000000000000       0x13 ../../../../amebasmart_gcc_project/project_ap/asdk/build/atf/bl1/build_message.o
 .debug_info    0x0000000000000000       0x7b ../../../../amebasmart_gcc_project/project_ap/asdk/build/atf/bl1/build_message.o
 .debug_abbrev  0x0000000000000000       0x45 ../../../../amebasmart_gcc_project/project_ap/asdk/build/atf/bl1/build_message.o
 .debug_aranges
                0x0000000000000000       0x18 ../../../../amebasmart_gcc_project/project_ap/asdk/build/atf/bl1/build_message.o
 .debug_line    0x0000000000000000       0x28 ../../../../amebasmart_gcc_project/project_ap/asdk/build/atf/bl1/build_message.o
 .debug_str     0x0000000000000000      0x162 ../../../../amebasmart_gcc_project/project_ap/asdk/build/atf/bl1/build_message.o
 .comment       0x0000000000000000       0x38 ../../../../amebasmart_gcc_project/project_ap/asdk/build/atf/bl1/build_message.o
 .ARM.attributes
                0x0000000000000000       0x37 ../../../../amebasmart_gcc_project/project_ap/asdk/build/atf/bl1/build_message.o
 .text          0x0000000000000000        0x0 ../../../../amebasmart_gcc_project/project_ap/asdk/build/atf/bl1/io_semihosting.o
 .data          0x0000000000000000        0x0 ../../../../amebasmart_gcc_project/project_ap/asdk/build/atf/bl1/io_semihosting.o
 .bss           0x0000000000000000        0x0 ../../../../amebasmart_gcc_project/project_ap/asdk/build/atf/bl1/io_semihosting.o
 .text          0x0000000000000000        0x0 ../../../../amebasmart_gcc_project/project_ap/asdk/build/atf/bl1/io_storage.o
 .data          0x0000000000000000        0x0 ../../../../amebasmart_gcc_project/project_ap/asdk/build/atf/bl1/io_storage.o
 .bss           0x0000000000000000        0x0 ../../../../amebasmart_gcc_project/project_ap/asdk/build/atf/bl1/io_storage.o
 .text.io_write
                0x0000000000000000       0x3c ../../../../amebasmart_gcc_project/project_ap/asdk/build/atf/bl1/io_storage.o
 .text          0x0000000000000000        0x0 ../../../../amebasmart_gcc_project/project_ap/asdk/build/atf/bl1/io_fip.o
 .data          0x0000000000000000        0x0 ../../../../amebasmart_gcc_project/project_ap/asdk/build/atf/bl1/io_fip.o
 .bss           0x0000000000000000        0x0 ../../../../amebasmart_gcc_project/project_ap/asdk/build/atf/bl1/io_fip.o
 .text.fip_dev_get_plat_toc_flag
                0x0000000000000000       0x12 ../../../../amebasmart_gcc_project/project_ap/asdk/build/atf/bl1/io_fip.o
 .text          0x0000000000000000        0x0 ../../../../amebasmart_gcc_project/project_ap/asdk/build/atf/bl1/io_memmap.o
 .data          0x0000000000000000        0x0 ../../../../amebasmart_gcc_project/project_ap/asdk/build/atf/bl1/io_memmap.o
[...]
Memory Configuration

Name             Origin             Length             Attributes
ROM              0x0000000000000000 0x0000000000000400 xr
SRAM             0x000000002001fe00 0x0000000000000200 xr
DRAM             0x0000000070017020 0x000000000001ffe0 xr
RAM              0x0000000070037000 0x0000000000010000 xrw
*default*        0x0000000000000000 0xffffffffffffffff

Linker script and memory map


.boot_rom       0x0000000000000000       0x20
 *bl1_entrypoint_rom.o(.text*)
 .text          0x0000000000000000        0x0 ../../../../amebasmart_gcc_project/project_ap/asdk/build/atf/bl1/bl1_entrypoint_rom.o
 .text.asm.bl1_boot_rom
                0x0000000000000000        0x4 ../../../../amebasmart_gcc_project/project_ap/asdk/build/atf/bl1/bl1_entrypoint_rom.o
                0x0000000000000000                bl1_boot_rom
 *fill*         0x0000000000000004        0x4 
 .text.asm.bl1_boot_rom.__stub
                0x0000000000000008        0x8 linker stubs
                0x0000000000000020                . = ALIGN (0x20)
 *fill*         0x0000000000000010       0x10 

.boot_sram      0x000000002001fe00       0x20
 *bl1_entrypoint_sram.o(.text*)
 .text          0x000000002001fe00        0x0 ../../../../amebasmart_gcc_project/project_ap/asdk/build/atf/bl1/bl1_entrypoint_sram.o
 .text.asm.bl1_boot_sram
                0x000000002001fe00        0x4 ../../../../amebasmart_gcc_project/project_ap/asdk/build/atf/bl1/bl1_entrypoint_sram.o
                0x000000002001fe00                bl1_boot_sram
 *fill*         0x000000002001fe04        0x4 
 .text.asm.bl1_boot_sram.__stub
                0x000000002001fe08        0x8 linker stubs
                0x000000002001fe20                . = ALIGN (0x20)
 *fill*         0x000000002001fe10       0x10 
                0x0000000070017020                . = 0x70017020

.text           0x0000000070017020     0x2fe0
                0x0000000070017020                __TEXT_START__ = .
 *bl1_entrypoint.o(.text*)
 .text.asm.bl1_entrypoint
                0x0000000070017020      0x368 ../../../../amebasmart_gcc_project/project_ap/asdk/build/atf/bl1/bl1_entrypoint.o
                0x0000000070017020                bl1_entrypoint
 *(SORT_BY_ALIGNMENT(.text*))
 .text.sh_dev_open
                0x0000000070017388       0x14 ../../../../amebasmart_gcc_project/project_ap/asdk/build/atf/bl1/io_semihosting.o
 .text.register_io_dev_sh
                0x000000007001739c       0x20 ../../../../amebasmart_gcc_project/project_ap/asdk/build/atf/bl1/io_semihosting.o
                0x000000007001739c                register_io_dev_sh
 .text.free_entity.isra.0
                0x00000000700173bc       0x38 ../../../../amebasmart_gcc_project/project_ap/asdk/build/atf/bl1/io_storage.o
 .text.io_register_device
                0x00000000700173f4       0x24 ../../../../amebasmart_gcc_project/project_ap/asdk/build/atf/bl1/io_storage.o
                0x00000000700173f4                io_register_device
 .text.io_open  0x0000000070017418       0x84 ../../../../amebasmart_gcc_project/project_ap/asdk/build/atf/bl1/io_storage.o
                0x0000000070017418                io_open
 .text.fip_file_close
                0x000000007001749c       0x20 ../../../../amebasmart_gcc_project/project_ap/asdk/build/atf/bl1/io_fip.o
 .text.fip_dev_init
                0x00000000700174bc       0x70 ../../../../amebasmart_gcc_project/project_ap/asdk/build/atf/bl1/io_fip.o
 .text.fip_file_read
                0x000000007001752c       0x80 ../../../../amebasmart_gcc_project/project_ap/asdk/build/atf/bl1/io_fip.o
 .text.fip_dev_open
                0x00000000700175ac       0x40 ../../../../amebasmart_gcc_project/project_ap/asdk/build/atf/bl1/io_fip.o
 .text.fip_file_open
                0x00000000700175ec       0xac ../../../../amebasmart_gcc_project/project_ap/asdk/build/atf/bl1/io_fip.o
 .text.fip_dev_close
                0x0000000070017698       0x48 ../../../../amebasmart_gcc_project/project_ap/asdk/build/atf/bl1/io_fip.o
 .text.register_io_dev_fip
                0x00000000700176e0       0x20 ../../../../amebasmart_gcc_project/project_ap/asdk/build/atf/bl1/io_fip.o
                0x00000000700176e0                register_io_dev_fip
 .text.memmap_dev_open
                0x0000000070017700       0x14 ../../../../amebasmart_gcc_project/project_ap/asdk/build/atf/bl1/io_memmap.o
 .text.memmap_block_open
                0x0000000070017714       0x38 ../../../../amebasmart_gcc_project/project_ap/asdk/build/atf/bl1/io_memmap.o
 .text.memmap_block_close
                0x000000007001774c       0x1c ../../../../amebasmart_gcc_project/project_ap/asdk/build/atf/bl1/io_memmap.o
 .text.register_io_dev_memmap
                0x0000000070017768       0x20 ../../../../amebasmart_gcc_project/project_ap/asdk/build/atf/bl1/io_memmap.o
                0x0000000070017768                register_io_dev_memmap
 .text.open_fip
                0x0000000070017788       0x30 ../../../../amebasmart_gcc_project/project_ap/asdk/build/atf/bl1/sheipa_io_storage.o
 .text.open_memmap
                0x00000000700177b8       0x30 ../../../../amebasmart_gcc_project/project_ap/asdk/build/atf/bl1/sheipa_io_storage.o
 .text.plat_sheipa_io_setup
                0x00000000700177e8       0x6c ../../../../amebasmart_gcc_project/project_ap/asdk/build/atf/bl1/sheipa_io_storage.o
                0x00000000700177e8                plat_sheipa_io_setup
 .text.plat_get_image_source
                0x0000000070017854       0x8c ../../../../amebasmart_gcc_project/project_ap/asdk/build/atf/bl1/sheipa_io_storage.o
                0x0000000070017854                plat_get_image_source
 .text.bl1_plat_sec_mem_layout
                0x00000000700178e0        0x8 ../../../../amebasmart_gcc_project/project_ap/asdk/build/atf/bl1/sheipa_bl1_setup.o
                0x00000000700178e0                bl1_plat_sec_mem_layout
 .text.bl1_early_platform_setup
                0x00000000700178e8       0x1c ../../../../amebasmart_gcc_project/project_ap/asdk/build/atf/bl1/sheipa_bl1_setup.o
                0x00000000700178e8                bl1_early_platform_setup
 .text.bl1_plat_arch_setup
                0x0000000070017904       0x4c ../../../../amebasmart_gcc_project/project_ap/asdk/build/atf/bl1/sheipa_bl1_setup.o
                0x0000000070017904                bl1_plat_arch_setup
 .text.bl1_calc_bl2_mem_layout
                0x0000000070017950       0x2c ../../../../amebasmart_gcc_project/project_ap/asdk/build/atf/bl1/bl1_main.o
                0x0000000070017950                bl1_calc_bl2_mem_layout
 .text.bl1_main
                0x000000007001797c       0xa0 ../../../../amebasmart_gcc_project/project_ap/asdk/build/atf/bl1/bl1_main.o
                0x000000007001797c                bl1_main
 .text.bl1_smc_handler
                0x0000000070017a1c       0x40 ../../../../amebasmart_gcc_project/project_ap/asdk/build/atf/bl1/bl1_main.o
                0x0000000070017a1c                bl1_smc_handler
 .text.smc_set_next_ctx
                0x0000000070017a5c       0x20 ../../../../amebasmart_gcc_project/project_ap/asdk/build/atf/bl1/bl1_context_mgmt.o
                0x0000000070017a5c                smc_set_next_ctx
 .text.smc_get_next_ctx
                0x0000000070017a7c        0xc ../../../../amebasmart_gcc_project/project_ap/asdk/build/atf/bl1/bl1_context_mgmt.o
                0x0000000070017a7c                smc_get_next_ctx
 .text.cm_get_context
                0x0000000070017a88       0x18 ../../../../amebasmart_gcc_project/project_ap/asdk/build/atf/bl1/bl1_context_mgmt.o
                0x0000000070017a88                cm_get_context
 .text.cm_set_next_context
                0x0000000070017aa0       0x14 ../../../../amebasmart_gcc_project/project_ap/asdk/build/atf/bl1/bl1_context_mgmt.o
                0x0000000070017aa0                cm_set_next_context
 .text.bl1_prepare_next_image
                0x0000000070017ab4       0xf8 ../../../../amebasmart_gcc_project/project_ap/asdk/build/atf/bl1/bl1_context_mgmt.o
                0x0000000070017ab4                bl1_prepare_next_image
 .text.bl1_plat_get_image_desc
                0x0000000070017bac        0x8 ../../../../amebasmart_gcc_project/project_ap/asdk/build/atf/bl1/plat_bl1_common.o
                0x0000000070017bac                bl1_plat_get_image_desc
 .text.cm_setup_context
                0x0000000070017bb4       0x6c ../../../../amebasmart_gcc_project/project_ap/asdk/build/atf/bl1/context_mgmt.o
                0x0000000070017bb4                cm_setup_context
 .text.cm_prepare_el3_exit
                0x0000000070017c20       0xb0 ../../../../amebasmart_gcc_project/project_ap/asdk/build/atf/bl1/context_mgmt.o
                0x0000000070017c20                cm_prepare_el3_exit
 .text.tf_log   0x0000000070017cd0       0x54 ../../../../amebasmart_gcc_project/project_ap/asdk/build/atf/bl1/tf_log.o
                0x0000000070017cd0                tf_log
 .text.console_is_registered
                0x0000000070017d24       0x24 ../../../../amebasmart_gcc_project/project_ap/asdk/build/atf/bl1/multi_console.o
                0x0000000070017d24                console_is_registered
 .text.console_register
                0x0000000070017d48       0x38 ../../../../amebasmart_gcc_project/project_ap/asdk/build/atf/bl1/multi_console.o
                0x0000000070017d48                console_register
 .text.console_putc
                0x0000000070017d80       0x58 ../../../../amebasmart_gcc_project/project_ap/asdk/build/atf/bl1/multi_console.o
                0x0000000070017d80                console_putc
 .text.console_flush
                0x0000000070017dd8       0x40 ../../../../amebasmart_gcc_project/project_ap/asdk/build/atf/bl1/multi_console.o
                0x0000000070017dd8                console_flush
 .text.plat_log_get_prefix
                0x0000000070017e18       0x24 ../../../../amebasmart_gcc_project/project_ap/asdk/build/atf/bl1/plat_log_common.o
                0x0000000070017e18                plat_log_get_prefix
 .text.sheipa_configure_mmu_svc_mon
                0x0000000070017e3c       0x70 ../../../../amebasmart_gcc_project/project_ap/asdk/build/atf/bl1/sheipa_common.o
                0x0000000070017e3c                sheipa_configure_mmu_svc_mon
 .text.sheipa_console_init
                0x0000000070017eac       0x2c ../../../../amebasmart_gcc_project/project_ap/asdk/build/atf/bl1/sheipa_console_setup.o
                0x0000000070017eac                sheipa_console_init
 .text.setup_mmu_cfg
                0x0000000070017ed8       0x94 ../../../../amebasmart_gcc_project/project_ap/asdk/build/atf/bl1/xlat_tables_arch.o
                0x0000000070017ed8                setup_mmu_cfg
 .text.mmap_add_region
                0x0000000070017f6c       0x28 ../../../../amebasmart_gcc_project/project_ap/asdk/build/atf/bl1/xlat_tables_context.o
                0x0000000070017f6c                mmap_add_region
 .text.mmap_add
                0x0000000070017f94        0xc ../../../../amebasmart_gcc_project/project_ap/asdk/build/atf/bl1/xlat_tables_context.o
                0x0000000070017f94                mmap_add
 .text.init_xlat_tables
                0x0000000070017fa0       0x30 ../../../../amebasmart_gcc_project/project_ap/asdk/build/atf/bl1/xlat_tables_context.o
                0x0000000070017fa0                init_xlat_tables
 .text.enable_mmu_svc_mon
                0x0000000070017fd0       0x34 ../../../../amebasmart_gcc_project/project_ap/asdk/build/atf/bl1/xlat_tables_context.o
                0x0000000070017fd0                enable_mmu_svc_mon
 .text.mmap_add_region_ctx
                0x0000000070018004      0x1e4 ../../../../amebasmart_gcc_project/project_ap/asdk/build/atf/bl1/xlat_tables_core.o
                0x0000000070018004                mmap_add_region_ctx
 .text.init_xlat_tables_ctx
                0x00000000700181e8      0x108 ../../../../amebasmart_gcc_project/project_ap/asdk/build/atf/bl1/xlat_tables_core.o
                0x00000000700181e8                init_xlat_tables_ctx
 .text.asm.semihosting_call
                0x00000000700182f0        0x8 ../../../../amebasmart_gcc_project/project_ap/asdk/build/atf/bl1/semihosting_call.o
                0x00000000700182f0                semihosting_call
 .text.asm.aem_generic_errata_report
                0x00000000700182f8        0x4 ../../../../amebasmart_gcc_project/project_ap/asdk/build/atf/bl1/aem_generic.o
 .text.asm.cortex_a7_enable_smp
                0x00000000700182fc       0x14 ../../../../amebasmart_gcc_project/project_ap/asdk/build/atf/bl1/cortex_a7.o
 .text.asm.cortex_a7_reset_func
                0x0000000070018310        0x4 ../../../../amebasmart_gcc_project/project_ap/asdk/build/atf/bl1/cortex_a7.o
 .text.asm.cortex_a7_errata_report
                0x0000000070018314        0x4 ../../../../amebasmart_gcc_project/project_ap/asdk/build/atf/bl1/cortex_a7.o
 .text.asm.cortex_a32_reset_func
                0x0000000070018318       0x14 ../../../../amebasmart_gcc_project/project_ap/asdk/build/atf/bl1/cortex_a32.o
 .text.asm.cortex_a32_errata_report
                0x000000007001832c        0x4 ../../../../amebasmart_gcc_project/project_ap/asdk/build/atf/bl1/cortex_a32.o
 .text.asm.bl1_aarch32_smc_handler
                0x0000000070018330       0x68 ../../../../amebasmart_gcc_project/project_ap/asdk/build/atf/bl1/bl1_exceptions.o
                0x0000000070018330                bl1_aarch32_smc_handler
 .text.asm.smc_handler
                0x0000000070018398      0x19c ../../../../amebasmart_gcc_project/project_ap/asdk/build/atf/bl1/bl1_exceptions.o
 .text.asm.plat_set_my_stack
                0x0000000070018534       0x10 ../../../../amebasmart_gcc_project/project_ap/asdk/build/atf/bl1/platform_up_stack.o
                0x0000000070018534                plat_set_my_stack
 .text.asm.reset_handler
                0x0000000070018544       0x38 ../../../../amebasmart_gcc_project/project_ap/asdk/build/atf/bl1/cpu_helpers.o
                0x0000000070018544                reset_handler
 .text.asm.get_cpu_ops_ptr
                0x000000007001857c       0x44 ../../../../amebasmart_gcc_project/project_ap/asdk/build/atf/bl1/cpu_helpers.o
                0x000000007001857c                get_cpu_ops_ptr
 .text.asm.print_errata_status
                0x00000000700185c0       0x18 ../../../../amebasmart_gcc_project/project_ap/asdk/build/atf/bl1/cpu_helpers.o
                0x00000000700185c0                print_errata_status
 .text.asm.do_panic
                0x00000000700185d8       0x4c ../../../../amebasmart_gcc_project/project_ap/asdk/build/atf/bl1/debug.o
                0x00000000700185d8                do_panic
 .text.asm.report_exception
                0x0000000070018624       0x14 ../../../../amebasmart_gcc_project/project_ap/asdk/build/atf/bl1/debug.o
                0x0000000070018624                report_exception
 .text.asm.report_prefetch_abort
                0x0000000070018638       0x20 ../../../../amebasmart_gcc_project/project_ap/asdk/build/atf/bl1/debug.o
                0x0000000070018638                report_prefetch_abort
 .text.asm.report_data_abort
                0x0000000070018658       0x20 ../../../../amebasmart_gcc_project/project_ap/asdk/build/atf/bl1/debug.o
                0x0000000070018658                report_data_abort
 .text.asm.asm_assert
                0x0000000070018678       0x8c ../../../../amebasmart_gcc_project/project_ap/asdk/build/atf/bl1/debug.o
                0x0000000070018678                asm_assert
 .text.asm.asm_print_str
                0x0000000070018704       0x1c ../../../../amebasmart_gcc_project/project_ap/asdk/build/atf/bl1/debug.o
                0x0000000070018704                asm_print_str
 .text.asm.asm_print_hex
                0x0000000070018720       0x34 ../../../../amebasmart_gcc_project/project_ap/asdk/build/atf/bl1/debug.o
                0x0000000070018720                asm_print_hex
 .text.asm.flush_dcache_range
                0x0000000070018754       0x3c ../../../../amebasmart_gcc_project/project_ap/asdk/build/atf/bl1/cache_helpers.o
                0x0000000070018754                flush_dcache_range
 .text.asm.clean_dcache_range
                0x0000000070018790       0x3c ../../../../amebasmart_gcc_project/project_ap/asdk/build/atf/bl1/cache_helpers.o
                0x0000000070018790                clean_dcache_range
 .text.asm.zeromem
                0x00000000700187cc       0x64 ../../../../amebasmart_gcc_project/project_ap/asdk/build/atf/bl1/misc_helpers.o
                0x00000000700187cc                zeromem
                0x00000000700187cc                zero_normalmem
 .text.asm.memcpy4
                0x0000000070018830       0x50 ../../../../amebasmart_gcc_project/project_ap/asdk/build/atf/bl1/misc_helpers.o
                0x0000000070018830                memcpy4
 .text.asm.disable_mmu_secure
                0x0000000070018880       0x1c ../../../../amebasmart_gcc_project/project_ap/asdk/build/atf/bl1/misc_helpers.o
                0x0000000070018880                disable_mmu_secure
 .text.asm.disable_mmu_icache_secure
                0x000000007001889c        0xc ../../../../amebasmart_gcc_project/project_ap/asdk/build/atf/bl1/misc_helpers.o
                0x000000007001889c                disable_mmu_icache_secure
 .text.asm.plat_reset_handler
                0x00000000700188a8        0x4 ../../../../amebasmart_gcc_project/project_ap/asdk/build/atf/bl1/platform_helpers.o
                0x00000000700188a8                plat_reset_handler
 .text.asm.bl1_plat_prepare_exit
                0x00000000700188ac        0x4 ../../../../amebasmart_gcc_project/project_ap/asdk/build/atf/bl1/platform_helpers.o
                0x00000000700188ac                bl1_plat_prepare_exit
 .text          0x00000000700188b0       0x24 ../../../../amebasmart_gcc_project/project_ap/asdk/build/atf/bl1/aeabi_uldivmod.o
                0x00000000700188b0                __aeabi_uldivmod
 .text.asm.plat_my_core_pos
                0x00000000700188d4        0x8 ../../../../amebasmart_gcc_project/project_ap/asdk/build/atf/bl1/plat_helpers.o
                0x00000000700188d4                plat_my_core_pos
 .text.asm.plat_report_exception
                0x00000000700188dc       0x64 ../../../../amebasmart_gcc_project/project_ap/asdk/build/atf/bl1/plat_helpers.o
                0x00000000700188dc                plat_report_exception
 .text.asm.plat_report_prefetch_abort
                0x0000000070018940       0x58 ../../../../amebasmart_gcc_project/project_ap/asdk/build/atf/bl1/plat_helpers.o
                0x0000000070018940                plat_report_prefetch_abort
 .text.asm.plat_report_data_abort
                0x0000000070018998       0x58 ../../../../amebasmart_gcc_project/project_ap/asdk/build/atf/bl1/plat_helpers.o
                0x0000000070018998                plat_report_data_abort
 .text.asm.plat_sheipa_calc_core_pos
                0x00000000700189f0       0x10 ../../../../amebasmart_gcc_project/project_ap/asdk/build/atf/bl1/plat_helpers.o
                0x00000000700189f0                plat_sheipa_calc_core_pos
 .text.asm.plat_is_my_cpu_primary
                0x0000000070018a00       0x20 ../../../../amebasmart_gcc_project/project_ap/asdk/build/atf/bl1/plat_helpers.o
                0x0000000070018a00                plat_is_my_cpu_primary
 .text.asm.plat_secondary_cold_boot_setup
                0x0000000070018a20       0x38 ../../../../amebasmart_gcc_project/project_ap/asdk/build/atf/bl1/plat_helpers.o
                0x0000000070018a20                plat_secondary_cold_boot_setup
 .text.asm.plat_get_my_entrypoint
                0x0000000070018a58       0x4c ../../../../amebasmart_gcc_project/project_ap/asdk/build/atf/bl1/plat_helpers.o
                0x0000000070018a58                plat_get_my_entrypoint
 .text.asm.platform_mem_init
                0x0000000070018aa4        0x4 ../../../../amebasmart_gcc_project/project_ap/asdk/build/atf/bl1/plat_helpers.o
                0x0000000070018aa4                platform_mem_init
 .text.asm.plat_crash_console_init
                0x0000000070018aa8       0x1c ../../../../amebasmart_gcc_project/project_ap/asdk/build/atf/bl1/plat_helpers.o
                0x0000000070018aa8                plat_crash_console_init
 .text.asm.plat_crash_console_putc
                0x0000000070018ac4        0xc ../../../../amebasmart_gcc_project/project_ap/asdk/build/atf/bl1/plat_helpers.o
                0x0000000070018ac4                plat_crash_console_putc
 .text.asm.plat_crash_console_flush
                0x0000000070018ad0        0xc ../../../../amebasmart_gcc_project/project_ap/asdk/build/atf/bl1/plat_helpers.o
                0x0000000070018ad0                plat_crash_console_flush
 .text.asm.plat_panic_handler
                0x0000000070018adc       0x14 ../../../../amebasmart_gcc_project/project_ap/asdk/build/atf/bl1/plat_helpers.o
                0x0000000070018adc                plat_panic_handler
 .text.asm.console_core_init
                0x0000000070018af0       0x34 ../../../../amebasmart_gcc_project/project_ap/asdk/build/atf/bl1/sheipa_console.o
                0x0000000070018af0                console_core_init
 .text.asm.console_core_register
                0x0000000070018b24       0x5c ../../../../amebasmart_gcc_project/project_ap/asdk/build/atf/bl1/sheipa_console.o
                0x0000000070018b24                console_core_register
 .text.asm.console_core_putc
                0x0000000070018b80       0x5c ../../../../amebasmart_gcc_project/project_ap/asdk/build/atf/bl1/sheipa_console.o
                0x0000000070018b80                console_core_putc
 .text.asm.console_core_getc
                0x0000000070018bdc       0x30 ../../../../amebasmart_gcc_project/project_ap/asdk/build/atf/bl1/sheipa_console.o
                0x0000000070018bdc                console_core_getc
 .text.asm.console_core_flush
                0x0000000070018c0c        0x8 ../../../../amebasmart_gcc_project/project_ap/asdk/build/atf/bl1/sheipa_console.o
                0x0000000070018c0c                console_core_flush
 .text.asm.enable_mmu_direct_svc_mon
                0x0000000070018c14       0x80 ../../../../amebasmart_gcc_project/project_ap/asdk/build/atf/bl1/enable_mmu.o
                0x0000000070018c14                enable_mmu_direct_svc_mon
 .text.vprintf  0x0000000070018c94      0x18c ../../../../amebasmart_gcc_project/project_ap/asdk/build/atf/lib/libc.a(printf.o)
                0x0000000070018c94                vprintf
 .text.device_type_sh
                0x0000000070018e20        0x4 ../../../../amebasmart_gcc_project/project_ap/asdk/build/atf/bl1/io_semihosting.o
 .text.sh_file_close
                0x0000000070018e24       0x1a ../../../../amebasmart_gcc_project/project_ap/asdk/build/atf/bl1/io_semihosting.o
 .text.sh_file_write
                0x0000000070018e3e       0x32 ../../../../amebasmart_gcc_project/project_ap/asdk/build/atf/bl1/io_semihosting.o
 .text.sh_file_read
                0x0000000070018e70       0x2e ../../../../amebasmart_gcc_project/project_ap/asdk/build/atf/bl1/io_semihosting.o
 .text.sh_file_len
                0x0000000070018e9e       0x24 ../../../../amebasmart_gcc_project/project_ap/asdk/build/atf/bl1/io_semihosting.o
 .text.sh_file_seek
                0x0000000070018ec2       0x1c ../../../../amebasmart_gcc_project/project_ap/asdk/build/atf/bl1/io_semihosting.o
 .text.sh_file_open
                0x0000000070018ede       0x26 ../../../../amebasmart_gcc_project/project_ap/asdk/build/atf/bl1/io_semihosting.o
 .text.is_valid_dev
                0x0000000070018f04       0x1a ../../../../amebasmart_gcc_project/project_ap/asdk/build/atf/bl1/io_storage.o
 .text.is_valid_entity
                0x0000000070018f1e       0x12 ../../../../amebasmart_gcc_project/project_ap/asdk/build/atf/bl1/io_storage.o
 .text.io_dev_open
                0x0000000070018f30       0x1e ../../../../amebasmart_gcc_project/project_ap/asdk/build/atf/bl1/io_storage.o
                0x0000000070018f30                io_dev_open
 .text.io_dev_init
                0x0000000070018f4e       0x28 ../../../../amebasmart_gcc_project/project_ap/asdk/build/atf/bl1/io_storage.o
                0x0000000070018f4e                io_dev_init
 .text.io_dev_close
                0x0000000070018f76       0x24 ../../../../amebasmart_gcc_project/project_ap/asdk/build/atf/bl1/io_storage.o
                0x0000000070018f76                io_dev_close
 .text.io_seek  0x0000000070018f9a       0x42 ../../../../amebasmart_gcc_project/project_ap/asdk/build/atf/bl1/io_storage.o
                0x0000000070018f9a                io_seek
 .text.io_size  0x0000000070018fdc       0x2a ../../../../amebasmart_gcc_project/project_ap/asdk/build/atf/bl1/io_storage.o
                0x0000000070018fdc                io_size
 .text.io_read  0x0000000070019006       0x3c ../../../../amebasmart_gcc_project/project_ap/asdk/build/atf/bl1/io_storage.o
                0x0000000070019006                io_read
 .text.io_close
                0x0000000070019042       0x26 ../../../../amebasmart_gcc_project/project_ap/asdk/build/atf/bl1/io_storage.o
                0x0000000070019042                io_close
 .text.device_type_fip
                0x0000000070019068        0x4 ../../../../amebasmart_gcc_project/project_ap/asdk/build/atf/bl1/io_fip.o
 .text.fip_file_len
                0x000000007001906c       0x16 ../../../../amebasmart_gcc_project/project_ap/asdk/build/atf/bl1/io_fip.o
 .text.device_type_memmap
                0x0000000070019082        0x4 ../../../../amebasmart_gcc_project/project_ap/asdk/build/atf/bl1/io_memmap.o
 .text.memmap_dev_close
                0x0000000070019086        0x4 ../../../../amebasmart_gcc_project/project_ap/asdk/build/atf/bl1/io_memmap.o
 .text.memmap_block_len
                0x000000007001908a       0x16 ../../../../amebasmart_gcc_project/project_ap/asdk/build/atf/bl1/io_memmap.o
 .text.memmap_block_seek
                0x00000000700190a0       0x2c ../../../../amebasmart_gcc_project/project_ap/asdk/build/atf/bl1/io_memmap.o
 .text.memmap_block_write
                0x00000000700190cc       0x50 ../../../../amebasmart_gcc_project/project_ap/asdk/build/atf/bl1/io_memmap.o
 .text.memmap_block_read
                0x000000007001911c       0x54 ../../../../amebasmart_gcc_project/project_ap/asdk/build/atf/bl1/io_memmap.o
 .text.semihosting_file_open
                0x0000000070019170       0x1a ../../../../amebasmart_gcc_project/project_ap/asdk/build/atf/bl1/semihosting.o
                0x0000000070019170                semihosting_file_open
 .text.semihosting_file_seek
                0x000000007001918a       0x1e ../../../../amebasmart_gcc_project/project_ap/asdk/build/atf/bl1/semihosting.o
                0x000000007001918a                semihosting_file_seek
 .text.semihosting_file_read
                0x00000000700191a8       0x32 ../../../../amebasmart_gcc_project/project_ap/asdk/build/atf/bl1/semihosting.o
                0x00000000700191a8                semihosting_file_read
 .text.semihosting_file_write
                0x00000000700191da       0x24 ../../../../amebasmart_gcc_project/project_ap/asdk/build/atf/bl1/semihosting.o
                0x00000000700191da                semihosting_file_write
 .text.semihosting_file_close
                0x00000000700191fe       0x12 ../../../../amebasmart_gcc_project/project_ap/asdk/build/atf/bl1/semihosting.o
                0x00000000700191fe                semihosting_file_close
 .text.semihosting_file_length
                0x0000000070019210       0x12 ../../../../amebasmart_gcc_project/project_ap/asdk/build/atf/bl1/semihosting.o
                0x0000000070019210                semihosting_file_length
 .text.bl1_platform_setup
                0x0000000070019222        0x4 ../../../../amebasmart_gcc_project/project_ap/asdk/build/atf/bl1/sheipa_bl1_setup.o
                0x0000000070019222                bl1_platform_setup
 .text.bl1_setup
                0x0000000070019226        0xe ../../../../amebasmart_gcc_project/project_ap/asdk/build/atf/bl1/bl1_main.o
                0x0000000070019226                bl1_setup
 .text.bl1_print_next_bl_ep_info
                0x0000000070019234        0x4 ../../../../amebasmart_gcc_project/project_ap/asdk/build/atf/bl1/bl1_main.o
                0x0000000070019234                bl1_print_next_bl_ep_info
 .text.bl1_smc_wrapper
                0x0000000070019238       0x22 ../../../../amebasmart_gcc_project/project_ap/asdk/build/atf/bl1/bl1_main.o
                0x0000000070019238                bl1_smc_wrapper
 .text.bl1_arch_setup
                0x000000007001925a        0x2 ../../../../amebasmart_gcc_project/project_ap/asdk/build/atf/bl1/bl1_arch_setup.o
                0x000000007001925a                bl1_arch_setup
 .text.bl1_plat_get_next_image_id
                0x000000007001925c        0x4 ../../../../amebasmart_gcc_project/project_ap/asdk/build/atf/bl1/plat_bl1_common.o
                0x000000007001925c                bl1_plat_get_next_image_id
 .text.bl1_plat_set_ep_info
                0x0000000070019260        0x2 ../../../../amebasmart_gcc_project/project_ap/asdk/build/atf/bl1/plat_bl1_common.o
                0x0000000070019260                bl1_plat_set_ep_info
 .text.bl1_plat_handle_pre_image_load
                0x0000000070019262        0x4 ../../../../amebasmart_gcc_project/project_ap/asdk/build/atf/bl1/plat_bl1_common.o
                0x0000000070019262                bl1_plat_handle_pre_image_load
 .text.bl1_plat_handle_post_image_load
                0x0000000070019266       0x24 ../../../../amebasmart_gcc_project/project_ap/asdk/build/atf/bl1/plat_bl1_common.o
                0x0000000070019266                bl1_plat_handle_post_image_load
 .text.cm_init_my_context
                0x000000007001928a       0x18 ../../../../amebasmart_gcc_project/project_ap/asdk/build/atf/bl1/context_mgmt.o
                0x000000007001928a                cm_init_my_context
 .text.load_auth_image
                0x00000000700192a2       0x90 ../../../../amebasmart_gcc_project/project_ap/asdk/build/atf/bl1/bl_common.o
                0x00000000700192a2                load_auth_image
 .text.print_entry_point_info
                0x0000000070019332        0x2 ../../../../amebasmart_gcc_project/project_ap/asdk/build/atf/bl1/bl_common.o
                0x0000000070019332                print_entry_point_info
 .text.console_set_scope
                0x0000000070019334       0x14 ../../../../amebasmart_gcc_project/project_ap/asdk/build/atf/bl1/multi_console.o
                0x0000000070019334                console_set_scope
 .text.plat_error_handler
                0x0000000070019348        0x4 ../../../../amebasmart_gcc_project/project_ap/asdk/build/atf/bl1/plat_bl_common.o
                0x0000000070019348                plat_error_handler
 .text.plat_try_next_boot_source
                0x000000007001934c        0x4 ../../../../amebasmart_gcc_project/project_ap/asdk/build/atf/bl1/plat_bl_common.o
                0x000000007001934c                plat_try_next_boot_source
 .text.__ctzdi2
                0x0000000070019350       0x20 ../../../../amebasmart_gcc_project/project_ap/asdk/build/atf/bl1/ctzdi2.o
                0x0000000070019350                __ctzdi2
 .text.__udivmoddi4
                0x0000000070019370      0x17c ../../../../amebasmart_gcc_project/project_ap/asdk/build/atf/bl1/udivmoddi4.o
                0x0000000070019370                __udivmoddi4
 .text.xlat_arch_get_max_supported_pa
                0x00000000700194ec        0x8 ../../../../amebasmart_gcc_project/project_ap/asdk/build/atf/bl1/xlat_tables_arch.o
                0x00000000700194ec                xlat_arch_get_max_supported_pa
 .text.xlat_get_min_virt_addr_space_size
                0x00000000700194f4        0x6 ../../../../amebasmart_gcc_project/project_ap/asdk/build/atf/bl1/xlat_tables_arch.o
                0x00000000700194f4                xlat_get_min_virt_addr_space_size
 .text.is_dcache_enabled
                0x00000000700194fa       0x1c ../../../../amebasmart_gcc_project/project_ap/asdk/build/atf/bl1/xlat_tables_arch.o
                0x00000000700194fa                is_dcache_enabled
 .text.xlat_arch_regime_get_xn_desc
                0x0000000070019516       0x1e ../../../../amebasmart_gcc_project/project_ap/asdk/build/atf/bl1/xlat_tables_arch.o
                0x0000000070019516                xlat_arch_regime_get_xn_desc
 .text.xlat_arch_current_el
                0x0000000070019534       0x32 ../../../../amebasmart_gcc_project/project_ap/asdk/build/atf/bl1/xlat_tables_arch.o
                0x0000000070019534                xlat_arch_current_el
 .text.is_mmu_enabled_ctx
                0x0000000070019566       0x30 ../../../../amebasmart_gcc_project/project_ap/asdk/build/atf/bl1/xlat_tables_arch.o
                0x0000000070019566                is_mmu_enabled_ctx
 .text.xlat_clean_dcache_range
                0x0000000070019596       0x1a ../../../../amebasmart_gcc_project/project_ap/asdk/build/atf/bl1/xlat_tables_core.o
 .text.xlat_desc
                0x00000000700195b0       0xae ../../../../amebasmart_gcc_project/project_ap/asdk/build/atf/bl1/xlat_tables_core.o
                0x00000000700195b0                xlat_desc
 .text.xlat_tables_map_region
                0x000000007001965e      0x16a ../../../../amebasmart_gcc_project/project_ap/asdk/build/atf/bl1/xlat_tables_core.o
 .text.mmap_add_ctx
                0x00000000700197c8       0x18 ../../../../amebasmart_gcc_project/project_ap/asdk/build/atf/bl1/xlat_tables_core.o
                0x00000000700197c8                mmap_add_ctx
 .text.xlat_mmap_print
                0x00000000700197e0        0x2 ../../../../amebasmart_gcc_project/project_ap/asdk/build/atf/bl1/xlat_tables_utils.o
                0x00000000700197e0                xlat_mmap_print
 .text.xlat_tables_print
                0x00000000700197e2        0x2 ../../../../amebasmart_gcc_project/project_ap/asdk/build/atf/bl1/xlat_tables_utils.o
                0x00000000700197e2                xlat_tables_print
 .text.__assert
                0x00000000700197e4        0xa ../../../../amebasmart_gcc_project/project_ap/asdk/build/atf/lib/libc.a(assert.o)
                0x00000000700197e4                __assert
 .text.memcmp   0x00000000700197ee       0x1c ../../../../amebasmart_gcc_project/project_ap/asdk/build/atf/lib/libc.a(memcmp.o)
                0x00000000700197ee                memcmp
 .text.memcpy   0x000000007001980a       0x16 ../../../../amebasmart_gcc_project/project_ap/asdk/build/atf/lib/libc.a(memcpy.o)
                0x000000007001980a                memcpy
 .text.memmove  0x0000000070019820       0x2c ../../../../amebasmart_gcc_project/project_ap/asdk/build/atf/lib/libc.a(memmove.o)
                0x0000000070019820                memmove
 .text.unsigned_num_print
                0x000000007001984c       0x80 ../../../../amebasmart_gcc_project/project_ap/asdk/build/atf/lib/libc.a(printf.o)
 .text.putchar  0x00000000700198cc       0x1a ../../../../amebasmart_gcc_project/project_ap/asdk/build/atf/lib/libc.a(putchar.o)
                0x00000000700198cc                putchar
 .text.strlen   0x00000000700198e6       0x10 ../../../../amebasmart_gcc_project/project_ap/asdk/build/atf/lib/libc.a(strlen.o)
                0x00000000700198e6                strlen
 *(.vectors)
 *fill*         0x00000000700198f6        0xa 
 .vectors       0x0000000070019900       0x20 ../../../../amebasmart_gcc_project/project_ap/asdk/build/atf/bl1/bl1_entrypoint.o
                0x0000000070019900                bl1_vector_table
 .vectors.__stub
                0x0000000070019920       0x28 linker stubs
                0x000000007001a000                . = ALIGN (0x1000)
 *fill*         0x0000000070019948      0x6b8 
                0x000000007001a000                __TEXT_END__ = .

.glue_7         0x000000007001a000        0x0
 .glue_7        0x000000007001a000        0x0 linker stubs

.glue_7t        0x000000007001a000        0x0
 .glue_7t       0x000000007001a000        0x0 linker stubs

.vfp11_veneer   0x000000007001a000        0x0
 .vfp11_veneer  0x000000007001a000        0x0 linker stubs

.v4_bx          0x000000007001a000        0x0
 .v4_bx         0x000000007001a000        0x0 linker stubs

.iplt           0x000000007001a000        0x0
 .iplt          0x000000007001a000        0x0 ../../../../amebasmart_gcc_project/project_ap/asdk/build/atf/bl1/io_semihosting.o

.ARM.extab
 *(.ARM.extab* .gnu.linkonce.armextab.*)

.ARM.exidx
 *(.ARM.exidx* .gnu.linkonce.armexidx.*)

.rodata         0x000000007001a000      0x680
                0x000000007001a000                __RODATA_START__ = .
 *(SORT_BY_ALIGNMENT(.rodata*))
 .rodata.plat_sheipa_mmap
                0x000000007001a000       0x90 ../../../../amebasmart_gcc_project/project_ap/asdk/build/atf/bl1/sheipa_common.o
 .rodata.sh_dev_connector
                0x000000007001a090        0x4 ../../../../amebasmart_gcc_project/project_ap/asdk/build/atf/bl1/io_semihosting.o
 .rodata.sh_dev_funcs
                0x000000007001a094       0x24 ../../../../amebasmart_gcc_project/project_ap/asdk/build/atf/bl1/io_semihosting.o
 .rodata.sh_dev_info
                0x000000007001a0b8        0x8 ../../../../amebasmart_gcc_project/project_ap/asdk/build/atf/bl1/io_semihosting.o
 .rodata.fip_dev_connector
                0x000000007001a0c0        0x4 ../../../../amebasmart_gcc_project/project_ap/asdk/build/atf/bl1/io_fip.o
 .rodata.fip_dev_funcs
                0x000000007001a0c4       0x24 ../../../../amebasmart_gcc_project/project_ap/asdk/build/atf/bl1/io_fip.o
 .rodata.memmap_dev_connector
                0x000000007001a0e8        0x4 ../../../../amebasmart_gcc_project/project_ap/asdk/build/atf/bl1/io_memmap.o
 .rodata.memmap_dev_funcs
                0x000000007001a0ec       0x24 ../../../../amebasmart_gcc_project/project_ap/asdk/build/atf/bl1/io_memmap.o
 .rodata.memmap_dev_info
                0x000000007001a110        0x8 ../../../../amebasmart_gcc_project/project_ap/asdk/build/atf/bl1/io_memmap.o
 .rodata.fip_block_spec
                0x000000007001a118        0x8 ../../../../amebasmart_gcc_project/project_ap/asdk/build/atf/bl1/sheipa_io_storage.o
 .rodata.policies
                0x000000007001a120      0x114 ../../../../amebasmart_gcc_project/project_ap/asdk/build/atf/bl1/sheipa_io_storage.o
 .rodata.sh_file_spec
                0x000000007001a234       0xb8 ../../../../amebasmart_gcc_project/project_ap/asdk/build/atf/bl1/sheipa_io_storage.o
 .rodata.plat_prefix_str
                0x000000007001a2ec       0x14 ../../../../amebasmart_gcc_project/project_ap/asdk/build/atf/bl1/plat_log_common.o
 .rodata.uuid_null
                0x000000007001a300       0x10 ../../../../amebasmart_gcc_project/project_ap/asdk/build/atf/bl1/io_fip.o
 .rodata.str1.1
                0x000000007001a310       0x43 ../../../../amebasmart_gcc_project/project_ap/asdk/build/atf/bl1/sheipa_io_storage.o
 .rodata.bl2_uuid_spec
                0x000000007001a353       0x10 ../../../../amebasmart_gcc_project/project_ap/asdk/build/atf/bl1/sheipa_io_storage.o
 .rodata.bl31_uuid_spec
                0x000000007001a363       0x10 ../../../../amebasmart_gcc_project/project_ap/asdk/build/atf/bl1/sheipa_io_storage.o
 .rodata.bl32_extra1_uuid_spec
                0x000000007001a373       0x10 ../../../../amebasmart_gcc_project/project_ap/asdk/build/atf/bl1/sheipa_io_storage.o
 .rodata.bl32_extra2_uuid_spec
                0x000000007001a383       0x10 ../../../../amebasmart_gcc_project/project_ap/asdk/build/atf/bl1/sheipa_io_storage.o
 .rodata.bl32_uuid_spec
                0x000000007001a393       0x10 ../../../../amebasmart_gcc_project/project_ap/asdk/build/atf/bl1/sheipa_io_storage.o
 .rodata.bl33_uuid_spec
                0x000000007001a3a3       0x10 ../../../../amebasmart_gcc_project/project_ap/asdk/build/atf/bl1/sheipa_io_storage.o
 .rodata.bl1_main.str1.1
                0x000000007001a3b3       0x82 ../../../../amebasmart_gcc_project/project_ap/asdk/build/atf/bl1/bl1_main.o
 .rodata.str1.1
                0x000000007001a435       0x32 ../../../../amebasmart_gcc_project/project_ap/asdk/build/atf/bl1/plat_log_common.o
 .rodata.mmap_add_region_ctx.str1.1
                0x000000007001a467       0x2b ../../../../amebasmart_gcc_project/project_ap/asdk/build/atf/bl1/xlat_tables_core.o
 .rodata.init_xlat_tables_ctx.str1.1
                0x000000007001a492       0x4f ../../../../amebasmart_gcc_project/project_ap/asdk/build/atf/bl1/xlat_tables_core.o
 .rodata.str1.1
                0x000000007001a4e1       0x29 ../../../../amebasmart_gcc_project/project_ap/asdk/build/atf/bl1/bl1_entrypoint.o
 .rodata.str1.1
                0x000000007001a50a       0x1f ../../../../amebasmart_gcc_project/project_ap/asdk/build/atf/bl1/cpu_helpers.o
 .rodata.panic_str
                0x000000007001a529       0x14 ../../../../amebasmart_gcc_project/project_ap/asdk/build/atf/bl1/debug.o
 .rodata.assert_str
                0x000000007001a53d       0x15 ../../../../amebasmart_gcc_project/project_ap/asdk/build/atf/bl1/debug.o
 .rodata.str1.1
                0x000000007001a552       0x1b ../../../../amebasmart_gcc_project/project_ap/asdk/build/atf/bl1/misc_helpers.o
 .rodata.rev_err_str
                0x000000007001a56d       0x89 ../../../../amebasmart_gcc_project/project_ap/asdk/build/atf/bl1/plat_helpers.o
 .rodata.str1.1
                0x000000007001a5f6       0x2d ../../../../amebasmart_gcc_project/project_ap/asdk/build/atf/bl1/sheipa_console.o
 .rodata.str1.1
                0x000000007001a623       0x28 ../../../../amebasmart_gcc_project/project_ap/asdk/build/atf/bl1/enable_mmu.o
 .rodata.vprintf.str1.1
                0x000000007001a64b        0x3 ../../../../amebasmart_gcc_project/project_ap/asdk/build/atf/lib/libc.a(printf.o)
                0x000000007001a650                . = ALIGN (0x4)
 *fill*         0x000000007001a64e        0x2 
                0x000000007001a650                __RT_SVC_DESCS_START__ = .
 *(rt_svc_descs)
                0x000000007001a650                __RT_SVC_DESCS_END__ = .
                0x000000007001a650                . = ALIGN (0x4)
                0x000000007001a650                __FCONF_POPULATOR_START__ = .
 *(.fconf_populator)
                0x000000007001a650                __FCONF_POPULATOR_END__ = .
                0x000000007001a650                . = ALIGN (0x4)
                0x000000007001a650                __PMF_SVC_DESCS_START__ = .
 *(pmf_svc_descs)
                0x000000007001a650                __PMF_SVC_DESCS_END__ = .
                0x000000007001a650                . = ALIGN (0x4)
                0x000000007001a650                __PARSER_LIB_DESCS_START__ = .
 *(.img_parser_lib_descs)
                0x000000007001a650                __PARSER_LIB_DESCS_END__ = .
                0x000000007001a650                . = ALIGN (0x4)
                0x000000007001a650                __CPU_OPS_START__ = .
 *(cpu_ops)
 cpu_ops        0x000000007001a650        0xc ../../../../amebasmart_gcc_project/project_ap/asdk/build/atf/bl1/aem_generic.o
 cpu_ops        0x000000007001a65c        0xc ../../../../amebasmart_gcc_project/project_ap/asdk/build/atf/bl1/cortex_a7.o
 cpu_ops        0x000000007001a668        0xc ../../../../amebasmart_gcc_project/project_ap/asdk/build/atf/bl1/cortex_a32.o
                0x000000007001a674                __CPU_OPS_END__ = .
                0x000000007001a674                . = ALIGN (0x4)
                0x000000007001a674                __GOT_START__ = .
 *(.got)
                0x000000007001a674                __GOT_END__ = .
                0x000000007001a674                __RODATA_END__ = .
                0x000000007001a680                . = ALIGN (0x10)
 *fill*         0x000000007001a674        0xc 
                0x0000000000000001                ASSERT ((__CPU_OPS_END__ > __CPU_OPS_START__), cpu_ops not defined for this platform.)

.rel.dyn        0x000000007001a680        0x0
 .rel.iplt      0x000000007001a680        0x0 ../../../../amebasmart_gcc_project/project_ap/asdk/build/atf/bl1/io_semihosting.o
                0x0000000070037000                . = 0x70037000
                0x0000000000000001                ASSERT ((0x70037000 == ALIGN (0x1000)), BL1_RW_BASE address is not aligned on a page boundary.)

.data           0x0000000070037000       0x89 load address 0x000000007001a680
                0x0000000070037000                __DATA_RAM_START__ = .
 *(SORT_BY_ALIGNMENT(.data*))
 .data.tf_xlat_ctx
                0x0000000070037000       0x40 ../../../../amebasmart_gcc_project/project_ap/asdk/build/atf/bl1/xlat_tables_context.o
 .data.bl2_img_desc.0
                0x0000000070037040       0x44 ../../../../amebasmart_gcc_project/project_ap/asdk/build/atf/bl1/plat_bl1_common.o
 .data.max_log_level
                0x0000000070037084        0x4 ../../../../amebasmart_gcc_project/project_ap/asdk/build/atf/bl1/tf_log.o
 .data.console_state
                0x0000000070037088        0x1 ../../../../amebasmart_gcc_project/project_ap/asdk/build/atf/bl1/multi_console.o
                0x0000000070037088                console_state
                0x0000000070037089                __DATA_RAM_END__ = .

.igot.plt       0x000000007003708c        0x0 load address 0x000000007001a709
 .igot.plt      0x000000007003708c        0x0 ../../../../amebasmart_gcc_project/project_ap/asdk/build/atf/bl1/io_semihosting.o

stacks          0x0000000070037089     0x1037
                0x0000000070037089                __STACKS_START__ = .
 *(tzfw_normal_stacks)
 *fill*         0x0000000070037089       0x37 
 tzfw_normal_stacks
                0x00000000700370c0     0x1000 ../../../../amebasmart_gcc_project/project_ap/asdk/build/atf/bl1/platform_up_stack.o
                0x00000000700380c0                __STACKS_END__ = .

.bss            0x00000000700380c0      0x420
                0x00000000700380c0                __BSS_START__ = .
 *(SORT_BY_ALIGNMENT(.bss*))
 .bss.current_file
                0x00000000700380c0       0x30 ../../../../amebasmart_gcc_project/project_ap/asdk/build/atf/bl1/io_fip.o
 .bss.current_file
                0x00000000700380f0       0x18 ../../../../amebasmart_gcc_project/project_ap/asdk/build/atf/bl1/io_memmap.o
 .bss.bl1_cpu_context
                0x0000000070038108       0x40 ../../../../amebasmart_gcc_project/project_ap/asdk/build/atf/bl1/bl1_context_mgmt.o
 .bss.bl1_smc_context
                0x0000000070038148      0x120 ../../../../amebasmart_gcc_project/project_ap/asdk/build/atf/bl1/bl1_context_mgmt.o
 .bss.mmu_cfg_params
                0x0000000070038268       0x18 ../../../../amebasmart_gcc_project/project_ap/asdk/build/atf/bl1/xlat_tables_context.o
                0x0000000070038268                mmu_cfg_params
 .bss.tf_mmap   0x0000000070038280      0x198 ../../../../amebasmart_gcc_project/project_ap/asdk/build/atf/bl1/xlat_tables_context.o
 .bss.dev_count
                0x0000000070038418        0x4 ../../../../amebasmart_gcc_project/project_ap/asdk/build/atf/bl1/io_storage.o
 .bss.entity_count
                0x000000007003841c        0x4 ../../../../amebasmart_gcc_project/project_ap/asdk/build/atf/bl1/io_storage.o
 .bss.entity_map
                0x0000000070038420       0x10 ../../../../amebasmart_gcc_project/project_ap/asdk/build/atf/bl1/io_storage.o
 .bss.entity_pool
                0x0000000070038430       0x20 ../../../../amebasmart_gcc_project/project_ap/asdk/build/atf/bl1/io_storage.o
 .bss.backend_dev_handle
                0x0000000070038450        0x4 ../../../../amebasmart_gcc_project/project_ap/asdk/build/atf/bl1/io_fip.o
 .bss.backend_image_spec
                0x0000000070038454        0x4 ../../../../amebasmart_gcc_project/project_ap/asdk/build/atf/bl1/io_fip.o
 .bss.dev_info_pool
                0x0000000070038458        0x8 ../../../../amebasmart_gcc_project/project_ap/asdk/build/atf/bl1/io_fip.o
 .bss.fip_dev_count
                0x0000000070038460        0x4 ../../../../amebasmart_gcc_project/project_ap/asdk/build/atf/bl1/io_fip.o
 .bss.state_pool
                0x0000000070038464        0x8 ../../../../amebasmart_gcc_project/project_ap/asdk/build/atf/bl1/io_fip.o
 .bss.fip_dev_con
                0x000000007003846c        0x4 ../../../../amebasmart_gcc_project/project_ap/asdk/build/atf/bl1/sheipa_io_storage.o
 .bss.fip_dev_handle
                0x0000000070038470        0x4 ../../../../amebasmart_gcc_project/project_ap/asdk/build/atf/bl1/sheipa_io_storage.o
 .bss.memmap_dev_con
                0x0000000070038474        0x4 ../../../../amebasmart_gcc_project/project_ap/asdk/build/atf/bl1/sheipa_io_storage.o
 .bss.memmap_dev_handle
                0x0000000070038478        0x4 ../../../../amebasmart_gcc_project/project_ap/asdk/build/atf/bl1/sheipa_io_storage.o
 .bss.sh_dev_con
                0x000000007003847c        0x4 ../../../../amebasmart_gcc_project/project_ap/asdk/build/atf/bl1/sheipa_io_storage.o
 .bss.sh_dev_handle
                0x0000000070038480        0x4 ../../../../amebasmart_gcc_project/project_ap/asdk/build/atf/bl1/sheipa_io_storage.o
 .bss.bl1_tzram_layout
                0x0000000070038484        0x8 ../../../../amebasmart_gcc_project/project_ap/asdk/build/atf/bl1/sheipa_bl1_setup.o
 .bss.bl1_next_cpu_context_ptr
                0x000000007003848c        0x4 ../../../../amebasmart_gcc_project/project_ap/asdk/build/atf/bl1/bl1_context_mgmt.o
 .bss.bl1_next_smc_context_ptr
                0x0000000070038490        0x4 ../../../../amebasmart_gcc_project/project_ap/asdk/build/atf/bl1/bl1_context_mgmt.o
 .bss.console_list
                0x0000000070038494        0x4 ../../../../amebasmart_gcc_project/project_ap/asdk/build/atf/bl1/multi_console.o
                0x0000000070038494                console_list
 .bss.console   0x0000000070038498       0x1c ../../../../amebasmart_gcc_project/project_ap/asdk/build/atf/bl1/sheipa_console_setup.o
 *(COMMON)
                0x00000000700384c0                . = ALIGN (0x40)
 *fill*         0x00000000700384b4        0xc 
                0x00000000700384c0                __PMF_TIMESTAMP_START__ = .
 *(pmf_timestamp_array)
                0x00000000700384c0                . = ALIGN (0x40)
                0x00000000700384c0                __PMF_PERCPU_TIMESTAMP_END__ = .
                0x0000000000000000                __PERCPU_TIMESTAMP_SIZE__ = ABSOLUTE ((. - __PMF_TIMESTAMP_START__))
                0x00000000700384c0                . = (. + (__PERCPU_TIMESTAMP_SIZE__ * 0x1))
                0x00000000700384c0                __PMF_TIMESTAMP_END__ = .
                0x00000000700384c0                . = ALIGN (0x10)
 *(base_xlat_table)
 base_xlat_table
                0x00000000700384c0       0x20 ../../../../amebasmart_gcc_project/project_ap/asdk/build/atf/bl1/xlat_tables_context.o
                0x00000000700384e0                __BSS_END__ = .

xlat_table      0x0000000070039000     0xa000
 *(xlat_table)
 xlat_table     0x0000000070039000     0xa000 ../../../../amebasmart_gcc_project/project_ap/asdk/build/atf/bl1/xlat_tables_context.o

coherent_ram    0x0000000070043000        0x0
                0x0000000070043000                __COHERENT_RAM_START__ = .
 *(tzfw_coherent_mem)
                0x0000000070043000                __COHERENT_RAM_END_UNALIGNED__ = .
                0x0000000070043000                . = ALIGN (0x1000)
                0x0000000070043000                __COHERENT_RAM_END__ = .
                0x0000000070037000                __BL1_RAM_START__ = ADDR (.data)
                0x0000000070043000                __BL1_RAM_END__ = .
                0x000000007001a680                __DATA_ROM_START__ = LOADADDR (.data)
                0x0000000000000089                __DATA_SIZE__ = SIZEOF (.data)
                0x000000007001a709                __BL1_ROM_END__ = (__DATA_ROM_START__ + __DATA_SIZE__)
                0x0000000000000001                ASSERT ((__BL1_ROM_END__ <= 0x70037000), BL1's ROM content has exceeded its limit.)
                0x0000000000000420                __BSS_SIZE__ = SIZEOF (.bss)
                0x0000000000000000                __COHERENT_RAM_UNALIGNED_SIZE__ = (__COHERENT_RAM_END_UNALIGNED__ - __COHERENT_RAM_START__)
                0x0000000000000001                ASSERT ((. <= 0x70047000), BL1's RW section has exceeded its limit.)
LOAD ../../../../amebasmart_gcc_project/project_ap/asdk/build/atf/bl1/build_message.o
LOAD ../../../../amebasmart_gcc_project/project_ap/asdk/build/atf/bl1/io_semihosting.o
LOAD ../../../../amebasmart_gcc_project/project_ap/asdk/build/atf/bl1/io_storage.o
LOAD ../../../../amebasmart_gcc_project/project_ap/asdk/build/atf/bl1/io_fip.o
LOAD ../../../../amebasmart_gcc_project/project_ap/asdk/build/atf/bl1/io_memmap.o
LOAD ../../../../amebasmart_gcc_project/project_ap/asdk/build/atf/bl1/semihosting.o
LOAD ../../../../amebasmart_gcc_project/project_ap/asdk/build/atf/bl1/sheipa_io_storage.o
LOAD ../../../../amebasmart_gcc_project/project_ap/asdk/build/atf/bl1/sheipa_bl1_setup.o
LOAD ../../../../amebasmart_gcc_project/project_ap/asdk/build/atf/bl1/bl1_main.o
LOAD ../../../../amebasmart_gcc_project/project_ap/asdk/build/atf/bl1/bl1_arch_setup.o
LOAD ../../../../amebasmart_gcc_project/project_ap/asdk/build/atf/bl1/bl1_context_mgmt.o
LOAD ../../../../amebasmart_gcc_project/project_ap/asdk/build/atf/bl1/plat_bl1_common.o
LOAD ../../../../amebasmart_gcc_project/project_ap/asdk/build/atf/bl1/errata_report.o
LOAD ../../../../amebasmart_gcc_project/project_ap/asdk/build/atf/bl1/context_mgmt.o
LOAD ../../../../amebasmart_gcc_project/project_ap/asdk/build/atf/bl1/bl_common.o
LOAD ../../../../amebasmart_gcc_project/project_ap/asdk/build/atf/bl1/tf_log.o
LOAD ../../../../amebasmart_gcc_project/project_ap/asdk/build/atf/bl1/multi_console.o
LOAD ../../../../amebasmart_gcc_project/project_ap/asdk/build/atf/bl1/plat_bl_common.o
LOAD ../../../../amebasmart_gcc_project/project_ap/asdk/build/atf/bl1/plat_log_common.o
LOAD ../../../../amebasmart_gcc_project/project_ap/asdk/build/atf/bl1/plat_common.o
LOAD ../../../../amebasmart_gcc_project/project_ap/asdk/build/atf/bl1/popcountdi2.o
LOAD ../../../../amebasmart_gcc_project/project_ap/asdk/build/atf/bl1/popcountsi2.o
LOAD ../../../../amebasmart_gcc_project/project_ap/asdk/build/atf/bl1/ctzdi2.o
LOAD ../../../../amebasmart_gcc_project/project_ap/asdk/build/atf/bl1/divdi3.o
LOAD ../../../../amebasmart_gcc_project/project_ap/asdk/build/atf/bl1/divmoddi4.o
LOAD ../../../../amebasmart_gcc_project/project_ap/asdk/build/atf/bl1/lshrdi3.o
LOAD ../../../../amebasmart_gcc_project/project_ap/asdk/build/atf/bl1/udivmoddi4.o
LOAD ../../../../amebasmart_gcc_project/project_ap/asdk/build/atf/bl1/sheipa_common.o
LOAD ../../../../amebasmart_gcc_project/project_ap/asdk/build/atf/bl1/sheipa_console_setup.o
LOAD ../../../../amebasmart_gcc_project/project_ap/asdk/build/atf/bl1/sheipa_ipc.o
LOAD ../../../../amebasmart_gcc_project/project_ap/asdk/build/atf/bl1/sheipa_pm_ext.o
LOAD ../../../../amebasmart_gcc_project/project_ap/asdk/build/atf/bl1/xlat_tables_arch.o
LOAD ../../../../amebasmart_gcc_project/project_ap/asdk/build/atf/bl1/xlat_tables_context.o
LOAD ../../../../amebasmart_gcc_project/project_ap/asdk/build/atf/bl1/xlat_tables_core.o
LOAD ../../../../amebasmart_gcc_project/project_ap/asdk/build/atf/bl1/xlat_tables_utils.o
LOAD ../../../../amebasmart_gcc_project/project_ap/asdk/build/atf/bl1/semihosting_call.o
LOAD ../../../../amebasmart_gcc_project/project_ap/asdk/build/atf/bl1/aem_generic.o
LOAD ../../../../amebasmart_gcc_project/project_ap/asdk/build/atf/bl1/cortex_a7.o
LOAD ../../../../amebasmart_gcc_project/project_ap/asdk/build/atf/bl1/cortex_a32.o
LOAD ../../../../amebasmart_gcc_project/project_ap/asdk/build/atf/bl1/bl1_entrypoint.o
LOAD ../../../../amebasmart_gcc_project/project_ap/asdk/build/atf/bl1/bl1_entrypoint_rom.o
LOAD ../../../../amebasmart_gcc_project/project_ap/asdk/build/atf/bl1/bl1_entrypoint_sram.o
LOAD ../../../../amebasmart_gcc_project/project_ap/asdk/build/atf/bl1/bl1_exceptions.o
LOAD ../../../../amebasmart_gcc_project/project_ap/asdk/build/atf/bl1/platform_up_stack.o
LOAD ../../../../amebasmart_gcc_project/project_ap/asdk/build/atf/bl1/cpu_helpers.o
LOAD ../../../../amebasmart_gcc_project/project_ap/asdk/build/atf/bl1/dsu_helpers.o
LOAD ../../../../amebasmart_gcc_project/project_ap/asdk/build/atf/bl1/debug.o
LOAD ../../../../amebasmart_gcc_project/project_ap/asdk/build/atf/bl1/cache_helpers.o
LOAD ../../../../amebasmart_gcc_project/project_ap/asdk/build/atf/bl1/misc_helpers.o
LOAD ../../../../amebasmart_gcc_project/project_ap/asdk/build/atf/bl1/platform_helpers.o
LOAD ../../../../amebasmart_gcc_project/project_ap/asdk/build/atf/bl1/aeabi_ldivmod.o
LOAD ../../../../amebasmart_gcc_project/project_ap/asdk/build/atf/bl1/aeabi_uldivmod.o
LOAD ../../../../amebasmart_gcc_project/project_ap/asdk/build/atf/bl1/plat_helpers.o
LOAD ../../../../amebasmart_gcc_project/project_ap/asdk/build/atf/bl1/sheipa_console.o
LOAD ../../../../amebasmart_gcc_project/project_ap/asdk/build/atf/bl1/enable_mmu.o
LOAD ../../../../amebasmart_gcc_project/project_ap/asdk/build/atf/lib/libfdt.a
LOAD ../../../../amebasmart_gcc_project/project_ap/asdk/build/atf/lib/libc.a
OUTPUT(../../../../amebasmart_gcc_project/project_ap/asdk/build/atf/bl1/bl1.elf elf32-littlearm)
LOAD linker stubs

.debug_info     0x0000000000000000     0xbf32
 .debug_info    0x0000000000000000      0x945 ../../../../amebasmart_gcc_project/project_ap/asdk/build/atf/bl1/io_semihosting.o
 .debug_info    0x0000000000000945      0xf1d ../../../../amebasmart_gcc_project/project_ap/asdk/build/atf/bl1/io_storage.o
 .debug_info    0x0000000000001862      0xfe2 ../../../../amebasmart_gcc_project/project_ap/asdk/build/atf/bl1/io_fip.o
 .debug_info    0x0000000000002844      0x8fc ../../../../amebasmart_gcc_project/project_ap/asdk/build/atf/bl1/io_memmap.o
 .debug_info    0x0000000000003140      0x7ed ../../../../amebasmart_gcc_project/project_ap/asdk/build/atf/bl1/semihosting.o
 .debug_info    0x000000000000392d      0xb43 ../../../../amebasmart_gcc_project/project_ap/asdk/build/atf/bl1/sheipa_io_storage.o
 .debug_info    0x0000000000004470      0x241 ../../../../amebasmart_gcc_project/project_ap/asdk/build/atf/bl1/sheipa_bl1_setup.o
 .debug_info    0x00000000000046b1      0xc0a ../../../../amebasmart_gcc_project/project_ap/asdk/build/atf/bl1/bl1_main.o
 .debug_info    0x00000000000052bb      0x10e ../../../../amebasmart_gcc_project/project_ap/asdk/build/atf/bl1/bl1_arch_setup.o
 .debug_info    0x00000000000053c9      0xb25 ../../../../amebasmart_gcc_project/project_ap/asdk/build/atf/bl1/bl1_context_mgmt.o
 .debug_info    0x0000000000005eee      0x56b ../../../../amebasmart_gcc_project/project_ap/asdk/build/atf/bl1/plat_bl1_common.o
 .debug_info    0x0000000000006459      0xab7 ../../../../amebasmart_gcc_project/project_ap/asdk/build/atf/bl1/context_mgmt.o
 .debug_info    0x0000000000006f10      0x5ee ../../../../amebasmart_gcc_project/project_ap/asdk/build/atf/bl1/bl_common.o
 .debug_info    0x00000000000074fe      0x229 ../../../../amebasmart_gcc_project/project_ap/asdk/build/atf/bl1/tf_log.o
 .debug_info    0x0000000000007727      0x569 ../../../../amebasmart_gcc_project/project_ap/asdk/build/atf/bl1/multi_console.o
 .debug_info    0x0000000000007c90      0x472 ../../../../amebasmart_gcc_project/project_ap/asdk/build/atf/bl1/plat_bl_common.o
 .debug_info    0x0000000000008102      0x168 ../../../../amebasmart_gcc_project/project_ap/asdk/build/atf/bl1/plat_log_common.o
 .debug_info    0x000000000000826a      0x154 ../../../../amebasmart_gcc_project/project_ap/asdk/build/atf/bl1/ctzdi2.o
 .debug_info    0x00000000000083be      0x1f2 ../../../../amebasmart_gcc_project/project_ap/asdk/build/atf/bl1/udivmoddi4.o
 .debug_info    0x00000000000085b0      0x34b ../../../../amebasmart_gcc_project/project_ap/asdk/build/atf/bl1/sheipa_common.o
 .debug_info    0x00000000000088fb      0x267 ../../../../amebasmart_gcc_project/project_ap/asdk/build/atf/bl1/sheipa_console_setup.o
 .debug_info    0x0000000000008b62      0x8c0 ../../../../amebasmart_gcc_project/project_ap/asdk/build/atf/bl1/xlat_tables_arch.o
 .debug_info    0x0000000000009422      0x762 ../../../../amebasmart_gcc_project/project_ap/asdk/build/atf/bl1/xlat_tables_context.o
 .debug_info    0x0000000000009b84      0xe15 ../../../../amebasmart_gcc_project/project_ap/asdk/build/atf/bl1/xlat_tables_core.o
 .debug_info    0x000000000000a999      0x924 ../../../../amebasmart_gcc_project/project_ap/asdk/build/atf/bl1/xlat_tables_utils.o
 .debug_info    0x000000000000b2bd       0x26 ../../../../amebasmart_gcc_project/project_ap/asdk/build/atf/bl1/semihosting_call.o
 .debug_info    0x000000000000b2e3       0x22 ../../../../amebasmart_gcc_project/project_ap/asdk/build/atf/bl1/aem_generic.o
 .debug_info    0x000000000000b305       0x22 ../../../../amebasmart_gcc_project/project_ap/asdk/build/atf/bl1/cortex_a7.o
 .debug_info    0x000000000000b327       0x22 ../../../../amebasmart_gcc_project/project_ap/asdk/build/atf/bl1/cortex_a32.o
 .debug_info    0x000000000000b349       0x22 ../../../../amebasmart_gcc_project/project_ap/asdk/build/atf/bl1/bl1_entrypoint.o
 .debug_info    0x000000000000b36b       0x26 ../../../../amebasmart_gcc_project/project_ap/asdk/build/atf/bl1/bl1_entrypoint_rom.o
 .debug_info    0x000000000000b391       0x26 ../../../../amebasmart_gcc_project/project_ap/asdk/build/atf/bl1/bl1_entrypoint_sram.o
 .debug_info    0x000000000000b3b7       0x22 ../../../../amebasmart_gcc_project/project_ap/asdk/build/atf/bl1/bl1_exceptions.o
 .debug_info    0x000000000000b3d9       0x22 ../../../../amebasmart_gcc_project/project_ap/asdk/build/atf/bl1/platform_up_stack.o
 .debug_info    0x000000000000b3fb       0x22 ../../../../amebasmart_gcc_project/project_ap/asdk/build/atf/bl1/cpu_helpers.o
 .debug_info    0x000000000000b41d       0x22 ../../../../amebasmart_gcc_project/project_ap/asdk/build/atf/bl1/debug.o
 .debug_info    0x000000000000b43f       0x22 ../../../../amebasmart_gcc_project/project_ap/asdk/build/atf/bl1/cache_helpers.o
 .debug_info    0x000000000000b461       0x22 ../../../../amebasmart_gcc_project/project_ap/asdk/build/atf/bl1/misc_helpers.o
 .debug_info    0x000000000000b483       0x22 ../../../../amebasmart_gcc_project/project_ap/asdk/build/atf/bl1/platform_helpers.o
 .debug_info    0x000000000000b4a5       0x26 ../../../../amebasmart_gcc_project/project_ap/asdk/build/atf/bl1/aeabi_uldivmod.o
 .debug_info    0x000000000000b4cb       0x22 ../../../../amebasmart_gcc_project/project_ap/asdk/build/atf/bl1/plat_helpers.o
 .debug_info    0x000000000000b4ed       0x22 ../../../../amebasmart_gcc_project/project_ap/asdk/build/atf/bl1/sheipa_console.o
 .debug_info    0x000000000000b50f       0x22 ../../../../amebasmart_gcc_project/project_ap/asdk/build/atf/bl1/enable_mmu.o
 .debug_info    0x000000000000b531      0x119 ../../../../amebasmart_gcc_project/project_ap/asdk/build/atf/lib/libc.a(assert.o)
 .debug_info    0x000000000000b64a       0xff ../../../../amebasmart_gcc_project/project_ap/asdk/build/atf/lib/libc.a(memcmp.o)
 .debug_info    0x000000000000b749       0xd6 ../../../../amebasmart_gcc_project/project_ap/asdk/build/atf/lib/libc.a(memcpy.o)
 .debug_info    0x000000000000b81f      0x125 ../../../../amebasmart_gcc_project/project_ap/asdk/build/atf/lib/libc.a(memmove.o)
 .debug_info    0x000000000000b944      0x490 ../../../../amebasmart_gcc_project/project_ap/asdk/build/atf/lib/libc.a(printf.o)
 .debug_info    0x000000000000bdd4       0xcb ../../../../amebasmart_gcc_project/project_ap/asdk/build/atf/lib/libc.a(putchar.o)
 .debug_info    0x000000000000be9f       0x93 ../../../../amebasmart_gcc_project/project_ap/asdk/build/atf/lib/libc.a(strlen.o)

.debug_abbrev   0x0000000000000000     0x3710
 .debug_abbrev  0x0000000000000000      0x173 ../../../../amebasmart_gcc_project/project_ap/asdk/build/atf/bl1/io_semihosting.o
 .debug_abbrev  0x0000000000000173      0x32d ../../../../amebasmart_gcc_project/project_ap/asdk/build/atf/bl1/io_storage.o
 .debug_abbrev  0x00000000000004a0      0x2ff ../../../../amebasmart_gcc_project/project_ap/asdk/build/atf/bl1/io_fip.o
 .debug_abbrev  0x000000000000079f      0x196 ../../../../amebasmart_gcc_project/project_ap/asdk/build/atf/bl1/io_memmap.o
 .debug_abbrev  0x0000000000000935      0x18c ../../../../amebasmart_gcc_project/project_ap/asdk/build/atf/bl1/semihosting.o
 .debug_abbrev  0x0000000000000ac1      0x224 ../../../../amebasmart_gcc_project/project_ap/asdk/build/atf/bl1/sheipa_io_storage.o
 .debug_abbrev  0x0000000000000ce5      0x110 ../../../../amebasmart_gcc_project/project_ap/asdk/build/atf/bl1/sheipa_bl1_setup.o
 .debug_abbrev  0x0000000000000df5      0x28e ../../../../amebasmart_gcc_project/project_ap/asdk/build/atf/bl1/bl1_main.o
 .debug_abbrev  0x0000000000001083       0x69 ../../../../amebasmart_gcc_project/project_ap/asdk/build/atf/bl1/bl1_arch_setup.o
 .debug_abbrev  0x00000000000010ec      0x2ff ../../../../amebasmart_gcc_project/project_ap/asdk/build/atf/bl1/bl1_context_mgmt.o
 .debug_abbrev  0x00000000000013eb      0x1ba ../../../../amebasmart_gcc_project/project_ap/asdk/build/atf/bl1/plat_bl1_common.o
 .debug_abbrev  0x00000000000015a5      0x2f7 ../../../../amebasmart_gcc_project/project_ap/asdk/build/atf/bl1/context_mgmt.o
 .debug_abbrev  0x000000000000189c      0x1e8 ../../../../amebasmart_gcc_project/project_ap/asdk/build/atf/bl1/bl_common.o
 .debug_abbrev  0x0000000000001a84      0x11d ../../../../amebasmart_gcc_project/project_ap/asdk/build/atf/bl1/tf_log.o
 .debug_abbrev  0x0000000000001ba1      0x222 ../../../../amebasmart_gcc_project/project_ap/asdk/build/atf/bl1/multi_console.o
 .debug_abbrev  0x0000000000001dc3      0x2af ../../../../amebasmart_gcc_project/project_ap/asdk/build/atf/bl1/plat_bl_common.o
 .debug_abbrev  0x0000000000002072       0xbf ../../../../amebasmart_gcc_project/project_ap/asdk/build/atf/bl1/plat_log_common.o
 .debug_abbrev  0x0000000000002131       0xe2 ../../../../amebasmart_gcc_project/project_ap/asdk/build/atf/bl1/ctzdi2.o
 .debug_abbrev  0x0000000000002213      0x11b ../../../../amebasmart_gcc_project/project_ap/asdk/build/atf/bl1/udivmoddi4.o
 .debug_abbrev  0x000000000000232e      0x136 ../../../../amebasmart_gcc_project/project_ap/asdk/build/atf/bl1/sheipa_common.o
 .debug_abbrev  0x0000000000002464      0x102 ../../../../amebasmart_gcc_project/project_ap/asdk/build/atf/bl1/sheipa_console_setup.o
 .debug_abbrev  0x0000000000002566      0x2ab ../../../../amebasmart_gcc_project/project_ap/asdk/build/atf/bl1/xlat_tables_arch.o
 .debug_abbrev  0x0000000000002811      0x20a ../../../../amebasmart_gcc_project/project_ap/asdk/build/atf/bl1/xlat_tables_context.o
 .debug_abbrev  0x0000000000002a1b      0x31e ../../../../amebasmart_gcc_project/project_ap/asdk/build/atf/bl1/xlat_tables_core.o
 .debug_abbrev  0x0000000000002d39      0x2a1 ../../../../amebasmart_gcc_project/project_ap/asdk/build/atf/bl1/xlat_tables_utils.o
 .debug_abbrev  0x0000000000002fda       0x14 ../../../../amebasmart_gcc_project/project_ap/asdk/build/atf/bl1/semihosting_call.o
 .debug_abbrev  0x0000000000002fee       0x12 ../../../../amebasmart_gcc_project/project_ap/asdk/build/atf/bl1/aem_generic.o
 .debug_abbrev  0x0000000000003000       0x12 ../../../../amebasmart_gcc_project/project_ap/asdk/build/atf/bl1/cortex_a7.o
 .debug_abbrev  0x0000000000003012       0x12 ../../../../amebasmart_gcc_project/project_ap/asdk/build/atf/bl1/cortex_a32.o
 .debug_abbrev  0x0000000000003024       0x12 ../../../../amebasmart_gcc_project/project_ap/asdk/build/atf/bl1/bl1_entrypoint.o
 .debug_abbrev  0x0000000000003036       0x14 ../../../../amebasmart_gcc_project/project_ap/asdk/build/atf/bl1/bl1_entrypoint_rom.o
 .debug_abbrev  0x000000000000304a       0x14 ../../../../amebasmart_gcc_project/project_ap/asdk/build/atf/bl1/bl1_entrypoint_sram.o
 .debug_abbrev  0x000000000000305e       0x12 ../../../../amebasmart_gcc_project/project_ap/asdk/build/atf/bl1/bl1_exceptions.o
 .debug_abbrev  0x0000000000003070       0x12 ../../../../amebasmart_gcc_project/project_ap/asdk/build/atf/bl1/platform_up_stack.o
 .debug_abbrev  0x0000000000003082       0x12 ../../../../amebasmart_gcc_project/project_ap/asdk/build/atf/bl1/cpu_helpers.o
 .debug_abbrev  0x0000000000003094       0x12 ../../../../amebasmart_gcc_project/project_ap/asdk/build/atf/bl1/debug.o
 .debug_abbrev  0x00000000000030a6       0x12 ../../../../amebasmart_gcc_project/project_ap/asdk/build/atf/bl1/cache_helpers.o
 .debug_abbrev  0x00000000000030b8       0x12 ../../../../amebasmart_gcc_project/project_ap/asdk/build/atf/bl1/misc_helpers.o
 .debug_abbrev  0x00000000000030ca       0x12 ../../../../amebasmart_gcc_project/project_ap/asdk/build/atf/bl1/platform_helpers.o
 .debug_abbrev  0x00000000000030dc       0x14 ../../../../amebasmart_gcc_project/project_ap/asdk/build/atf/bl1/aeabi_uldivmod.o
 .debug_abbrev  0x00000000000030f0       0x12 ../../../../amebasmart_gcc_project/project_ap/asdk/build/atf/bl1/plat_helpers.o
 .debug_abbrev  0x0000000000003102       0x12 ../../../../amebasmart_gcc_project/project_ap/asdk/build/atf/bl1/sheipa_console.o
 .debug_abbrev  0x0000000000003114       0x12 ../../../../amebasmart_gcc_project/project_ap/asdk/build/atf/bl1/enable_mmu.o
 .debug_abbrev  0x0000000000003126       0x8c ../../../../amebasmart_gcc_project/project_ap/asdk/build/atf/lib/libc.a(assert.o)
 .debug_abbrev  0x00000000000031b2       0x94 ../../../../amebasmart_gcc_project/project_ap/asdk/build/atf/lib/libc.a(memcmp.o)
 .debug_abbrev  0x0000000000003246       0xa1 ../../../../amebasmart_gcc_project/project_ap/asdk/build/atf/lib/libc.a(memcpy.o)
 .debug_abbrev  0x00000000000032e7       0xc6 ../../../../amebasmart_gcc_project/project_ap/asdk/build/atf/lib/libc.a(memmove.o)
 .debug_abbrev  0x00000000000033ad      0x24a ../../../../amebasmart_gcc_project/project_ap/asdk/build/atf/lib/libc.a(printf.o)
 .debug_abbrev  0x00000000000035f7       0x95 ../../../../amebasmart_gcc_project/project_ap/asdk/build/atf/lib/libc.a(putchar.o)
 .debug_abbrev  0x000000000000368c       0x84 ../../../../amebasmart_gcc_project/project_ap/asdk/build/atf/lib/libc.a(strlen.o)

.debug_loc      0x0000000000000000     0x793f
 .debug_loc     0x0000000000000000      0x774 ../../../../amebasmart_gcc_project/project_ap/asdk/build/atf/bl1/io_semihosting.o
 .debug_loc     0x0000000000000774      0xd97 ../../../../amebasmart_gcc_project/project_ap/asdk/build/atf/bl1/io_storage.o
 .debug_loc     0x000000000000150b      0xa3b ../../../../amebasmart_gcc_project/project_ap/asdk/build/atf/bl1/io_fip.o
 .debug_loc     0x0000000000001f46      0x662 ../../../../amebasmart_gcc_project/project_ap/asdk/build/atf/bl1/io_memmap.o
 .debug_loc     0x00000000000025a8      0x559 ../../../../amebasmart_gcc_project/project_ap/asdk/build/atf/bl1/semihosting.o
 .debug_loc     0x0000000000002b01      0x43a ../../../../amebasmart_gcc_project/project_ap/asdk/build/atf/bl1/sheipa_io_storage.o
 .debug_loc     0x0000000000002f3b      0x5ac ../../../../amebasmart_gcc_project/project_ap/asdk/build/atf/bl1/bl1_main.o
 .debug_loc     0x00000000000034e7      0x34f ../../../../amebasmart_gcc_project/project_ap/asdk/build/atf/bl1/bl1_context_mgmt.o
 .debug_loc     0x0000000000003836      0x194 ../../../../amebasmart_gcc_project/project_ap/asdk/build/atf/bl1/plat_bl1_common.o
 .debug_loc     0x00000000000039ca      0x53e ../../../../amebasmart_gcc_project/project_ap/asdk/build/atf/bl1/context_mgmt.o
 .debug_loc     0x0000000000003f08      0x1a7 ../../../../amebasmart_gcc_project/project_ap/asdk/build/atf/bl1/bl_common.o
 .debug_loc     0x00000000000040af       0xa1 ../../../../amebasmart_gcc_project/project_ap/asdk/build/atf/bl1/tf_log.o
 .debug_loc     0x0000000000004150      0x2f1 ../../../../amebasmart_gcc_project/project_ap/asdk/build/atf/bl1/multi_console.o
 .debug_loc     0x0000000000004441      0x194 ../../../../amebasmart_gcc_project/project_ap/asdk/build/atf/bl1/plat_bl_common.o
 .debug_loc     0x00000000000045d5       0x96 ../../../../amebasmart_gcc_project/project_ap/asdk/build/atf/bl1/plat_log_common.o
 .debug_loc     0x000000000000466b       0x41 ../../../../amebasmart_gcc_project/project_ap/asdk/build/atf/bl1/ctzdi2.o
 .debug_loc     0x00000000000046ac      0x2da ../../../../amebasmart_gcc_project/project_ap/asdk/build/atf/bl1/udivmoddi4.o
 .debug_loc     0x0000000000004986      0x14b ../../../../amebasmart_gcc_project/project_ap/asdk/build/atf/bl1/sheipa_common.o
 .debug_loc     0x0000000000004ad1      0x462 ../../../../amebasmart_gcc_project/project_ap/asdk/build/atf/bl1/xlat_tables_arch.o
 .debug_loc     0x0000000000004f33      0x3a1 ../../../../amebasmart_gcc_project/project_ap/asdk/build/atf/bl1/xlat_tables_context.o
 .debug_loc     0x00000000000052d4     0x13ac ../../../../amebasmart_gcc_project/project_ap/asdk/build/atf/bl1/xlat_tables_core.o
 .debug_loc     0x0000000000006680      0x7a5 ../../../../amebasmart_gcc_project/project_ap/asdk/build/atf/bl1/xlat_tables_utils.o
 .debug_loc     0x0000000000006e25      0x11a ../../../../amebasmart_gcc_project/project_ap/asdk/build/atf/lib/libc.a(memcmp.o)
 .debug_loc     0x0000000000006f3f       0xa2 ../../../../amebasmart_gcc_project/project_ap/asdk/build/atf/lib/libc.a(memcpy.o)
 .debug_loc     0x0000000000006fe1      0x170 ../../../../amebasmart_gcc_project/project_ap/asdk/build/atf/lib/libc.a(memmove.o)
 .debug_loc     0x0000000000007151      0x785 ../../../../amebasmart_gcc_project/project_ap/asdk/build/atf/lib/libc.a(printf.o)
 .debug_loc     0x00000000000078d6       0x22 ../../../../amebasmart_gcc_project/project_ap/asdk/build/atf/lib/libc.a(putchar.o)
 .debug_loc     0x00000000000078f8       0x47 ../../../../amebasmart_gcc_project/project_ap/asdk/build/atf/lib/libc.a(strlen.o)

.debug_aranges  0x0000000000000000      0xc10
 .debug_aranges
                0x0000000000000000       0x60 ../../../../amebasmart_gcc_project/project_ap/asdk/build/atf/bl1/io_semihosting.o
 .debug_aranges
                0x0000000000000060       0x80 ../../../../amebasmart_gcc_project/project_ap/asdk/build/atf/bl1/io_storage.o
 .debug_aranges
                0x00000000000000e0       0x68 ../../../../amebasmart_gcc_project/project_ap/asdk/build/atf/bl1/io_fip.o
 .debug_aranges
                0x0000000000000148       0x68 ../../../../amebasmart_gcc_project/project_ap/asdk/build/atf/bl1/io_memmap.o
 .debug_aranges
                0x00000000000001b0       0x88 ../../../../amebasmart_gcc_project/project_ap/asdk/build/atf/bl1/semihosting.o
 .debug_aranges
                0x0000000000000238       0x38 ../../../../amebasmart_gcc_project/project_ap/asdk/build/atf/bl1/sheipa_io_storage.o
 .debug_aranges
                0x0000000000000270       0x38 ../../../../amebasmart_gcc_project/project_ap/asdk/build/atf/bl1/sheipa_bl1_setup.o
 .debug_aranges
                0x00000000000002a8       0x48 ../../../../amebasmart_gcc_project/project_ap/asdk/build/atf/bl1/bl1_main.o
 .debug_aranges
                0x00000000000002f0       0x20 ../../../../amebasmart_gcc_project/project_ap/asdk/build/atf/bl1/bl1_arch_setup.o
 .debug_aranges
                0x0000000000000310       0x50 ../../../../amebasmart_gcc_project/project_ap/asdk/build/atf/bl1/bl1_context_mgmt.o
 .debug_aranges
                0x0000000000000360       0x50 ../../../../amebasmart_gcc_project/project_ap/asdk/build/atf/bl1/plat_bl1_common.o
 .debug_aranges
                0x00000000000003b0       0x40 ../../../../amebasmart_gcc_project/project_ap/asdk/build/atf/bl1/context_mgmt.o
 .debug_aranges
                0x00000000000003f0       0x30 ../../../../amebasmart_gcc_project/project_ap/asdk/build/atf/bl1/bl_common.o
 .debug_aranges
                0x0000000000000420       0x28 ../../../../amebasmart_gcc_project/project_ap/asdk/build/atf/bl1/tf_log.o
 .debug_aranges
                0x0000000000000448       0x58 ../../../../amebasmart_gcc_project/project_ap/asdk/build/atf/bl1/multi_console.o
 .debug_aranges
                0x00000000000004a0       0x50 ../../../../amebasmart_gcc_project/project_ap/asdk/build/atf/bl1/plat_bl_common.o
 .debug_aranges
                0x00000000000004f0       0x20 ../../../../amebasmart_gcc_project/project_ap/asdk/build/atf/bl1/plat_log_common.o
 .debug_aranges
                0x0000000000000510       0x20 ../../../../amebasmart_gcc_project/project_ap/asdk/build/atf/bl1/ctzdi2.o
 .debug_aranges
                0x0000000000000530       0x20 ../../../../amebasmart_gcc_project/project_ap/asdk/build/atf/bl1/udivmoddi4.o
 .debug_aranges
                0x0000000000000550       0x28 ../../../../amebasmart_gcc_project/project_ap/asdk/build/atf/bl1/sheipa_common.o
 .debug_aranges
                0x0000000000000578       0x20 ../../../../amebasmart_gcc_project/project_ap/asdk/build/atf/bl1/sheipa_console_setup.o
 .debug_aranges
                0x0000000000000598       0x70 ../../../../amebasmart_gcc_project/project_ap/asdk/build/atf/bl1/xlat_tables_arch.o
 .debug_aranges
                0x0000000000000608       0x60 ../../../../amebasmart_gcc_project/project_ap/asdk/build/atf/bl1/xlat_tables_context.o
 .debug_aranges
                0x0000000000000668       0x50 ../../../../amebasmart_gcc_project/project_ap/asdk/build/atf/bl1/xlat_tables_core.o
 .debug_aranges
                0x00000000000006b8       0x40 ../../../../amebasmart_gcc_project/project_ap/asdk/build/atf/bl1/xlat_tables_utils.o
 .debug_aranges
                0x00000000000006f8       0x20 ../../../../amebasmart_gcc_project/project_ap/asdk/build/atf/bl1/semihosting_call.o
 .debug_aranges
                0x0000000000000718       0x30 ../../../../amebasmart_gcc_project/project_ap/asdk/build/atf/bl1/aem_generic.o
 .debug_aranges
                0x0000000000000748       0x48 ../../../../amebasmart_gcc_project/project_ap/asdk/build/atf/bl1/cortex_a7.o
 .debug_aranges
                0x0000000000000790       0x40 ../../../../amebasmart_gcc_project/project_ap/asdk/build/atf/bl1/cortex_a32.o
 .debug_aranges
                0x00000000000007d0       0x28 ../../../../amebasmart_gcc_project/project_ap/asdk/build/atf/bl1/bl1_entrypoint.o
 .debug_aranges
                0x00000000000007f8       0x20 ../../../../amebasmart_gcc_project/project_ap/asdk/build/atf/bl1/bl1_entrypoint_rom.o
 .debug_aranges
                0x0000000000000818       0x20 ../../../../amebasmart_gcc_project/project_ap/asdk/build/atf/bl1/bl1_entrypoint_sram.o
 .debug_aranges
                0x0000000000000838       0x28 ../../../../amebasmart_gcc_project/project_ap/asdk/build/atf/bl1/bl1_exceptions.o
 .debug_aranges
                0x0000000000000860       0x28 ../../../../amebasmart_gcc_project/project_ap/asdk/build/atf/bl1/platform_up_stack.o
 .debug_aranges
                0x0000000000000888       0x48 ../../../../amebasmart_gcc_project/project_ap/asdk/build/atf/bl1/cpu_helpers.o
 .debug_aranges
                0x00000000000008d0       0x50 ../../../../amebasmart_gcc_project/project_ap/asdk/build/atf/bl1/debug.o
 .debug_aranges
                0x0000000000000920       0x60 ../../../../amebasmart_gcc_project/project_ap/asdk/build/atf/bl1/cache_helpers.o
 .debug_aranges
                0x0000000000000980       0x40 ../../../../amebasmart_gcc_project/project_ap/asdk/build/atf/bl1/misc_helpers.o
 .debug_aranges
                0x00000000000009c0       0x58 ../../../../amebasmart_gcc_project/project_ap/asdk/build/atf/bl1/platform_helpers.o
 .debug_aranges
                0x0000000000000a18       0x20 ../../../../amebasmart_gcc_project/project_ap/asdk/build/atf/bl1/aeabi_uldivmod.o
 .debug_aranges
                0x0000000000000a38       0x80 ../../../../amebasmart_gcc_project/project_ap/asdk/build/atf/bl1/plat_helpers.o
 .debug_aranges
                0x0000000000000ab8       0x40 ../../../../amebasmart_gcc_project/project_ap/asdk/build/atf/bl1/sheipa_console.o
 .debug_aranges
                0x0000000000000af8       0x28 ../../../../amebasmart_gcc_project/project_ap/asdk/build/atf/bl1/enable_mmu.o
 .debug_aranges
                0x0000000000000b20       0x20 ../../../../amebasmart_gcc_project/project_ap/asdk/build/atf/lib/libc.a(assert.o)
 .debug_aranges
                0x0000000000000b40       0x20 ../../../../amebasmart_gcc_project/project_ap/asdk/build/atf/lib/libc.a(memcmp.o)
 .debug_aranges
                0x0000000000000b60       0x20 ../../../../amebasmart_gcc_project/project_ap/asdk/build/atf/lib/libc.a(memcpy.o)
 .debug_aranges
                0x0000000000000b80       0x20 ../../../../amebasmart_gcc_project/project_ap/asdk/build/atf/lib/libc.a(memmove.o)
 .debug_aranges
                0x0000000000000ba0       0x30 ../../../../amebasmart_gcc_project/project_ap/asdk/build/atf/lib/libc.a(printf.o)
 .debug_aranges
                0x0000000000000bd0       0x20 ../../../../amebasmart_gcc_project/project_ap/asdk/build/atf/lib/libc.a(putchar.o)
 .debug_aranges
                0x0000000000000bf0       0x20 ../../../../amebasmart_gcc_project/project_ap/asdk/build/atf/lib/libc.a(strlen.o)

.debug_ranges   0x0000000000000000     0x1018
 .debug_ranges  0x0000000000000000       0x50 ../../../../amebasmart_gcc_project/project_ap/asdk/build/atf/bl1/io_semihosting.o
 .debug_ranges  0x0000000000000050      0x110 ../../../../amebasmart_gcc_project/project_ap/asdk/build/atf/bl1/io_storage.o
 .debug_ranges  0x0000000000000160       0xe0 ../../../../amebasmart_gcc_project/project_ap/asdk/build/atf/bl1/io_fip.o
 .debug_ranges  0x0000000000000240       0x58 ../../../../amebasmart_gcc_project/project_ap/asdk/build/atf/bl1/io_memmap.o
 .debug_ranges  0x0000000000000298       0x78 ../../../../amebasmart_gcc_project/project_ap/asdk/build/atf/bl1/semihosting.o
 .debug_ranges  0x0000000000000310       0x48 ../../../../amebasmart_gcc_project/project_ap/asdk/build/atf/bl1/sheipa_io_storage.o
 .debug_ranges  0x0000000000000358       0x28 ../../../../amebasmart_gcc_project/project_ap/asdk/build/atf/bl1/sheipa_bl1_setup.o
 .debug_ranges  0x0000000000000380       0x60 ../../../../amebasmart_gcc_project/project_ap/asdk/build/atf/bl1/bl1_main.o
 .debug_ranges  0x00000000000003e0       0x10 ../../../../amebasmart_gcc_project/project_ap/asdk/build/atf/bl1/bl1_arch_setup.o
 .debug_ranges  0x00000000000003f0       0xd0 ../../../../amebasmart_gcc_project/project_ap/asdk/build/atf/bl1/bl1_context_mgmt.o
 .debug_ranges  0x00000000000004c0       0x40 ../../../../amebasmart_gcc_project/project_ap/asdk/build/atf/bl1/plat_bl1_common.o
 .debug_ranges  0x0000000000000500       0xa8 ../../../../amebasmart_gcc_project/project_ap/asdk/build/atf/bl1/context_mgmt.o
 .debug_ranges  0x00000000000005a8       0x58 ../../../../amebasmart_gcc_project/project_ap/asdk/build/atf/bl1/bl_common.o
 .debug_ranges  0x0000000000000600       0x18 ../../../../amebasmart_gcc_project/project_ap/asdk/build/atf/bl1/tf_log.o
 .debug_ranges  0x0000000000000618       0x90 ../../../../amebasmart_gcc_project/project_ap/asdk/build/atf/bl1/multi_console.o
 .debug_ranges  0x00000000000006a8       0x40 ../../../../amebasmart_gcc_project/project_ap/asdk/build/atf/bl1/plat_bl_common.o
 .debug_ranges  0x00000000000006e8       0x10 ../../../../amebasmart_gcc_project/project_ap/asdk/build/atf/bl1/plat_log_common.o
 .debug_ranges  0x00000000000006f8       0x10 ../../../../amebasmart_gcc_project/project_ap/asdk/build/atf/bl1/ctzdi2.o
 .debug_ranges  0x0000000000000708       0x10 ../../../../amebasmart_gcc_project/project_ap/asdk/build/atf/bl1/udivmoddi4.o
 .debug_ranges  0x0000000000000718       0x18 ../../../../amebasmart_gcc_project/project_ap/asdk/build/atf/bl1/sheipa_common.o
 .debug_ranges  0x0000000000000730       0x10 ../../../../amebasmart_gcc_project/project_ap/asdk/build/atf/bl1/sheipa_console_setup.o
 .debug_ranges  0x0000000000000740       0xd8 ../../../../amebasmart_gcc_project/project_ap/asdk/build/atf/bl1/xlat_tables_arch.o
 .debug_ranges  0x0000000000000818       0x50 ../../../../amebasmart_gcc_project/project_ap/asdk/build/atf/bl1/xlat_tables_context.o
 .debug_ranges  0x0000000000000868      0x278 ../../../../amebasmart_gcc_project/project_ap/asdk/build/atf/bl1/xlat_tables_core.o
 .debug_ranges  0x0000000000000ae0      0x108 ../../../../amebasmart_gcc_project/project_ap/asdk/build/atf/bl1/xlat_tables_utils.o
 .debug_ranges  0x0000000000000be8       0x28 ../../../../amebasmart_gcc_project/project_ap/asdk/build/atf/bl1/aem_generic.o
 .debug_ranges  0x0000000000000c10       0x40 ../../../../amebasmart_gcc_project/project_ap/asdk/build/atf/bl1/cortex_a7.o
 .debug_ranges  0x0000000000000c50       0x38 ../../../../amebasmart_gcc_project/project_ap/asdk/build/atf/bl1/cortex_a32.o
 .debug_ranges  0x0000000000000c88       0x20 ../../../../amebasmart_gcc_project/project_ap/asdk/build/atf/bl1/bl1_entrypoint.o
 .debug_ranges  0x0000000000000ca8       0x20 ../../../../amebasmart_gcc_project/project_ap/asdk/build/atf/bl1/bl1_exceptions.o
 .debug_ranges  0x0000000000000cc8       0x20 ../../../../amebasmart_gcc_project/project_ap/asdk/build/atf/bl1/platform_up_stack.o
 .debug_ranges  0x0000000000000ce8       0x40 ../../../../amebasmart_gcc_project/project_ap/asdk/build/atf/bl1/cpu_helpers.o
 .debug_ranges  0x0000000000000d28       0x48 ../../../../amebasmart_gcc_project/project_ap/asdk/build/atf/bl1/debug.o
 .debug_ranges  0x0000000000000d70       0x58 ../../../../amebasmart_gcc_project/project_ap/asdk/build/atf/bl1/cache_helpers.o
 .debug_ranges  0x0000000000000dc8       0x38 ../../../../amebasmart_gcc_project/project_ap/asdk/build/atf/bl1/misc_helpers.o
 .debug_ranges  0x0000000000000e00       0x50 ../../../../amebasmart_gcc_project/project_ap/asdk/build/atf/bl1/platform_helpers.o
 .debug_ranges  0x0000000000000e50       0x78 ../../../../amebasmart_gcc_project/project_ap/asdk/build/atf/bl1/plat_helpers.o
 .debug_ranges  0x0000000000000ec8       0x38 ../../../../amebasmart_gcc_project/project_ap/asdk/build/atf/bl1/sheipa_console.o
 .debug_ranges  0x0000000000000f00       0x20 ../../../../amebasmart_gcc_project/project_ap/asdk/build/atf/bl1/enable_mmu.o
 .debug_ranges  0x0000000000000f20       0x10 ../../../../amebasmart_gcc_project/project_ap/asdk/build/atf/lib/libc.a(assert.o)
 .debug_ranges  0x0000000000000f30       0x10 ../../../../amebasmart_gcc_project/project_ap/asdk/build/atf/lib/libc.a(memcmp.o)
 .debug_ranges  0x0000000000000f40       0x10 ../../../../amebasmart_gcc_project/project_ap/asdk/build/atf/lib/libc.a(memcpy.o)
 .debug_ranges  0x0000000000000f50       0x28 ../../../../amebasmart_gcc_project/project_ap/asdk/build/atf/lib/libc.a(memmove.o)
 .debug_ranges  0x0000000000000f78       0x80 ../../../../amebasmart_gcc_project/project_ap/asdk/build/atf/lib/libc.a(printf.o)
 .debug_ranges  0x0000000000000ff8       0x10 ../../../../amebasmart_gcc_project/project_ap/asdk/build/atf/lib/libc.a(putchar.o)
 .debug_ranges  0x0000000000001008       0x10 ../../../../amebasmart_gcc_project/project_ap/asdk/build/atf/lib/libc.a(strlen.o)

.debug_line     0x0000000000000000     0x6558
 .debug_line    0x0000000000000000      0x362 ../../../../amebasmart_gcc_project/project_ap/asdk/build/atf/bl1/io_semihosting.o
 .debug_line    0x0000000000000362      0x538 ../../../../amebasmart_gcc_project/project_ap/asdk/build/atf/bl1/io_storage.o
 .debug_line    0x000000000000089a      0x59c ../../../../amebasmart_gcc_project/project_ap/asdk/build/atf/bl1/io_fip.o
 .debug_line    0x0000000000000e36      0x3b0 ../../../../amebasmart_gcc_project/project_ap/asdk/build/atf/bl1/io_memmap.o
 .debug_line    0x00000000000011e6      0x3ee ../../../../amebasmart_gcc_project/project_ap/asdk/build/atf/bl1/semihosting.o
 .debug_line    0x00000000000015d4      0x303 ../../../../amebasmart_gcc_project/project_ap/asdk/build/atf/bl1/sheipa_io_storage.o
 .debug_line    0x00000000000018d7      0x133 ../../../../amebasmart_gcc_project/project_ap/asdk/build/atf/bl1/sheipa_bl1_setup.o
 .debug_line    0x0000000000001a0a      0x46f ../../../../amebasmart_gcc_project/project_ap/asdk/build/atf/bl1/bl1_main.o
 .debug_line    0x0000000000001e79       0x8a ../../../../amebasmart_gcc_project/project_ap/asdk/build/atf/bl1/bl1_arch_setup.o
 .debug_line    0x0000000000001f03      0x449 ../../../../amebasmart_gcc_project/project_ap/asdk/build/atf/bl1/bl1_context_mgmt.o
 .debug_line    0x000000000000234c      0x25d ../../../../amebasmart_gcc_project/project_ap/asdk/build/atf/bl1/plat_bl1_common.o
 .debug_line    0x00000000000025a9      0x4a4 ../../../../amebasmart_gcc_project/project_ap/asdk/build/atf/bl1/context_mgmt.o
 .debug_line    0x0000000000002a4d      0x315 ../../../../amebasmart_gcc_project/project_ap/asdk/build/atf/bl1/bl_common.o
 .debug_line    0x0000000000002d62      0x160 ../../../../amebasmart_gcc_project/project_ap/asdk/build/atf/bl1/tf_log.o
 .debug_line    0x0000000000002ec2      0x3b4 ../../../../amebasmart_gcc_project/project_ap/asdk/build/atf/bl1/multi_console.o
 .debug_line    0x0000000000003276      0x250 ../../../../amebasmart_gcc_project/project_ap/asdk/build/atf/bl1/plat_bl_common.o
 .debug_line    0x00000000000034c6       0x9d ../../../../amebasmart_gcc_project/project_ap/asdk/build/atf/bl1/plat_log_common.o
 .debug_line    0x0000000000003563       0x88 ../../../../amebasmart_gcc_project/project_ap/asdk/build/atf/bl1/ctzdi2.o
 .debug_line    0x00000000000035eb      0x391 ../../../../amebasmart_gcc_project/project_ap/asdk/build/atf/bl1/udivmoddi4.o
 .debug_line    0x000000000000397c      0x121 ../../../../amebasmart_gcc_project/project_ap/asdk/build/atf/bl1/sheipa_common.o
 .debug_line    0x0000000000003a9d       0xf9 ../../../../amebasmart_gcc_project/project_ap/asdk/build/atf/bl1/sheipa_console_setup.o
 .debug_line    0x0000000000003b96      0x4b9 ../../../../amebasmart_gcc_project/project_ap/asdk/build/atf/bl1/xlat_tables_arch.o
 .debug_line    0x000000000000404f      0x2e7 ../../../../amebasmart_gcc_project/project_ap/asdk/build/atf/bl1/xlat_tables_context.o
 .debug_line    0x0000000000004336      0x8ad ../../../../amebasmart_gcc_project/project_ap/asdk/build/atf/bl1/xlat_tables_core.o
 .debug_line    0x0000000000004be3      0x58e ../../../../amebasmart_gcc_project/project_ap/asdk/build/atf/bl1/xlat_tables_utils.o
 .debug_line    0x0000000000005171       0x5b ../../../../amebasmart_gcc_project/project_ap/asdk/build/atf/bl1/semihosting_call.o
 .debug_line    0x00000000000051cc       0x7a ../../../../amebasmart_gcc_project/project_ap/asdk/build/atf/bl1/aem_generic.o
 .debug_line    0x0000000000005246       0xb2 ../../../../amebasmart_gcc_project/project_ap/asdk/build/atf/bl1/cortex_a7.o
 .debug_line    0x00000000000052f8       0xab ../../../../amebasmart_gcc_project/project_ap/asdk/build/atf/bl1/cortex_a32.o
 .debug_line    0x00000000000053a3       0xd2 ../../../../amebasmart_gcc_project/project_ap/asdk/build/atf/bl1/bl1_entrypoint.o
 .debug_line    0x0000000000005475       0x50 ../../../../amebasmart_gcc_project/project_ap/asdk/build/atf/bl1/bl1_entrypoint_rom.o
 .debug_line    0x00000000000054c5       0x51 ../../../../amebasmart_gcc_project/project_ap/asdk/build/atf/bl1/bl1_entrypoint_sram.o
 .debug_line    0x0000000000005516       0x96 ../../../../amebasmart_gcc_project/project_ap/asdk/build/atf/bl1/bl1_exceptions.o
 .debug_line    0x00000000000055ac       0x6b ../../../../amebasmart_gcc_project/project_ap/asdk/build/atf/bl1/platform_up_stack.o
 .debug_line    0x0000000000005617       0xce ../../../../amebasmart_gcc_project/project_ap/asdk/build/atf/bl1/cpu_helpers.o
 .debug_line    0x00000000000056e5      0x10a ../../../../amebasmart_gcc_project/project_ap/asdk/build/atf/bl1/debug.o
 .debug_line    0x00000000000057ef       0xef ../../../../amebasmart_gcc_project/project_ap/asdk/build/atf/bl1/cache_helpers.o
 .debug_line    0x00000000000058de       0xbe ../../../../amebasmart_gcc_project/project_ap/asdk/build/atf/bl1/misc_helpers.o
 .debug_line    0x000000000000599c       0xc2 ../../../../amebasmart_gcc_project/project_ap/asdk/build/atf/bl1/platform_helpers.o
 .debug_line    0x0000000000005a5e       0x67 ../../../../amebasmart_gcc_project/project_ap/asdk/build/atf/bl1/aeabi_uldivmod.o
 .debug_line    0x0000000000005ac5      0x18f ../../../../amebasmart_gcc_project/project_ap/asdk/build/atf/bl1/plat_helpers.o
 .debug_line    0x0000000000005c54       0xd5 ../../../../amebasmart_gcc_project/project_ap/asdk/build/atf/bl1/sheipa_console.o
 .debug_line    0x0000000000005d29       0xa4 ../../../../amebasmart_gcc_project/project_ap/asdk/build/atf/bl1/enable_mmu.o
 .debug_line    0x0000000000005dcd       0xce ../../../../amebasmart_gcc_project/project_ap/asdk/build/atf/lib/libc.a(assert.o)
 .debug_line    0x0000000000005e9b       0xa5 ../../../../amebasmart_gcc_project/project_ap/asdk/build/atf/lib/libc.a(memcmp.o)
 .debug_line    0x0000000000005f40       0x8b ../../../../amebasmart_gcc_project/project_ap/asdk/build/atf/lib/libc.a(memcpy.o)
 .debug_line    0x0000000000005fcb       0xd7 ../../../../amebasmart_gcc_project/project_ap/asdk/build/atf/lib/libc.a(memmove.o)
 .debug_line    0x00000000000060a2      0x3c0 ../../../../amebasmart_gcc_project/project_ap/asdk/build/atf/lib/libc.a(printf.o)
 .debug_line    0x0000000000006462       0x7b ../../../../amebasmart_gcc_project/project_ap/asdk/build/atf/lib/libc.a(putchar.o)
 .debug_line    0x00000000000064dd       0x7b ../../../../amebasmart_gcc_project/project_ap/asdk/build/atf/lib/libc.a(strlen.o)

.debug_str      0x0000000000000000     0x282a
 .debug_str     0x0000000000000000      0x52e ../../../../amebasmart_gcc_project/project_ap/asdk/build/atf/bl1/io_semihosting.o
                                        0x606 (size before relaxing)
 .debug_str     0x000000000000052e      0x180 ../../../../amebasmart_gcc_project/project_ap/asdk/build/atf/bl1/io_storage.o
                                        0x5ea (size before relaxing)
 .debug_str     0x00000000000006ae      0x370 ../../../../amebasmart_gcc_project/project_ap/asdk/build/atf/bl1/io_fip.o
                                        0x86d (size before relaxing)
 .debug_str     0x0000000000000a1e      0x134 ../../../../amebasmart_gcc_project/project_ap/asdk/build/atf/bl1/io_memmap.o
                                        0x618 (size before relaxing)
 .debug_str     0x0000000000000b52      0x1f3 ../../../../amebasmart_gcc_project/project_ap/asdk/build/atf/bl1/semihosting.o
                                        0x523 (size before relaxing)
 .debug_str     0x0000000000000d45      0x185 ../../../../amebasmart_gcc_project/project_ap/asdk/build/atf/bl1/sheipa_io_storage.o
                                        0x6e2 (size before relaxing)
 .debug_str     0x0000000000000eca      0x152 ../../../../amebasmart_gcc_project/project_ap/asdk/build/atf/bl1/sheipa_bl1_setup.o
                                        0x3c3 (size before relaxing)
 .debug_str     0x000000000000101c      0x346 ../../../../amebasmart_gcc_project/project_ap/asdk/build/atf/bl1/bl1_main.o