Archive member included to satisfy reference by file (symbol)

../../../../amebasmart_gcc_project/project_ap/asdk/build/atf/lib/libc.a(assert.o)
                              ../../../../amebasmart_gcc_project/project_ap/asdk/build/atf/bl2/io_semihosting.o (__assert)
../../../../amebasmart_gcc_project/project_ap/asdk/build/atf/lib/libc.a(memchr.o)
                              ../../../../amebasmart_gcc_project/project_ap/asdk/build/atf/bl2/fdt_ro.o (memchr)
../../../../amebasmart_gcc_project/project_ap/asdk/build/atf/lib/libc.a(memcmp.o)
                              ../../../../amebasmart_gcc_project/project_ap/asdk/build/atf/bl2/io_fip.o (memcmp)
../../../../amebasmart_gcc_project/project_ap/asdk/build/atf/lib/libc.a(memcpy.o)
                              ../../../../amebasmart_gcc_project/project_ap/asdk/build/atf/bl2/io_memmap.o (memcpy)
../../../../amebasmart_gcc_project/project_ap/asdk/build/atf/lib/libc.a(memmove.o)
                              ../../../../amebasmart_gcc_project/project_ap/asdk/build/atf/bl2/fdt.o (memmove)
../../../../amebasmart_gcc_project/project_ap/asdk/build/atf/lib/libc.a(memset.o)
                              ../../../../amebasmart_gcc_project/project_ap/asdk/build/atf/bl2/fdt_rw.o (memset)
../../../../amebasmart_gcc_project/project_ap/asdk/build/atf/lib/libc.a(printf.o)
                              ../../../../amebasmart_gcc_project/project_ap/asdk/build/atf/bl2/tf_log.o (vprintf)
../../../../amebasmart_gcc_project/project_ap/asdk/build/atf/lib/libc.a(putchar.o)
                              ../../../../amebasmart_gcc_project/project_ap/asdk/build/atf/bl2/tf_log.o (putchar)
../../../../amebasmart_gcc_project/project_ap/asdk/build/atf/lib/libc.a(strlen.o)
                              ../../../../amebasmart_gcc_project/project_ap/asdk/build/atf/bl2/semihosting.o (strlen)
../../../../amebasmart_gcc_project/project_ap/asdk/build/atf/lib/libc.a(strnlen.o)
                              ../../../../amebasmart_gcc_project/project_ap/asdk/build/atf/bl2/fdt_ro.o (strnlen)
../../../../amebasmart_gcc_project/project_ap/asdk/build/atf/lib/libc.a(strrchr.o)
                              ../../../../amebasmart_gcc_project/project_ap/asdk/build/atf/bl2/fdt_ro.o (strrchr)

Discarded input sections

 .text          0x0000000000000000        0x0 ../../../../amebasmart_gcc_project/project_ap/asdk/build/atf/bl2/build_message.o
 .data          0x0000000000000000        0x0 ../../../../amebasmart_gcc_project/project_ap/asdk/build/atf/bl2/build_message.o
 .bss           0x0000000000000000        0x0 ../../../../amebasmart_gcc_project/project_ap/asdk/build/atf/bl2/build_message.o
 .rodata.build_message
                0x0000000000000000       0x1e ../../../../amebasmart_gcc_project/project_ap/asdk/build/atf/bl2/build_message.o
 .rodata.version_string
                0x0000000000000000       0x13 ../../../../amebasmart_gcc_project/project_ap/asdk/build/atf/bl2/build_message.o
 .debug_info    0x0000000000000000       0x7b ../../../../amebasmart_gcc_project/project_ap/asdk/build/atf/bl2/build_message.o
 .debug_abbrev  0x0000000000000000       0x45 ../../../../amebasmart_gcc_project/project_ap/asdk/build/atf/bl2/build_message.o
 .debug_aranges
                0x0000000000000000       0x18 ../../../../amebasmart_gcc_project/project_ap/asdk/build/atf/bl2/build_message.o
 .debug_line    0x0000000000000000       0x28 ../../../../amebasmart_gcc_project/project_ap/asdk/build/atf/bl2/build_message.o
 .debug_str     0x0000000000000000      0x162 ../../../../amebasmart_gcc_project/project_ap/asdk/build/atf/bl2/build_message.o
 .comment       0x0000000000000000       0x38 ../../../../amebasmart_gcc_project/project_ap/asdk/build/atf/bl2/build_message.o
 .ARM.attributes
                0x0000000000000000       0x37 ../../../../amebasmart_gcc_project/project_ap/asdk/build/atf/bl2/build_message.o
 .text          0x0000000000000000        0x0 ../../../../amebasmart_gcc_project/project_ap/asdk/build/atf/bl2/io_semihosting.o
 .data          0x0000000000000000        0x0 ../../../../amebasmart_gcc_project/project_ap/asdk/build/atf/bl2/io_semihosting.o
 .bss           0x0000000000000000        0x0 ../../../../amebasmart_gcc_project/project_ap/asdk/build/atf/bl2/io_semihosting.o
 .text          0x0000000000000000        0x0 ../../../../amebasmart_gcc_project/project_ap/asdk/build/atf/bl2/io_storage.o
 .data          0x0000000000000000        0x0 ../../../../amebasmart_gcc_project/project_ap/asdk/build/atf/bl2/io_storage.o
 .bss           0x0000000000000000        0x0 ../../../../amebasmart_gcc_project/project_ap/asdk/build/atf/bl2/io_storage.o
 .text.io_write
                0x0000000000000000       0x3c ../../../../amebasmart_gcc_project/project_ap/asdk/build/atf/bl2/io_storage.o
 .text          0x0000000000000000        0x0 ../../../../amebasmart_gcc_project/project_ap/asdk/build/atf/bl2/io_fip.o
 .data          0x0000000000000000        0x0 ../../../../amebasmart_gcc_project/project_ap/asdk/build/atf/bl2/io_fip.o
[...]
Memory Configuration

Name             Origin             Length             Attributes
RAM              0x0000000070057000 0x0000000000040000 xrw
*default*        0x0000000000000000 0xffffffffffffffff

Linker script and memory map

                0x0000000070057000                . = 0x70057000
                0x0000000000000001                ASSERT ((. == ALIGN (0x1000)), BL2_BASE address is not aligned on a page boundary.)

.text           0x0000000070057000     0x3000
                0x0000000070057000                __TEXT_START__ = .
 *bl2_entrypoint.o(.text*)
 .text.asm.bl2_entrypoint
                0x0000000070057000       0x98 ../../../../amebasmart_gcc_project/project_ap/asdk/build/atf/bl2/bl2_entrypoint.o
                0x0000000070057000                bl2_entrypoint
 *(SORT_BY_ALIGNMENT(.text*))
 .text.sh_dev_open
                0x0000000070057098       0x14 ../../../../amebasmart_gcc_project/project_ap/asdk/build/atf/bl2/io_semihosting.o
 .text.register_io_dev_sh
                0x00000000700570ac       0x20 ../../../../amebasmart_gcc_project/project_ap/asdk/build/atf/bl2/io_semihosting.o
                0x00000000700570ac                register_io_dev_sh
 .text.free_entity.isra.0
                0x00000000700570cc       0x38 ../../../../amebasmart_gcc_project/project_ap/asdk/build/atf/bl2/io_storage.o
 .text.io_register_device
                0x0000000070057104       0x24 ../../../../amebasmart_gcc_project/project_ap/asdk/build/atf/bl2/io_storage.o
                0x0000000070057104                io_register_device
 .text.io_open  0x0000000070057128       0x84 ../../../../amebasmart_gcc_project/project_ap/asdk/build/atf/bl2/io_storage.o
                0x0000000070057128                io_open
 .text.fip_file_close
                0x00000000700571ac       0x20 ../../../../amebasmart_gcc_project/project_ap/asdk/build/atf/bl2/io_fip.o
 .text.fip_dev_init
                0x00000000700571cc       0x70 ../../../../amebasmart_gcc_project/project_ap/asdk/build/atf/bl2/io_fip.o
 .text.fip_file_read
                0x000000007005723c       0x80 ../../../../amebasmart_gcc_project/project_ap/asdk/build/atf/bl2/io_fip.o
 .text.fip_dev_open
                0x00000000700572bc       0x40 ../../../../amebasmart_gcc_project/project_ap/asdk/build/atf/bl2/io_fip.o
 .text.fip_file_open
                0x00000000700572fc       0xac ../../../../amebasmart_gcc_project/project_ap/asdk/build/atf/bl2/io_fip.o
 .text.fip_dev_close
                0x00000000700573a8       0x48 ../../../../amebasmart_gcc_project/project_ap/asdk/build/atf/bl2/io_fip.o
 .text.register_io_dev_fip
                0x00000000700573f0       0x20 ../../../../amebasmart_gcc_project/project_ap/asdk/build/atf/bl2/io_fip.o
                0x00000000700573f0                register_io_dev_fip
 .text.memmap_dev_open
                0x0000000070057410       0x14 ../../../../amebasmart_gcc_project/project_ap/asdk/build/atf/bl2/io_memmap.o
 .text.memmap_block_open
                0x0000000070057424       0x38 ../../../../amebasmart_gcc_project/project_ap/asdk/build/atf/bl2/io_memmap.o
 .text.memmap_block_close
                0x000000007005745c       0x1c ../../../../amebasmart_gcc_project/project_ap/asdk/build/atf/bl2/io_memmap.o
 .text.register_io_dev_memmap
                0x0000000070057478       0x20 ../../../../amebasmart_gcc_project/project_ap/asdk/build/atf/bl2/io_memmap.o
                0x0000000070057478                register_io_dev_memmap
 .text.open_fip
                0x0000000070057498       0x30 ../../../../amebasmart_gcc_project/project_ap/asdk/build/atf/bl2/sheipa_io_storage.o
 .text.open_memmap
                0x00000000700574c8       0x30 ../../../../amebasmart_gcc_project/project_ap/asdk/build/atf/bl2/sheipa_io_storage.o
 .text.plat_sheipa_io_setup
                0x00000000700574f8       0x6c ../../../../amebasmart_gcc_project/project_ap/asdk/build/atf/bl2/sheipa_io_storage.o
                0x00000000700574f8                plat_sheipa_io_setup
 .text.plat_get_image_source
                0x0000000070057564       0x8c ../../../../amebasmart_gcc_project/project_ap/asdk/build/atf/bl2/sheipa_io_storage.o
                0x0000000070057564                plat_get_image_source
 .text.bl2_early_platform_setup2
                0x00000000700575f0       0x24 ../../../../amebasmart_gcc_project/project_ap/asdk/build/atf/bl2/sheipa_bl2_setup.o
                0x00000000700575f0                bl2_early_platform_setup2
 .text.bl2_plat_arch_setup
                0x0000000070057614       0x44 ../../../../amebasmart_gcc_project/project_ap/asdk/build/atf/bl2/sheipa_bl2_setup.o
                0x0000000070057614                bl2_plat_arch_setup
 .text.bl2_plat_handle_post_image_load
                0x0000000070057658       0x4c ../../../../amebasmart_gcc_project/project_ap/asdk/build/atf/bl2/sheipa_bl2_setup.o
                0x0000000070057658                bl2_plat_handle_post_image_load
 .text.flush_bl_params_desc
                0x00000000700576a4       0x1c ../../../../amebasmart_gcc_project/project_ap/asdk/build/atf/bl2/desc_image_load.o
                0x00000000700576a4                flush_bl_params_desc
 .text.get_bl_params_node_index
                0x00000000700576c0       0x38 ../../../../amebasmart_gcc_project/project_ap/asdk/build/atf/bl2/desc_image_load.o
                0x00000000700576c0                get_bl_params_node_index
 .text.get_bl_mem_params_node
                0x00000000700576f8       0x28 ../../../../amebasmart_gcc_project/project_ap/asdk/build/atf/bl2/desc_image_load.o
                0x00000000700576f8                get_bl_mem_params_node
 .text.get_bl_load_info_from_mem_params_desc
                0x0000000070057720       0x50 ../../../../amebasmart_gcc_project/project_ap/asdk/build/atf/bl2/desc_image_load.o
                0x0000000070057720                get_bl_load_info_from_mem_params_desc
 .text.get_next_bl_params_from_mem_params_desc
                0x0000000070057770       0xa8 ../../../../amebasmart_gcc_project/project_ap/asdk/build/atf/bl2/desc_image_load.o
                0x0000000070057770                get_next_bl_params_from_mem_params_desc
 .text.bl2_load_images
                0x0000000070057818       0xbc ../../../../amebasmart_gcc_project/project_ap/asdk/build/atf/bl2/bl2_image_load_v2.o
                0x0000000070057818                bl2_load_images
 .text.sys_timer_enable
                0x00000000700578d4       0x18 ../../../../amebasmart_gcc_project/project_ap/asdk/build/atf/bl2/systimer.o
                0x00000000700578d4                sys_timer_enable
 .text.tf_log   0x00000000700578ec       0x54 ../../../../amebasmart_gcc_project/project_ap/asdk/build/atf/bl2/tf_log.o
                0x00000000700578ec                tf_log
 .text.console_is_registered
                0x0000000070057940       0x24 ../../../../amebasmart_gcc_project/project_ap/asdk/build/atf/bl2/multi_console.o
                0x0000000070057940                console_is_registered
 .text.console_register
                0x0000000070057964       0x38 ../../../../amebasmart_gcc_project/project_ap/asdk/build/atf/bl2/multi_console.o
                0x0000000070057964                console_register
 .text.console_putc
                0x000000007005799c       0x58 ../../../../amebasmart_gcc_project/project_ap/asdk/build/atf/bl2/multi_console.o
                0x000000007005799c                console_putc
 .text.console_flush
                0x00000000700579f4       0x40 ../../../../amebasmart_gcc_project/project_ap/asdk/build/atf/bl2/multi_console.o
                0x00000000700579f4                console_flush
 .text.plat_log_get_prefix
                0x0000000070057a34       0x24 ../../../../amebasmart_gcc_project/project_ap/asdk/build/atf/bl2/plat_log_common.o
                0x0000000070057a34                plat_log_get_prefix
 .text.sheipa_configure_mmu_svc_mon
                0x0000000070057a58       0x70 ../../../../amebasmart_gcc_project/project_ap/asdk/build/atf/bl2/sheipa_common.o
                0x0000000070057a58                sheipa_configure_mmu_svc_mon
 .text.sheipa_console_init
                0x0000000070057ac8       0x2c ../../../../amebasmart_gcc_project/project_ap/asdk/build/atf/bl2/sheipa_console_setup.o
                0x0000000070057ac8                sheipa_console_init
 .text.setup_mmu_cfg
                0x0000000070057af4       0x94 ../../../../amebasmart_gcc_project/project_ap/asdk/build/atf/bl2/xlat_tables_arch.o
                0x0000000070057af4                setup_mmu_cfg
 .text.mmap_add_region
                0x0000000070057b88       0x28 ../../../../amebasmart_gcc_project/project_ap/asdk/build/atf/bl2/xlat_tables_context.o
                0x0000000070057b88                mmap_add_region
 .text.mmap_add
                0x0000000070057bb0        0xc ../../../../amebasmart_gcc_project/project_ap/asdk/build/atf/bl2/xlat_tables_context.o
                0x0000000070057bb0                mmap_add
 .text.init_xlat_tables
                0x0000000070057bbc       0x30 ../../../../amebasmart_gcc_project/project_ap/asdk/build/atf/bl2/xlat_tables_context.o
                0x0000000070057bbc                init_xlat_tables
 .text.enable_mmu_svc_mon
                0x0000000070057bec       0x34 ../../../../amebasmart_gcc_project/project_ap/asdk/build/atf/bl2/xlat_tables_context.o
                0x0000000070057bec                enable_mmu_svc_mon
 .text.mmap_add_region_ctx
                0x0000000070057c20      0x1e4 ../../../../amebasmart_gcc_project/project_ap/asdk/build/atf/bl2/xlat_tables_core.o
                0x0000000070057c20                mmap_add_region_ctx
 .text.init_xlat_tables_ctx
                0x0000000070057e04      0x108 ../../../../amebasmart_gcc_project/project_ap/asdk/build/atf/bl2/xlat_tables_core.o
                0x0000000070057e04                init_xlat_tables_ctx
 .text.asm.semihosting_call
                0x0000000070057f0c        0x8 ../../../../amebasmart_gcc_project/project_ap/asdk/build/atf/bl2/semihosting_call.o
                0x0000000070057f0c                semihosting_call
 .text.asm.plat_set_my_stack
                0x0000000070057f14       0x10 ../../../../amebasmart_gcc_project/project_ap/asdk/build/atf/bl2/platform_up_stack.o
                0x0000000070057f14                plat_set_my_stack
 .text.asm.do_panic
                0x0000000070057f24       0x4c ../../../../amebasmart_gcc_project/project_ap/asdk/build/atf/bl2/debug.o
                0x0000000070057f24                do_panic
 .text.asm.report_exception
                0x0000000070057f70       0x14 ../../../../amebasmart_gcc_project/project_ap/asdk/build/atf/bl2/debug.o
                0x0000000070057f70                report_exception
 .text.asm.report_prefetch_abort
                0x0000000070057f84       0x20 ../../../../amebasmart_gcc_project/project_ap/asdk/build/atf/bl2/debug.o
                0x0000000070057f84                report_prefetch_abort
 .text.asm.report_data_abort
                0x0000000070057fa4       0x20 ../../../../amebasmart_gcc_project/project_ap/asdk/build/atf/bl2/debug.o
                0x0000000070057fa4                report_data_abort
 .text.asm.asm_assert
                0x0000000070057fc4       0x8c ../../../../amebasmart_gcc_project/project_ap/asdk/build/atf/bl2/debug.o
                0x0000000070057fc4                asm_assert
 .text.asm.asm_print_str
                0x0000000070058050       0x1c ../../../../amebasmart_gcc_project/project_ap/asdk/build/atf/bl2/debug.o
                0x0000000070058050                asm_print_str
 .text.asm.asm_print_hex
                0x000000007005806c       0x34 ../../../../amebasmart_gcc_project/project_ap/asdk/build/atf/bl2/debug.o
                0x000000007005806c                asm_print_hex
 .text.asm.flush_dcache_range
                0x00000000700580a0       0x3c ../../../../amebasmart_gcc_project/project_ap/asdk/build/atf/bl2/cache_helpers.o
                0x00000000700580a0                flush_dcache_range
 .text.asm.clean_dcache_range
                0x00000000700580dc       0x3c ../../../../amebasmart_gcc_project/project_ap/asdk/build/atf/bl2/cache_helpers.o
                0x00000000700580dc                clean_dcache_range
 .text.asm.inv_dcache_range
                0x0000000070058118       0x3c ../../../../amebasmart_gcc_project/project_ap/asdk/build/atf/bl2/cache_helpers.o
                0x0000000070058118                inv_dcache_range
 .text.asm.smc  0x0000000070058154        0x8 ../../../../amebasmart_gcc_project/project_ap/asdk/build/atf/bl2/misc_helpers.o
                0x0000000070058154                smc
 .text.asm.zeromem
                0x000000007005815c       0x64 ../../../../amebasmart_gcc_project/project_ap/asdk/build/atf/bl2/misc_helpers.o
                0x000000007005815c                zeromem
                0x000000007005815c                zero_normalmem
 .text.asm.disable_mmu_secure
                0x00000000700581c0       0x1c ../../../../amebasmart_gcc_project/project_ap/asdk/build/atf/bl2/misc_helpers.o
                0x00000000700581c0                disable_mmu_secure
 .text.asm.disable_mmu_icache_secure
                0x00000000700581dc        0xc ../../../../amebasmart_gcc_project/project_ap/asdk/build/atf/bl2/misc_helpers.o
                0x00000000700581dc                disable_mmu_icache_secure
 .text          0x00000000700581e8       0x24 ../../../../amebasmart_gcc_project/project_ap/asdk/build/atf/bl2/aeabi_uldivmod.o
                0x00000000700581e8                __aeabi_uldivmod
 .text.asm.plat_report_exception
                0x000000007005820c       0x64 ../../../../amebasmart_gcc_project/project_ap/asdk/build/atf/bl2/plat_helpers.o
                0x000000007005820c                plat_report_exception
 .text.asm.plat_report_prefetch_abort
                0x0000000070058270       0x58 ../../../../amebasmart_gcc_project/project_ap/asdk/build/atf/bl2/plat_helpers.o
                0x0000000070058270                plat_report_prefetch_abort
 .text.asm.plat_report_data_abort
                0x00000000700582c8       0x58 ../../../../amebasmart_gcc_project/project_ap/asdk/build/atf/bl2/plat_helpers.o
                0x00000000700582c8                plat_report_data_abort
 .text.asm.plat_crash_console_init
                0x0000000070058320       0x1c ../../../../amebasmart_gcc_project/project_ap/asdk/build/atf/bl2/plat_helpers.o
                0x0000000070058320                plat_crash_console_init
 .text.asm.plat_crash_console_putc
                0x000000007005833c        0xc ../../../../amebasmart_gcc_project/project_ap/asdk/build/atf/bl2/plat_helpers.o
                0x000000007005833c                plat_crash_console_putc
 .text.asm.plat_crash_console_flush
                0x0000000070058348        0xc ../../../../amebasmart_gcc_project/project_ap/asdk/build/atf/bl2/plat_helpers.o
                0x0000000070058348                plat_crash_console_flush
 .text.asm.plat_panic_handler
                0x0000000070058354       0x14 ../../../../amebasmart_gcc_project/project_ap/asdk/build/atf/bl2/plat_helpers.o
                0x0000000070058354                plat_panic_handler
 .text.asm.console_core_init
                0x0000000070058368       0x34 ../../../../amebasmart_gcc_project/project_ap/asdk/build/atf/bl2/sheipa_console.o
                0x0000000070058368                console_core_init
 .text.asm.console_core_register
                0x000000007005839c       0x5c ../../../../amebasmart_gcc_project/project_ap/asdk/build/atf/bl2/sheipa_console.o
                0x000000007005839c                console_core_register
 .text.asm.console_core_putc
                0x00000000700583f8       0x5c ../../../../amebasmart_gcc_project/project_ap/asdk/build/atf/bl2/sheipa_console.o
                0x00000000700583f8                console_core_putc
 .text.asm.console_core_getc
                0x0000000070058454       0x30 ../../../../amebasmart_gcc_project/project_ap/asdk/build/atf/bl2/sheipa_console.o
                0x0000000070058454                console_core_getc
 .text.asm.console_core_flush
                0x0000000070058484        0x8 ../../../../amebasmart_gcc_project/project_ap/asdk/build/atf/bl2/sheipa_console.o
                0x0000000070058484                console_core_flush
 .text.asm.enable_mmu_direct_svc_mon
                0x000000007005848c       0x80 ../../../../amebasmart_gcc_project/project_ap/asdk/build/atf/bl2/enable_mmu.o
                0x000000007005848c                enable_mmu_direct_svc_mon
 .text.vprintf  0x000000007005850c      0x18c ../../../../amebasmart_gcc_project/project_ap/asdk/build/atf/lib/libc.a(printf.o)
                0x000000007005850c                vprintf
 .text.device_type_sh
                0x0000000070058698        0x4 ../../../../amebasmart_gcc_project/project_ap/asdk/build/atf/bl2/io_semihosting.o
 .text.sh_file_close
                0x000000007005869c       0x1a ../../../../amebasmart_gcc_project/project_ap/asdk/build/atf/bl2/io_semihosting.o
 .text.sh_file_write
                0x00000000700586b6       0x32 ../../../../amebasmart_gcc_project/project_ap/asdk/build/atf/bl2/io_semihosting.o
 .text.sh_file_read
                0x00000000700586e8       0x2e ../../../../amebasmart_gcc_project/project_ap/asdk/build/atf/bl2/io_semihosting.o
 .text.sh_file_len
                0x0000000070058716       0x24 ../../../../amebasmart_gcc_project/project_ap/asdk/build/atf/bl2/io_semihosting.o
 .text.sh_file_seek
                0x000000007005873a       0x1c ../../../../amebasmart_gcc_project/project_ap/asdk/build/atf/bl2/io_semihosting.o
 .text.sh_file_open
                0x0000000070058756       0x26 ../../../../amebasmart_gcc_project/project_ap/asdk/build/atf/bl2/io_semihosting.o
 .text.is_valid_dev
                0x000000007005877c       0x1a ../../../../amebasmart_gcc_project/project_ap/asdk/build/atf/bl2/io_storage.o
 .text.is_valid_entity
                0x0000000070058796       0x12 ../../../../amebasmart_gcc_project/project_ap/asdk/build/atf/bl2/io_storage.o
 .text.io_dev_open
                0x00000000700587a8       0x1e ../../../../amebasmart_gcc_project/project_ap/asdk/build/atf/bl2/io_storage.o
                0x00000000700587a8                io_dev_open
 .text.io_dev_init
                0x00000000700587c6       0x28 ../../../../amebasmart_gcc_project/project_ap/asdk/build/atf/bl2/io_storage.o
                0x00000000700587c6                io_dev_init
 .text.io_dev_close
                0x00000000700587ee       0x24 ../../../../amebasmart_gcc_project/project_ap/asdk/build/atf/bl2/io_storage.o
                0x00000000700587ee                io_dev_close
 .text.io_seek  0x0000000070058812       0x42 ../../../../amebasmart_gcc_project/project_ap/asdk/build/atf/bl2/io_storage.o
                0x0000000070058812                io_seek
 .text.io_size  0x0000000070058854       0x2a ../../../../amebasmart_gcc_project/project_ap/asdk/build/atf/bl2/io_storage.o
                0x0000000070058854                io_size
 .text.io_read  0x000000007005887e       0x3c ../../../../amebasmart_gcc_project/project_ap/asdk/build/atf/bl2/io_storage.o
                0x000000007005887e                io_read
 .text.io_close
                0x00000000700588ba       0x26 ../../../../amebasmart_gcc_project/project_ap/asdk/build/atf/bl2/io_storage.o
                0x00000000700588ba                io_close
 .text.device_type_fip
                0x00000000700588e0        0x4 ../../../../amebasmart_gcc_project/project_ap/asdk/build/atf/bl2/io_fip.o
 .text.fip_file_len
                0x00000000700588e4       0x16 ../../../../amebasmart_gcc_project/project_ap/asdk/build/atf/bl2/io_fip.o
 .text.device_type_memmap
                0x00000000700588fa        0x4 ../../../../amebasmart_gcc_project/project_ap/asdk/build/atf/bl2/io_memmap.o
 .text.memmap_dev_close
                0x00000000700588fe        0x4 ../../../../amebasmart_gcc_project/project_ap/asdk/build/atf/bl2/io_memmap.o
 .text.memmap_block_len
                0x0000000070058902       0x16 ../../../../amebasmart_gcc_project/project_ap/asdk/build/atf/bl2/io_memmap.o
 .text.memmap_block_seek
                0x0000000070058918       0x2c ../../../../amebasmart_gcc_project/project_ap/asdk/build/atf/bl2/io_memmap.o
 .text.memmap_block_write
                0x0000000070058944       0x50 ../../../../amebasmart_gcc_project/project_ap/asdk/build/atf/bl2/io_memmap.o
 .text.memmap_block_read
                0x0000000070058994       0x54 ../../../../amebasmart_gcc_project/project_ap/asdk/build/atf/bl2/io_memmap.o
 .text.semihosting_file_open
                0x00000000700589e8       0x1a ../../../../amebasmart_gcc_project/project_ap/asdk/build/atf/bl2/semihosting.o
                0x00000000700589e8                semihosting_file_open
 .text.semihosting_file_seek
                0x0000000070058a02       0x1e ../../../../amebasmart_gcc_project/project_ap/asdk/build/atf/bl2/semihosting.o
                0x0000000070058a02                semihosting_file_seek
 .text.semihosting_file_read
                0x0000000070058a20       0x32 ../../../../amebasmart_gcc_project/project_ap/asdk/build/atf/bl2/semihosting.o
                0x0000000070058a20                semihosting_file_read
 .text.semihosting_file_write
                0x0000000070058a52       0x24 ../../../../amebasmart_gcc_project/project_ap/asdk/build/atf/bl2/semihosting.o
                0x0000000070058a52                semihosting_file_write
 .text.semihosting_file_close
                0x0000000070058a76       0x12 ../../../../amebasmart_gcc_project/project_ap/asdk/build/atf/bl2/semihosting.o
                0x0000000070058a76                semihosting_file_close
 .text.semihosting_file_length
                0x0000000070058a88       0x12 ../../../../amebasmart_gcc_project/project_ap/asdk/build/atf/bl2/semihosting.o
                0x0000000070058a88                semihosting_file_length
 .text.bl2_platform_setup
                0x0000000070058a9a        0x6 ../../../../amebasmart_gcc_project/project_ap/asdk/build/atf/bl2/sheipa_bl2_setup.o
                0x0000000070058a9a                bl2_platform_setup
 .text.plat_flush_next_bl_params
                0x0000000070058aa0        0x4 ../../../../amebasmart_gcc_project/project_ap/asdk/build/atf/bl2/sheipa_image_load.o
                0x0000000070058aa0                plat_flush_next_bl_params
 .text.plat_get_bl_image_load_info
                0x0000000070058aa4        0x4 ../../../../amebasmart_gcc_project/project_ap/asdk/build/atf/bl2/sheipa_image_load.o
                0x0000000070058aa4                plat_get_bl_image_load_info
 .text.plat_get_next_bl_params
                0x0000000070058aa8        0x4 ../../../../amebasmart_gcc_project/project_ap/asdk/build/atf/bl2/sheipa_image_load.o
                0x0000000070058aa8                plat_get_next_bl_params
 .text.flush_bl_params_desc_args
                0x0000000070058aac       0x26 ../../../../amebasmart_gcc_project/project_ap/asdk/build/atf/bl2/desc_image_load.o
                0x0000000070058aac                flush_bl_params_desc_args
 .text.bl2_setup
                0x0000000070058ad2        0xe ../../../../amebasmart_gcc_project/project_ap/asdk/build/atf/bl2/bl2_main.o
                0x0000000070058ad2                bl2_setup
 .text.bl2_main
                0x0000000070058ae0       0x2c ../../../../amebasmart_gcc_project/project_ap/asdk/build/atf/bl2/bl2_main.o
                0x0000000070058ae0                bl2_main
 .text.bl2_arch_setup
                0x0000000070058b0c        0x2 ../../../../amebasmart_gcc_project/project_ap/asdk/build/atf/bl2/bl2_arch_setup.o
                0x0000000070058b0c                bl2_arch_setup
 .text.load_auth_image
                0x0000000070058b0e       0x90 ../../../../amebasmart_gcc_project/project_ap/asdk/build/atf/bl2/bl_common.o
                0x0000000070058b0e                load_auth_image
 .text.console_set_scope
                0x0000000070058b9e       0x14 ../../../../amebasmart_gcc_project/project_ap/asdk/build/atf/bl2/multi_console.o
                0x0000000070058b9e                console_set_scope
 .text.plat_error_handler
                0x0000000070058bb2        0x4 ../../../../amebasmart_gcc_project/project_ap/asdk/build/atf/bl2/plat_bl_common.o
                0x0000000070058bb2                plat_error_handler
 .text.bl2_plat_preload_setup
                0x0000000070058bb6        0x2 ../../../../amebasmart_gcc_project/project_ap/asdk/build/atf/bl2/plat_bl_common.o
                0x0000000070058bb6                bl2_plat_preload_setup
 .text.bl2_plat_handle_pre_image_load
                0x0000000070058bb8        0x4 ../../../../amebasmart_gcc_project/project_ap/asdk/build/atf/bl2/plat_bl_common.o
                0x0000000070058bb8                bl2_plat_handle_pre_image_load
 .text.plat_try_next_boot_source
                0x0000000070058bbc        0x4 ../../../../amebasmart_gcc_project/project_ap/asdk/build/atf/bl2/plat_bl_common.o
                0x0000000070058bbc                plat_try_next_boot_source
 .text.__ctzdi2
                0x0000000070058bc0       0x20 ../../../../amebasmart_gcc_project/project_ap/asdk/build/atf/bl2/ctzdi2.o
                0x0000000070058bc0                __ctzdi2
 .text.__udivmoddi4
                0x0000000070058be0      0x17c ../../../../amebasmart_gcc_project/project_ap/asdk/build/atf/bl2/udivmoddi4.o
                0x0000000070058be0                __udivmoddi4
 .text.xlat_arch_get_max_supported_pa
                0x0000000070058d5c        0x8 ../../../../amebasmart_gcc_project/project_ap/asdk/build/atf/bl2/xlat_tables_arch.o
                0x0000000070058d5c                xlat_arch_get_max_supported_pa
 .text.xlat_get_min_virt_addr_space_size
                0x0000000070058d64        0x6 ../../../../amebasmart_gcc_project/project_ap/asdk/build/atf/bl2/xlat_tables_arch.o
                0x0000000070058d64                xlat_get_min_virt_addr_space_size
 .text.is_dcache_enabled
                0x0000000070058d6a       0x1c ../../../../amebasmart_gcc_project/project_ap/asdk/build/atf/bl2/xlat_tables_arch.o
                0x0000000070058d6a                is_dcache_enabled
 .text.xlat_arch_regime_get_xn_desc
                0x0000000070058d86       0x1e ../../../../amebasmart_gcc_project/project_ap/asdk/build/atf/bl2/xlat_tables_arch.o
                0x0000000070058d86                xlat_arch_regime_get_xn_desc
 .text.xlat_arch_current_el
                0x0000000070058da4       0x32 ../../../../amebasmart_gcc_project/project_ap/asdk/build/atf/bl2/xlat_tables_arch.o
                0x0000000070058da4                xlat_arch_current_el
 .text.is_mmu_enabled_ctx
                0x0000000070058dd6       0x30 ../../../../amebasmart_gcc_project/project_ap/asdk/build/atf/bl2/xlat_tables_arch.o
                0x0000000070058dd6                is_mmu_enabled_ctx
 .text.xlat_clean_dcache_range
                0x0000000070058e06       0x1a ../../../../amebasmart_gcc_project/project_ap/asdk/build/atf/bl2/xlat_tables_core.o
 .text.xlat_desc
                0x0000000070058e20       0xae ../../../../amebasmart_gcc_project/project_ap/asdk/build/atf/bl2/xlat_tables_core.o
                0x0000000070058e20                xlat_desc
 .text.xlat_tables_map_region
                0x0000000070058ece      0x16a ../../../../amebasmart_gcc_project/project_ap/asdk/build/atf/bl2/xlat_tables_core.o
 .text.mmap_add_ctx
                0x0000000070059038       0x18 ../../../../amebasmart_gcc_project/project_ap/asdk/build/atf/bl2/xlat_tables_core.o
                0x0000000070059038                mmap_add_ctx
 .text.xlat_mmap_print
                0x0000000070059050        0x2 ../../../../amebasmart_gcc_project/project_ap/asdk/build/atf/bl2/xlat_tables_utils.o
                0x0000000070059050                xlat_mmap_print
 .text.xlat_tables_print
                0x0000000070059052        0x2 ../../../../amebasmart_gcc_project/project_ap/asdk/build/atf/bl2/xlat_tables_utils.o
                0x0000000070059052                xlat_tables_print
 .text.__assert
                0x0000000070059054        0xa ../../../../amebasmart_gcc_project/project_ap/asdk/build/atf/lib/libc.a(assert.o)
                0x0000000070059054                __assert
 .text.memcmp   0x000000007005905e       0x1c ../../../../amebasmart_gcc_project/project_ap/asdk/build/atf/lib/libc.a(memcmp.o)
                0x000000007005905e                memcmp
 .text.memcpy   0x000000007005907a       0x16 ../../../../amebasmart_gcc_project/project_ap/asdk/build/atf/lib/libc.a(memcpy.o)
                0x000000007005907a                memcpy
 .text.memmove  0x0000000070059090       0x2c ../../../../amebasmart_gcc_project/project_ap/asdk/build/atf/lib/libc.a(memmove.o)
                0x0000000070059090                memmove
 .text.unsigned_num_print
                0x00000000700590bc       0x80 ../../../../amebasmart_gcc_project/project_ap/asdk/build/atf/lib/libc.a(printf.o)
 .text.putchar  0x000000007005913c       0x1a ../../../../amebasmart_gcc_project/project_ap/asdk/build/atf/lib/libc.a(putchar.o)
                0x000000007005913c                putchar
 .text.strlen   0x0000000070059156       0x10 ../../../../amebasmart_gcc_project/project_ap/asdk/build/atf/lib/libc.a(strlen.o)
                0x0000000070059156                strlen
 *(.vectors)
 *fill*         0x0000000070059166       0x1a 
 .vectors       0x0000000070059180       0x20 ../../../../amebasmart_gcc_project/project_ap/asdk/build/atf/bl2/bl2_entrypoint.o
                0x0000000070059180                bl2_vector_table
 .vectors.__stub
                0x00000000700591a0       0x28 linker stubs
                0x000000007005a000                . = ALIGN (0x1000)
 *fill*         0x00000000700591c8      0xe38 
                0x000000007005a000                __TEXT_END__ = .

.glue_7         0x000000007005a000        0x0
 .glue_7        0x000000007005a000        0x0 linker stubs

.glue_7t        0x000000007005a000        0x0
 .glue_7t       0x000000007005a000        0x0 linker stubs

.vfp11_veneer   0x000000007005a000        0x0
 .vfp11_veneer  0x000000007005a000        0x0 linker stubs

.v4_bx          0x000000007005a000        0x0
 .v4_bx         0x000000007005a000        0x0 linker stubs

.iplt           0x000000007005a000        0x0
 .iplt          0x000000007005a000        0x0 ../../../../amebasmart_gcc_project/project_ap/asdk/build/atf/bl2/io_semihosting.o

.ARM.extab
 *(.ARM.extab* .gnu.linkonce.armextab.*)

.ARM.exidx
 *(.ARM.exidx* .gnu.linkonce.armexidx.*)

.rodata         0x000000007005a000     0x1000
                0x000000007005a000                __RODATA_START__ = .
 *(SORT_BY_ALIGNMENT(.rodata*))
 .rodata.plat_sheipa_mmap
                0x000000007005a000       0xa8 ../../../../amebasmart_gcc_project/project_ap/asdk/build/atf/bl2/sheipa_common.o
 .rodata.sh_dev_connector
                0x000000007005a0a8        0x4 ../../../../amebasmart_gcc_project/project_ap/asdk/build/atf/bl2/io_semihosting.o
 .rodata.sh_dev_funcs
                0x000000007005a0ac       0x24 ../../../../amebasmart_gcc_project/project_ap/asdk/build/atf/bl2/io_semihosting.o
 .rodata.sh_dev_info
                0x000000007005a0d0        0x8 ../../../../amebasmart_gcc_project/project_ap/asdk/build/atf/bl2/io_semihosting.o
 .rodata.fip_dev_connector
                0x000000007005a0d8        0x4 ../../../../amebasmart_gcc_project/project_ap/asdk/build/atf/bl2/io_fip.o
 .rodata.fip_dev_funcs
                0x000000007005a0dc       0x24 ../../../../amebasmart_gcc_project/project_ap/asdk/build/atf/bl2/io_fip.o
 .rodata.memmap_dev_connector
                0x000000007005a100        0x4 ../../../../amebasmart_gcc_project/project_ap/asdk/build/atf/bl2/io_memmap.o
 .rodata.memmap_dev_funcs
                0x000000007005a104       0x24 ../../../../amebasmart_gcc_project/project_ap/asdk/build/atf/bl2/io_memmap.o
 .rodata.memmap_dev_info
                0x000000007005a128        0x8 ../../../../amebasmart_gcc_project/project_ap/asdk/build/atf/bl2/io_memmap.o
 .rodata.fip_block_spec
                0x000000007005a130        0x8 ../../../../amebasmart_gcc_project/project_ap/asdk/build/atf/bl2/sheipa_io_storage.o
 .rodata.policies
                0x000000007005a138      0x114 ../../../../amebasmart_gcc_project/project_ap/asdk/build/atf/bl2/sheipa_io_storage.o
 .rodata.sh_file_spec
                0x000000007005a24c       0xb8 ../../../../amebasmart_gcc_project/project_ap/asdk/build/atf/bl2/sheipa_io_storage.o
 .rodata.plat_prefix_str
                0x000000007005a304       0x14 ../../../../amebasmart_gcc_project/project_ap/asdk/build/atf/bl2/plat_log_common.o
 .rodata.uuid_null
                0x000000007005a318       0x10 ../../../../amebasmart_gcc_project/project_ap/asdk/build/atf/bl2/io_fip.o
 .rodata.str1.1
                0x000000007005a328       0x43 ../../../../amebasmart_gcc_project/project_ap/asdk/build/atf/bl2/sheipa_io_storage.o
 .rodata.bl2_uuid_spec
                0x000000007005a36b       0x10 ../../../../amebasmart_gcc_project/project_ap/asdk/build/atf/bl2/sheipa_io_storage.o
 .rodata.bl31_uuid_spec
                0x000000007005a37b       0x10 ../../../../amebasmart_gcc_project/project_ap/asdk/build/atf/bl2/sheipa_io_storage.o
 .rodata.bl32_extra1_uuid_spec
                0x000000007005a38b       0x10 ../../../../amebasmart_gcc_project/project_ap/asdk/build/atf/bl2/sheipa_io_storage.o
 .rodata.bl32_extra2_uuid_spec
                0x000000007005a39b       0x10 ../../../../amebasmart_gcc_project/project_ap/asdk/build/atf/bl2/sheipa_io_storage.o
 .rodata.bl32_uuid_spec
                0x000000007005a3ab       0x10 ../../../../amebasmart_gcc_project/project_ap/asdk/build/atf/bl2/sheipa_io_storage.o
 .rodata.bl33_uuid_spec
                0x000000007005a3bb       0x10 ../../../../amebasmart_gcc_project/project_ap/asdk/build/atf/bl2/sheipa_io_storage.o
 .rodata.bl2_load_images.str1.1
                0x000000007005a3cb       0x86 ../../../../amebasmart_gcc_project/project_ap/asdk/build/atf/bl2/bl2_image_load_v2.o
 .rodata.str1.1
                0x000000007005a451       0x32 ../../../../amebasmart_gcc_project/project_ap/asdk/build/atf/bl2/plat_log_common.o
 .rodata.mmap_add_region_ctx.str1.1
                0x000000007005a483       0x2b ../../../../amebasmart_gcc_project/project_ap/asdk/build/atf/bl2/xlat_tables_core.o
 .rodata.init_xlat_tables_ctx.str1.1
                0x000000007005a4ae       0x4f ../../../../amebasmart_gcc_project/project_ap/asdk/build/atf/bl2/xlat_tables_core.o
 .rodata.panic_str
                0x000000007005a4fd       0x14 ../../../../amebasmart_gcc_project/project_ap/asdk/build/atf/bl2/debug.o
 .rodata.assert_str
                0x000000007005a511       0x15 ../../../../amebasmart_gcc_project/project_ap/asdk/build/atf/bl2/debug.o
 .rodata.rev_err_str
                0x000000007005a526       0x89 ../../../../amebasmart_gcc_project/project_ap/asdk/build/atf/bl2/plat_helpers.o
 .rodata.str1.1
                0x000000007005a5af       0x2d ../../../../amebasmart_gcc_project/project_ap/asdk/build/atf/bl2/sheipa_console.o
 .rodata.str1.1
                0x000000007005a5dc       0x28 ../../../../amebasmart_gcc_project/project_ap/asdk/build/atf/bl2/enable_mmu.o
 .rodata.vprintf.str1.1
                0x000000007005a604        0x3 ../../../../amebasmart_gcc_project/project_ap/asdk/build/atf/lib/libc.a(printf.o)
                0x000000007005a608                . = ALIGN (0x4)
 *fill*         0x000000007005a607        0x1 
                0x000000007005a608                __RT_SVC_DESCS_START__ = .
 *(rt_svc_descs)
                0x000000007005a608                __RT_SVC_DESCS_END__ = .
                0x000000007005a608                . = ALIGN (0x4)
                0x000000007005a608                __FCONF_POPULATOR_START__ = .
 *(.fconf_populator)
                0x000000007005a608                __FCONF_POPULATOR_END__ = .
                0x000000007005a608                . = ALIGN (0x4)
                0x000000007005a608                __PMF_SVC_DESCS_START__ = .
 *(pmf_svc_descs)
                0x000000007005a608                __PMF_SVC_DESCS_END__ = .
                0x000000007005a608                . = ALIGN (0x4)
                0x000000007005a608                __PARSER_LIB_DESCS_START__ = .
 *(.img_parser_lib_descs)
                0x000000007005a608                __PARSER_LIB_DESCS_END__ = .
                0x000000007005a608                . = ALIGN (0x4)
                0x000000007005a608                __CPU_OPS_START__ = .
 *(cpu_ops)
                0x000000007005a608                __CPU_OPS_END__ = .
                0x000000007005a608                . = ALIGN (0x4)
                0x000000007005a608                __GOT_START__ = .
 *(.got)
                0x000000007005a608                __GOT_END__ = .
                0x000000007005b000                . = ALIGN (0x1000)
 *fill*         0x000000007005a608      0x9f8 
                0x000000007005b000                __RODATA_END__ = .
                0x000000007005b000                __RW_START__ = .

.rel.dyn        0x000000007005b000        0x0
 .rel.iplt      0x000000007005b000        0x0 ../../../../amebasmart_gcc_project/project_ap/asdk/build/atf/bl2/io_semihosting.o

.data           0x000000007005b000      0x1bd
                0x000000007005b000                __DATA_START__ = .
 *(SORT_BY_ALIGNMENT(.data*))
 .data.tf_xlat_ctx
                0x000000007005b000       0x40 ../../../../amebasmart_gcc_project/project_ap/asdk/build/atf/bl2/xlat_tables_context.o
 .data.bl2_mem_params_descs
                0x000000007005b040      0x170 ../../../../amebasmart_gcc_project/project_ap/asdk/build/atf/bl2/sheipa_bl2_mem_params_desc.o
 .data.bl_mem_params_desc_num
                0x000000007005b1b0        0x4 ../../../../amebasmart_gcc_project/project_ap/asdk/build/atf/bl2/sheipa_bl2_mem_params_desc.o
                0x000000007005b1b0                bl_mem_params_desc_num
 .data.bl_mem_params_desc_ptr
                0x000000007005b1b4        0x4 ../../../../amebasmart_gcc_project/project_ap/asdk/build/atf/bl2/sheipa_bl2_mem_params_desc.o
                0x000000007005b1b4                bl_mem_params_desc_ptr
 .data.max_log_level
                0x000000007005b1b8        0x4 ../../../../amebasmart_gcc_project/project_ap/asdk/build/atf/bl2/tf_log.o
 .data.console_state
                0x000000007005b1bc        0x1 ../../../../amebasmart_gcc_project/project_ap/asdk/build/atf/bl2/multi_console.o
                0x000000007005b1bc                console_state
                0x000000007005b1bd                __DATA_END__ = .

.igot.plt       0x000000007005b1c0        0x0
 .igot.plt      0x000000007005b1c0        0x0 ../../../../amebasmart_gcc_project/project_ap/asdk/build/atf/bl2/io_semihosting.o

stacks          0x000000007005b1c0     0x1000
                0x000000007005b1c0                __STACKS_START__ = .
 *(tzfw_normal_stacks)
 tzfw_normal_stacks
                0x000000007005b1c0     0x1000 ../../../../amebasmart_gcc_project/project_ap/asdk/build/atf/bl2/platform_up_stack.o
                0x000000007005c1c0                __STACKS_END__ = .

.bss            0x000000007005c1c0      0x2e0
                0x000000007005c1c0                __BSS_START__ = .
 *(SORT_BY_ALIGNMENT(.bss*))
 .bss.bl2_tzram_layout
                0x000000007005c1c0        0x8 ../../../../amebasmart_gcc_project/project_ap/asdk/build/atf/bl2/sheipa_bl2_setup.o
 .bss.current_file
                0x000000007005c1c8       0x30 ../../../../amebasmart_gcc_project/project_ap/asdk/build/atf/bl2/io_fip.o
 .bss.current_file
                0x000000007005c1f8       0x18 ../../../../amebasmart_gcc_project/project_ap/asdk/build/atf/bl2/io_memmap.o
 .bss.mmu_cfg_params
                0x000000007005c210       0x18 ../../../../amebasmart_gcc_project/project_ap/asdk/build/atf/bl2/xlat_tables_context.o
                0x000000007005c210                mmu_cfg_params
 .bss.tf_mmap   0x000000007005c228      0x198 ../../../../amebasmart_gcc_project/project_ap/asdk/build/atf/bl2/xlat_tables_context.o
 .bss.dev_count
                0x000000007005c3c0        0x4 ../../../../amebasmart_gcc_project/project_ap/asdk/build/atf/bl2/io_storage.o
 .bss.entity_count
                0x000000007005c3c4        0x4 ../../../../amebasmart_gcc_project/project_ap/asdk/build/atf/bl2/io_storage.o
 .bss.entity_map
                0x000000007005c3c8       0x10 ../../../../amebasmart_gcc_project/project_ap/asdk/build/atf/bl2/io_storage.o
 .bss.entity_pool
                0x000000007005c3d8       0x20 ../../../../amebasmart_gcc_project/project_ap/asdk/build/atf/bl2/io_storage.o
 .bss.backend_dev_handle
                0x000000007005c3f8        0x4 ../../../../amebasmart_gcc_project/project_ap/asdk/build/atf/bl2/io_fip.o
 .bss.backend_image_spec
                0x000000007005c3fc        0x4 ../../../../amebasmart_gcc_project/project_ap/asdk/build/atf/bl2/io_fip.o
 .bss.dev_info_pool
                0x000000007005c400        0x8 ../../../../amebasmart_gcc_project/project_ap/asdk/build/atf/bl2/io_fip.o
 .bss.fip_dev_count
                0x000000007005c408        0x4 ../../../../amebasmart_gcc_project/project_ap/asdk/build/atf/bl2/io_fip.o
 .bss.state_pool
                0x000000007005c40c        0x8 ../../../../amebasmart_gcc_project/project_ap/asdk/build/atf/bl2/io_fip.o
 .bss.fip_dev_con
                0x000000007005c414        0x4 ../../../../amebasmart_gcc_project/project_ap/asdk/build/atf/bl2/sheipa_io_storage.o
 .bss.fip_dev_handle
                0x000000007005c418        0x4 ../../../../amebasmart_gcc_project/project_ap/asdk/build/atf/bl2/sheipa_io_storage.o
 .bss.memmap_dev_con
                0x000000007005c41c        0x4 ../../../../amebasmart_gcc_project/project_ap/asdk/build/atf/bl2/sheipa_io_storage.o
 .bss.memmap_dev_handle
                0x000000007005c420        0x4 ../../../../amebasmart_gcc_project/project_ap/asdk/build/atf/bl2/sheipa_io_storage.o
 .bss.sh_dev_con
                0x000000007005c424        0x4 ../../../../amebasmart_gcc_project/project_ap/asdk/build/atf/bl2/sheipa_io_storage.o
 .bss.sh_dev_handle
                0x000000007005c428        0x4 ../../../../amebasmart_gcc_project/project_ap/asdk/build/atf/bl2/sheipa_io_storage.o
 .bss.bl_load_info
                0x000000007005c42c        0xc ../../../../amebasmart_gcc_project/project_ap/asdk/build/atf/bl2/desc_image_load.o
 .bss.next_bl_params
                0x000000007005c438        0xc ../../../../amebasmart_gcc_project/project_ap/asdk/build/atf/bl2/desc_image_load.o
 .bss.console_list
                0x000000007005c444        0x4 ../../../../amebasmart_gcc_project/project_ap/asdk/build/atf/bl2/multi_console.o
                0x000000007005c444                console_list
 .bss.console   0x000000007005c448       0x1c ../../../../amebasmart_gcc_project/project_ap/asdk/build/atf/bl2/sheipa_console_setup.o
 *(COMMON)
                0x000000007005c480                . = ALIGN (0x40)
 *fill*         0x000000007005c464       0x1c 
                0x000000007005c480                __PMF_TIMESTAMP_START__ = .
 *(pmf_timestamp_array)
                0x000000007005c480                . = ALIGN (0x40)
                0x000000007005c480                __PMF_PERCPU_TIMESTAMP_END__ = .
                0x0000000000000000                __PERCPU_TIMESTAMP_SIZE__ = ABSOLUTE ((. - __PMF_TIMESTAMP_START__))
                0x000000007005c480                . = (. + (__PERCPU_TIMESTAMP_SIZE__ * 0x1))
                0x000000007005c480                __PMF_TIMESTAMP_END__ = .
                0x000000007005c480                . = ALIGN (0x10)
 *(base_xlat_table)
 base_xlat_table
                0x000000007005c480       0x20 ../../../../amebasmart_gcc_project/project_ap/asdk/build/atf/bl2/xlat_tables_context.o
                0x000000007005c4a0                __BSS_END__ = .

xlat_table      0x000000007005d000     0xa000
 *(xlat_table)
 xlat_table     0x000000007005d000     0xa000 ../../../../amebasmart_gcc_project/project_ap/asdk/build/atf/bl2/xlat_tables_context.o

coherent_ram    0x0000000070067000        0x0
                0x0000000070067000                __COHERENT_RAM_START__ = .
 *(tzfw_coherent_mem)
                0x0000000070067000                __COHERENT_RAM_END_UNALIGNED__ = .
                0x0000000070067000                . = ALIGN (0x1000)
                0x0000000070067000                __COHERENT_RAM_END__ = .
                0x0000000070067000                __RW_END__ = .
                0x0000000070067000                __BL2_END__ = .
                0x00000000000002e0                __BSS_SIZE__ = SIZEOF (.bss)
                0x0000000000000000                __COHERENT_RAM_UNALIGNED_SIZE__ = (__COHERENT_RAM_END_UNALIGNED__ - __COHERENT_RAM_START__)
                0x0000000000000001                ASSERT ((. <= 0x70097000), BL2 image has exceeded its limit.)
LOAD ../../../../amebasmart_gcc_project/project_ap/asdk/build/atf/bl2/build_message.o
LOAD ../../../../amebasmart_gcc_project/project_ap/asdk/build/atf/bl2/io_semihosting.o
LOAD ../../../../amebasmart_gcc_project/project_ap/asdk/build/atf/bl2/io_storage.o
LOAD ../../../../amebasmart_gcc_project/project_ap/asdk/build/atf/bl2/io_fip.o
LOAD ../../../../amebasmart_gcc_project/project_ap/asdk/build/atf/bl2/io_memmap.o
LOAD ../../../../amebasmart_gcc_project/project_ap/asdk/build/atf/bl2/semihosting.o
LOAD ../../../../amebasmart_gcc_project/project_ap/asdk/build/atf/bl2/sheipa_io_storage.o
LOAD ../../../../amebasmart_gcc_project/project_ap/asdk/build/atf/bl2/sheipa_bl2_setup.o
LOAD ../../../../amebasmart_gcc_project/project_ap/asdk/build/atf/bl2/sheipa_bl2_mem_params_desc.o
LOAD ../../../../amebasmart_gcc_project/project_ap/asdk/build/atf/bl2/sheipa_image_load.o
LOAD ../../../../amebasmart_gcc_project/project_ap/asdk/build/atf/bl2/desc_image_load.o
LOAD ../../../../amebasmart_gcc_project/project_ap/asdk/build/atf/bl2/fdt.o
LOAD ../../../../amebasmart_gcc_project/project_ap/asdk/build/atf/bl2/fdt_addresses.o
LOAD ../../../../amebasmart_gcc_project/project_ap/asdk/build/atf/bl2/fdt_empty_tree.o
LOAD ../../../../amebasmart_gcc_project/project_ap/asdk/build/atf/bl2/fdt_ro.o
LOAD ../../../../amebasmart_gcc_project/project_ap/asdk/build/atf/bl2/fdt_rw.o
LOAD ../../../../amebasmart_gcc_project/project_ap/asdk/build/atf/bl2/fdt_strerror.o
LOAD ../../../../amebasmart_gcc_project/project_ap/asdk/build/atf/bl2/fdt_sw.o
LOAD ../../../../amebasmart_gcc_project/project_ap/asdk/build/atf/bl2/fdt_wip.o
LOAD ../../../../amebasmart_gcc_project/project_ap/asdk/build/atf/bl2/bl2_image_load_v2.o
LOAD ../../../../amebasmart_gcc_project/project_ap/asdk/build/atf/bl2/bl2_main.o
LOAD ../../../../amebasmart_gcc_project/project_ap/asdk/build/atf/bl2/bl2_arch_setup.o
LOAD ../../../../amebasmart_gcc_project/project_ap/asdk/build/atf/bl2/systimer.o
LOAD ../../../../amebasmart_gcc_project/project_ap/asdk/build/atf/bl2/bl_common.o
LOAD ../../../../amebasmart_gcc_project/project_ap/asdk/build/atf/bl2/tf_log.o
LOAD ../../../../amebasmart_gcc_project/project_ap/asdk/build/atf/bl2/multi_console.o
LOAD ../../../../amebasmart_gcc_project/project_ap/asdk/build/atf/bl2/plat_bl_common.o
LOAD ../../../../amebasmart_gcc_project/project_ap/asdk/build/atf/bl2/plat_log_common.o
LOAD ../../../../amebasmart_gcc_project/project_ap/asdk/build/atf/bl2/plat_common.o
LOAD ../../../../amebasmart_gcc_project/project_ap/asdk/build/atf/bl2/popcountdi2.o
LOAD ../../../../amebasmart_gcc_project/project_ap/asdk/build/atf/bl2/popcountsi2.o
LOAD ../../../../amebasmart_gcc_project/project_ap/asdk/build/atf/bl2/ctzdi2.o
LOAD ../../../../amebasmart_gcc_project/project_ap/asdk/build/atf/bl2/divdi3.o
LOAD ../../../../amebasmart_gcc_project/project_ap/asdk/build/atf/bl2/divmoddi4.o
LOAD ../../../../amebasmart_gcc_project/project_ap/asdk/build/atf/bl2/lshrdi3.o
LOAD ../../../../amebasmart_gcc_project/project_ap/asdk/build/atf/bl2/udivmoddi4.o
LOAD ../../../../amebasmart_gcc_project/project_ap/asdk/build/atf/bl2/sheipa_common.o
LOAD ../../../../amebasmart_gcc_project/project_ap/asdk/build/atf/bl2/sheipa_console_setup.o
LOAD ../../../../amebasmart_gcc_project/project_ap/asdk/build/atf/bl2/sheipa_ipc.o
LOAD ../../../../amebasmart_gcc_project/project_ap/asdk/build/atf/bl2/sheipa_pm_ext.o
LOAD ../../../../amebasmart_gcc_project/project_ap/asdk/build/atf/bl2/xlat_tables_arch.o
LOAD ../../../../amebasmart_gcc_project/project_ap/asdk/build/atf/bl2/xlat_tables_context.o
LOAD ../../../../amebasmart_gcc_project/project_ap/asdk/build/atf/bl2/xlat_tables_core.o
LOAD ../../../../amebasmart_gcc_project/project_ap/asdk/build/atf/bl2/xlat_tables_utils.o
LOAD ../../../../amebasmart_gcc_project/project_ap/asdk/build/atf/bl2/semihosting_call.o
LOAD ../../../../amebasmart_gcc_project/project_ap/asdk/build/atf/bl2/platform_up_stack.o
LOAD ../../../../amebasmart_gcc_project/project_ap/asdk/build/atf/bl2/spinlock.o
LOAD ../../../../amebasmart_gcc_project/project_ap/asdk/build/atf/bl2/bl2_entrypoint.o
LOAD ../../../../amebasmart_gcc_project/project_ap/asdk/build/atf/bl2/debug.o
LOAD ../../../../amebasmart_gcc_project/project_ap/asdk/build/atf/bl2/cache_helpers.o
LOAD ../../../../amebasmart_gcc_project/project_ap/asdk/build/atf/bl2/misc_helpers.o
LOAD ../../../../amebasmart_gcc_project/project_ap/asdk/build/atf/bl2/platform_helpers.o
LOAD ../../../../amebasmart_gcc_project/project_ap/asdk/build/atf/bl2/aeabi_ldivmod.o
LOAD ../../../../amebasmart_gcc_project/project_ap/asdk/build/atf/bl2/aeabi_uldivmod.o
LOAD ../../../../amebasmart_gcc_project/project_ap/asdk/build/atf/bl2/plat_helpers.o
LOAD ../../../../amebasmart_gcc_project/project_ap/asdk/build/atf/bl2/sheipa_console.o
LOAD ../../../../amebasmart_gcc_project/project_ap/asdk/build/atf/bl2/enable_mmu.o
LOAD ../../../../amebasmart_gcc_project/project_ap/asdk/build/atf/lib/libfdt.a
LOAD ../../../../amebasmart_gcc_project/project_ap/asdk/build/atf/lib/libc.a
OUTPUT(../../../../amebasmart_gcc_project/project_ap/asdk/build/atf/bl2/bl2.elf elf32-littlearm)
LOAD linker stubs

.debug_info     0x0000000000000000     0xb3c4
 .debug_info    0x0000000000000000      0x92d ../../../../amebasmart_gcc_project/project_ap/asdk/build/atf/bl2/io_semihosting.o
 .debug_info    0x000000000000092d      0xf05 ../../../../amebasmart_gcc_project/project_ap/asdk/build/atf/bl2/io_storage.o
 .debug_info    0x0000000000001832      0xfca ../../../../amebasmart_gcc_project/project_ap/asdk/build/atf/bl2/io_fip.o
 .debug_info    0x00000000000027fc      0x8e4 ../../../../amebasmart_gcc_project/project_ap/asdk/build/atf/bl2/io_memmap.o
 .debug_info    0x00000000000030e0      0x7d5 ../../../../amebasmart_gcc_project/project_ap/asdk/build/atf/bl2/semihosting.o
 .debug_info    0x00000000000038b5      0xb2b ../../../../amebasmart_gcc_project/project_ap/asdk/build/atf/bl2/sheipa_io_storage.o
 .debug_info    0x00000000000043e0      0x6fa ../../../../amebasmart_gcc_project/project_ap/asdk/build/atf/bl2/sheipa_bl2_setup.o
 .debug_info    0x0000000000004ada      0x3ab ../../../../amebasmart_gcc_project/project_ap/asdk/build/atf/bl2/sheipa_bl2_mem_params_desc.o
 .debug_info    0x0000000000004e85      0x3f7 ../../../../amebasmart_gcc_project/project_ap/asdk/build/atf/bl2/sheipa_image_load.o
 .debug_info    0x000000000000527c      0x862 ../../../../amebasmart_gcc_project/project_ap/asdk/build/atf/bl2/desc_image_load.o
 .debug_info    0x0000000000005ade      0x504 ../../../../amebasmart_gcc_project/project_ap/asdk/build/atf/bl2/bl2_image_load_v2.o
 .debug_info    0x0000000000005fe2      0x397 ../../../../amebasmart_gcc_project/project_ap/asdk/build/atf/bl2/bl2_main.o
 .debug_info    0x0000000000006379       0xf6 ../../../../amebasmart_gcc_project/project_ap/asdk/build/atf/bl2/bl2_arch_setup.o
 .debug_info    0x000000000000646f      0x153 ../../../../amebasmart_gcc_project/project_ap/asdk/build/atf/bl2/systimer.o
 .debug_info    0x00000000000065c2      0x5d6 ../../../../amebasmart_gcc_project/project_ap/asdk/build/atf/bl2/bl_common.o
 .debug_info    0x0000000000006b98      0x211 ../../../../amebasmart_gcc_project/project_ap/asdk/build/atf/bl2/tf_log.o
 .debug_info    0x0000000000006da9      0x551 ../../../../amebasmart_gcc_project/project_ap/asdk/build/atf/bl2/multi_console.o
 .debug_info    0x00000000000072fa      0x45a ../../../../amebasmart_gcc_project/project_ap/asdk/build/atf/bl2/plat_bl_common.o
 .debug_info    0x0000000000007754      0x150 ../../../../amebasmart_gcc_project/project_ap/asdk/build/atf/bl2/plat_log_common.o
 .debug_info    0x00000000000078a4      0x154 ../../../../amebasmart_gcc_project/project_ap/asdk/build/atf/bl2/ctzdi2.o
 .debug_info    0x00000000000079f8      0x1f2 ../../../../amebasmart_gcc_project/project_ap/asdk/build/atf/bl2/udivmoddi4.o
 .debug_info    0x0000000000007bea      0x333 ../../../../amebasmart_gcc_project/project_ap/asdk/build/atf/bl2/sheipa_common.o
 .debug_info    0x0000000000007f1d      0x24f ../../../../amebasmart_gcc_project/project_ap/asdk/build/atf/bl2/sheipa_console_setup.o
 .debug_info    0x000000000000816c      0x8a8 ../../../../amebasmart_gcc_project/project_ap/asdk/build/atf/bl2/xlat_tables_arch.o
 .debug_info    0x0000000000008a14      0x74a ../../../../amebasmart_gcc_project/project_ap/asdk/build/atf/bl2/xlat_tables_context.o
 .debug_info    0x000000000000915e      0xdfd ../../../../amebasmart_gcc_project/project_ap/asdk/build/atf/bl2/xlat_tables_core.o
 .debug_info    0x0000000000009f5b      0x90c ../../../../amebasmart_gcc_project/project_ap/asdk/build/atf/bl2/xlat_tables_utils.o
 .debug_info    0x000000000000a867       0x26 ../../../../amebasmart_gcc_project/project_ap/asdk/build/atf/bl2/semihosting_call.o
 .debug_info    0x000000000000a88d       0x22 ../../../../amebasmart_gcc_project/project_ap/asdk/build/atf/bl2/platform_up_stack.o
 .debug_info    0x000000000000a8af       0x22 ../../../../amebasmart_gcc_project/project_ap/asdk/build/atf/bl2/bl2_entrypoint.o
 .debug_info    0x000000000000a8d1       0x22 ../../../../amebasmart_gcc_project/project_ap/asdk/build/atf/bl2/debug.o
 .debug_info    0x000000000000a8f3       0x22 ../../../../amebasmart_gcc_project/project_ap/asdk/build/atf/bl2/cache_helpers.o
 .debug_info    0x000000000000a915       0x22 ../../../../amebasmart_gcc_project/project_ap/asdk/build/atf/bl2/misc_helpers.o
 .debug_info    0x000000000000a937       0x26 ../../../../amebasmart_gcc_project/project_ap/asdk/build/atf/bl2/aeabi_uldivmod.o
 .debug_info    0x000000000000a95d       0x22 ../../../../amebasmart_gcc_project/project_ap/asdk/build/atf/bl2/plat_helpers.o
 .debug_info    0x000000000000a97f       0x22 ../../../../amebasmart_gcc_project/project_ap/asdk/build/atf/bl2/sheipa_console.o
 .debug_info    0x000000000000a9a1       0x22 ../../../../amebasmart_gcc_project/project_ap/asdk/build/atf/bl2/enable_mmu.o
 .debug_info    0x000000000000a9c3      0x119 ../../../../amebasmart_gcc_project/project_ap/asdk/build/atf/lib/libc.a(assert.o)
 .debug_info    0x000000000000aadc       0xff ../../../../amebasmart_gcc_project/project_ap/asdk/build/atf/lib/libc.a(memcmp.o)
 .debug_info    0x000000000000abdb       0xd6 ../../../../amebasmart_gcc_project/project_ap/asdk/build/atf/lib/libc.a(memcpy.o)
 .debug_info    0x000000000000acb1      0x125 ../../../../amebasmart_gcc_project/project_ap/asdk/build/atf/lib/libc.a(memmove.o)
 .debug_info    0x000000000000add6      0x490 ../../../../amebasmart_gcc_project/project_ap/asdk/build/atf/lib/libc.a(printf.o)
 .debug_info    0x000000000000b266       0xcb ../../../../amebasmart_gcc_project/project_ap/asdk/build/atf/lib/libc.a(putchar.o)
 .debug_info    0x000000000000b331       0x93 ../../../../amebasmart_gcc_project/project_ap/asdk/build/atf/lib/libc.a(strlen.o)

.debug_abbrev   0x0000000000000000     0x34d1
 .debug_abbrev  0x0000000000000000      0x173 ../../../../amebasmart_gcc_project/project_ap/asdk/build/atf/bl2/io_semihosting.o
 .debug_abbrev  0x0000000000000173      0x32d ../../../../amebasmart_gcc_project/project_ap/asdk/build/atf/bl2/io_storage.o
 .debug_abbrev  0x00000000000004a0      0x2ff ../../../../amebasmart_gcc_project/project_ap/asdk/build/atf/bl2/io_fip.o
 .debug_abbrev  0x000000000000079f      0x196 ../../../../amebasmart_gcc_project/project_ap/asdk/build/atf/bl2/io_memmap.o
 .debug_abbrev  0x0000000000000935      0x18c ../../../../amebasmart_gcc_project/project_ap/asdk/build/atf/bl2/semihosting.o
 .debug_abbrev  0x0000000000000ac1      0x224 ../../../../amebasmart_gcc_project/project_ap/asdk/build/atf/bl2/sheipa_io_storage.o
 .debug_abbrev  0x0000000000000ce5      0x25d ../../../../amebasmart_gcc_project/project_ap/asdk/build/atf/bl2/sheipa_bl2_setup.o
 .debug_abbrev  0x0000000000000f42       0xcc ../../../../amebasmart_gcc_project/project_ap/asdk/build/atf/bl2/sheipa_bl2_mem_params_desc.o
 .debug_abbrev  0x000000000000100e       0xe6 ../../../../amebasmart_gcc_project/project_ap/asdk/build/atf/bl2/sheipa_image_load.o
 .debug_abbrev  0x00000000000010f4      0x25e ../../../../amebasmart_gcc_project/project_ap/asdk/build/atf/bl2/desc_image_load.o
 .debug_abbrev  0x0000000000001352      0x11b ../../../../amebasmart_gcc_project/project_ap/asdk/build/atf/bl2/bl2_image_load_v2.o
 .debug_abbrev  0x000000000000146d      0x132 ../../../../amebasmart_gcc_project/project_ap/asdk/build/atf/bl2/bl2_main.o
 .debug_abbrev  0x000000000000159f       0x69 ../../../../amebasmart_gcc_project/project_ap/asdk/build/atf/bl2/bl2_arch_setup.o
 .debug_abbrev  0x0000000000001608       0xe9 ../../../../amebasmart_gcc_project/project_ap/asdk/build/atf/bl2/systimer.o
 .debug_abbrev  0x00000000000016f1      0x1e8 ../../../../amebasmart_gcc_project/project_ap/asdk/build/atf/bl2/bl_common.o
 .debug_abbrev  0x00000000000018d9      0x11d ../../../../amebasmart_gcc_project/project_ap/asdk/build/atf/bl2/tf_log.o
 .debug_abbrev  0x00000000000019f6      0x222 ../../../../amebasmart_gcc_project/project_ap/asdk/build/atf/bl2/multi_console.o
 .debug_abbrev  0x0000000000001c18      0x2af ../../../../amebasmart_gcc_project/project_ap/asdk/build/atf/bl2/plat_bl_common.o
 .debug_abbrev  0x0000000000001ec7       0xbf ../../../../amebasmart_gcc_project/project_ap/asdk/build/atf/bl2/plat_log_common.o
 .debug_abbrev  0x0000000000001f86       0xe2 ../../../../amebasmart_gcc_project/project_ap/asdk/build/atf/bl2/ctzdi2.o
 .debug_abbrev  0x0000000000002068      0x11b ../../../../amebasmart_gcc_project/project_ap/asdk/build/atf/bl2/udivmoddi4.o
 .debug_abbrev  0x0000000000002183      0x136 ../../../../amebasmart_gcc_project/project_ap/asdk/build/atf/bl2/sheipa_common.o
 .debug_abbrev  0x00000000000022b9      0x102 ../../../../amebasmart_gcc_project/project_ap/asdk/build/atf/bl2/sheipa_console_setup.o
 .debug_abbrev  0x00000000000023bb      0x2ab ../../../../amebasmart_gcc_project/project_ap/asdk/build/atf/bl2/xlat_tables_arch.o
 .debug_abbrev  0x0000000000002666      0x20a ../../../../amebasmart_gcc_project/project_ap/asdk/build/atf/bl2/xlat_tables_context.o
 .debug_abbrev  0x0000000000002870      0x31e ../../../../amebasmart_gcc_project/project_ap/asdk/build/atf/bl2/xlat_tables_core.o
 .debug_abbrev  0x0000000000002b8e      0x2a1 ../../../../amebasmart_gcc_project/project_ap/asdk/build/atf/bl2/xlat_tables_utils.o
 .debug_abbrev  0x0000000000002e2f       0x14 ../../../../amebasmart_gcc_project/project_ap/asdk/build/atf/bl2/semihosting_call.o
 .debug_abbrev  0x0000000000002e43       0x12 ../../../../amebasmart_gcc_project/project_ap/asdk/build/atf/bl2/platform_up_stack.o
 .debug_abbrev  0x0000000000002e55       0x12 ../../../../amebasmart_gcc_project/project_ap/asdk/build/atf/bl2/bl2_entrypoint.o
 .debug_abbrev  0x0000000000002e67       0x12 ../../../../amebasmart_gcc_project/project_ap/asdk/build/atf/bl2/debug.o
 .debug_abbrev  0x0000000000002e79       0x12 ../../../../amebasmart_gcc_project/project_ap/asdk/build/atf/bl2/cache_helpers.o
 .debug_abbrev  0x0000000000002e8b       0x12 ../../../../amebasmart_gcc_project/project_ap/asdk/build/atf/bl2/misc_helpers.o
 .debug_abbrev  0x0000000000002e9d       0x14 ../../../../amebasmart_gcc_project/project_ap/asdk/build/atf/bl2/aeabi_uldivmod.o
 .debug_abbrev  0x0000000000002eb1       0x12 ../../../../amebasmart_gcc_project/project_ap/asdk/build/atf/bl2/plat_helpers.o
 .debug_abbrev  0x0000000000002ec3       0x12 ../../../../amebasmart_gcc_project/project_ap/asdk/build/atf/bl2/sheipa_console.o
 .debug_abbrev  0x0000000000002ed5       0x12 ../../../../amebasmart_gcc_project/project_ap/asdk/build/atf/bl2/enable_mmu.o
 .debug_abbrev  0x0000000000002ee7       0x8c ../../../../amebasmart_gcc_project/project_ap/asdk/build/atf/lib/libc.a(assert.o)
 .debug_abbrev  0x0000000000002f73       0x94 ../../../../amebasmart_gcc_project/project_ap/asdk/build/atf/lib/libc.a(memcmp.o)
 .debug_abbrev  0x0000000000003007       0xa1 ../../../../amebasmart_gcc_project/project_ap/asdk/build/atf/lib/libc.a(memcpy.o)
 .debug_abbrev  0x00000000000030a8       0xc6 ../../../../amebasmart_gcc_project/project_ap/asdk/build/atf/lib/libc.a(memmove.o)
 .debug_abbrev  0x000000000000316e      0x24a ../../../../amebasmart_gcc_project/project_ap/asdk/build/atf/lib/libc.a(printf.o)
 .debug_abbrev  0x00000000000033b8       0x95 ../../../../amebasmart_gcc_project/project_ap/asdk/build/atf/lib/libc.a(putchar.o)
 .debug_abbrev  0x000000000000344d       0x84 ../../../../amebasmart_gcc_project/project_ap/asdk/build/atf/lib/libc.a(strlen.o)

.debug_loc      0x0000000000000000     0x7436
 .debug_loc     0x0000000000000000      0x774 ../../../../amebasmart_gcc_project/project_ap/asdk/build/atf/bl2/io_semihosting.o
 .debug_loc     0x0000000000000774      0xd97 ../../../../amebasmart_gcc_project/project_ap/asdk/build/atf/bl2/io_storage.o
 .debug_loc     0x000000000000150b      0xa3b ../../../../amebasmart_gcc_project/project_ap/asdk/build/atf/bl2/io_fip.o
 .debug_loc     0x0000000000001f46      0x662 ../../../../amebasmart_gcc_project/project_ap/asdk/build/atf/bl2/io_memmap.o
 .debug_loc     0x00000000000025a8      0x559 ../../../../amebasmart_gcc_project/project_ap/asdk/build/atf/bl2/semihosting.o
 .debug_loc     0x0000000000002b01      0x43a ../../../../amebasmart_gcc_project/project_ap/asdk/build/atf/bl2/sheipa_io_storage.o
 .debug_loc     0x0000000000002f3b      0x14e ../../../../amebasmart_gcc_project/project_ap/asdk/build/atf/bl2/sheipa_bl2_setup.o
 .debug_loc     0x0000000000003089      0x70d ../../../../amebasmart_gcc_project/project_ap/asdk/build/atf/bl2/desc_image_load.o
 .debug_loc     0x0000000000003796      0x155 ../../../../amebasmart_gcc_project/project_ap/asdk/build/atf/bl2/bl2_image_load_v2.o
 .debug_loc     0x00000000000038eb       0xb6 ../../../../amebasmart_gcc_project/project_ap/asdk/build/atf/bl2/bl2_main.o
 .debug_loc     0x00000000000039a1       0x5e ../../../../amebasmart_gcc_project/project_ap/asdk/build/atf/bl2/systimer.o
 .debug_loc     0x00000000000039ff      0x1a7 ../../../../amebasmart_gcc_project/project_ap/asdk/build/atf/bl2/bl_common.o
 .debug_loc     0x0000000000003ba6       0xa1 ../../../../amebasmart_gcc_project/project_ap/asdk/build/atf/bl2/tf_log.o
 .debug_loc     0x0000000000003c47      0x2f1 ../../../../amebasmart_gcc_project/project_ap/asdk/build/atf/bl2/multi_console.o
 .debug_loc     0x0000000000003f38      0x194 ../../../../amebasmart_gcc_project/project_ap/asdk/build/atf/bl2/plat_bl_common.o
 .debug_loc     0x00000000000040cc       0x96 ../../../../amebasmart_gcc_project/project_ap/asdk/build/atf/bl2/plat_log_common.o
 .debug_loc     0x0000000000004162       0x41 ../../../../amebasmart_gcc_project/project_ap/asdk/build/atf/bl2/ctzdi2.o
 .debug_loc     0x00000000000041a3      0x2da ../../../../amebasmart_gcc_project/project_ap/asdk/build/atf/bl2/udivmoddi4.o
 .debug_loc     0x000000000000447d      0x14b ../../../../amebasmart_gcc_project/project_ap/asdk/build/atf/bl2/sheipa_common.o
 .debug_loc     0x00000000000045c8      0x462 ../../../../amebasmart_gcc_project/project_ap/asdk/build/atf/bl2/xlat_tables_arch.o
 .debug_loc     0x0000000000004a2a      0x3a1 ../../../../amebasmart_gcc_project/project_ap/asdk/build/atf/bl2/xlat_tables_context.o
 .debug_loc     0x0000000000004dcb     0x13ac ../../../../amebasmart_gcc_project/project_ap/asdk/build/atf/bl2/xlat_tables_core.o
 .debug_loc     0x0000000000006177      0x7a5 ../../../../amebasmart_gcc_project/project_ap/asdk/build/atf/bl2/xlat_tables_utils.o
 .debug_loc     0x000000000000691c      0x11a ../../../../amebasmart_gcc_project/project_ap/asdk/build/atf/lib/libc.a(memcmp.o)
 .debug_loc     0x0000000000006a36       0xa2 ../../../../amebasmart_gcc_project/project_ap/asdk/build/atf/lib/libc.a(memcpy.o)
 .debug_loc     0x0000000000006ad8      0x170 ../../../../amebasmart_gcc_project/project_ap/asdk/build/atf/lib/libc.a(memmove.o)
 .debug_loc     0x0000000000006c48      0x785 ../../../../amebasmart_gcc_project/project_ap/asdk/build/atf/lib/libc.a(printf.o)
 .debug_loc     0x00000000000073cd       0x22 ../../../../amebasmart_gcc_project/project_ap/asdk/build/atf/lib/libc.a(putchar.o)
 .debug_loc     0x00000000000073ef       0x47 ../../../../amebasmart_gcc_project/project_ap/asdk/build/atf/lib/libc.a(strlen.o)

.debug_aranges  0x0000000000000000      0xa38
 .debug_aranges
                0x0000000000000000       0x60 ../../../../amebasmart_gcc_project/project_ap/asdk/build/atf/bl2/io_semihosting.o
 .debug_aranges
                0x0000000000000060       0x80 ../../../../amebasmart_gcc_project/project_ap/asdk/build/atf/bl2/io_storage.o
 .debug_aranges
                0x00000000000000e0       0x68 ../../../../amebasmart_gcc_project/project_ap/asdk/build/atf/bl2/io_fip.o
 .debug_aranges
                0x0000000000000148       0x68 ../../../../amebasmart_gcc_project/project_ap/asdk/build/atf/bl2/io_memmap.o
 .debug_aranges
                0x00000000000001b0       0x88 ../../../../amebasmart_gcc_project/project_ap/asdk/build/atf/bl2/semihosting.o
 .debug_aranges
                0x0000000000000238       0x38 ../../../../amebasmart_gcc_project/project_ap/asdk/build/atf/bl2/sheipa_io_storage.o
 .debug_aranges
                0x0000000000000270       0x40 ../../../../amebasmart_gcc_project/project_ap/asdk/build/atf/bl2/sheipa_bl2_setup.o
 .debug_aranges
                0x00000000000002b0       0x18 ../../../../amebasmart_gcc_project/project_ap/asdk/build/atf/bl2/sheipa_bl2_mem_params_desc.o
 .debug_aranges
                0x00000000000002c8       0x30 ../../../../amebasmart_gcc_project/project_ap/asdk/build/atf/bl2/sheipa_image_load.o
 .debug_aranges
                0x00000000000002f8       0x58 ../../../../amebasmart_gcc_project/project_ap/asdk/build/atf/bl2/desc_image_load.o
 .debug_aranges
                0x0000000000000350       0x20 ../../../../amebasmart_gcc_project/project_ap/asdk/build/atf/bl2/bl2_image_load_v2.o
 .debug_aranges
                0x0000000000000370       0x28 ../../../../amebasmart_gcc_project/project_ap/asdk/build/atf/bl2/bl2_main.o
 .debug_aranges
                0x0000000000000398       0x20 ../../../../amebasmart_gcc_project/project_ap/asdk/build/atf/bl2/bl2_arch_setup.o
 .debug_aranges
                0x00000000000003b8       0x20 ../../../../amebasmart_gcc_project/project_ap/asdk/build/atf/bl2/systimer.o
 .debug_aranges
                0x00000000000003d8       0x30 ../../../../amebasmart_gcc_project/project_ap/asdk/build/atf/bl2/bl_common.o
 .debug_aranges
                0x0000000000000408       0x28 ../../../../amebasmart_gcc_project/project_ap/asdk/build/atf/bl2/tf_log.o
 .debug_aranges
                0x0000000000000430       0x58 ../../../../amebasmart_gcc_project/project_ap/asdk/build/atf/bl2/multi_console.o
 .debug_aranges
                0x0000000000000488       0x50 ../../../../amebasmart_gcc_project/project_ap/asdk/build/atf/bl2/plat_bl_common.o
 .debug_aranges
                0x00000000000004d8       0x20 ../../../../amebasmart_gcc_project/project_ap/asdk/build/atf/bl2/plat_log_common.o
 .debug_aranges
                0x00000000000004f8       0x20 ../../../../amebasmart_gcc_project/project_ap/asdk/build/atf/bl2/ctzdi2.o
 .debug_aranges
                0x0000000000000518       0x20 ../../../../amebasmart_gcc_project/project_ap/asdk/build/atf/bl2/udivmoddi4.o
 .debug_aranges
                0x0000000000000538       0x28 ../../../../amebasmart_gcc_project/project_ap/asdk/build/atf/bl2/sheipa_common.o
 .debug_aranges
                0x0000000000000560       0x20 ../../../../amebasmart_gcc_project/project_ap/asdk/build/atf/bl2/sheipa_console_setup.o
 .debug_aranges
                0x0000000000000580       0x70 ../../../../amebasmart_gcc_project/project_ap/asdk/build/atf/bl2/xlat_tables_arch.o
 .debug_aranges
                0x00000000000005f0       0x60 ../../../../amebasmart_gcc_project/project_ap/asdk/build/atf/bl2/xlat_tables_context.o
 .debug_aranges
                0x0000000000000650       0x50 ../../../../amebasmart_gcc_project/project_ap/asdk/build/atf/bl2/xlat_tables_core.o
 .debug_aranges
                0x00000000000006a0       0x40 ../../../../amebasmart_gcc_project/project_ap/asdk/build/atf/bl2/xlat_tables_utils.o
 .debug_aranges
                0x00000000000006e0       0x20 ../../../../amebasmart_gcc_project/project_ap/asdk/build/atf/bl2/semihosting_call.o
 .debug_aranges
                0x0000000000000700       0x28 ../../../../amebasmart_gcc_project/project_ap/asdk/build/atf/bl2/platform_up_stack.o
 .debug_aranges
                0x0000000000000728       0x28 ../../../../amebasmart_gcc_project/project_ap/asdk/build/atf/bl2/bl2_entrypoint.o
 .debug_aranges
                0x0000000000000750       0x50 ../../../../amebasmart_gcc_project/project_ap/asdk/build/atf/bl2/debug.o
 .debug_aranges
                0x00000000000007a0       0x60 ../../../../amebasmart_gcc_project/project_ap/asdk/build/atf/bl2/cache_helpers.o
 .debug_aranges
                0x0000000000000800       0x40 ../../../../amebasmart_gcc_project/project_ap/asdk/build/atf/bl2/misc_helpers.o
 .debug_aranges
                0x0000000000000840       0x20 ../../../../amebasmart_gcc_project/project_ap/asdk/build/atf/bl2/aeabi_uldivmod.o
 .debug_aranges
                0x0000000000000860       0x80 ../../../../amebasmart_gcc_project/project_ap/asdk/build/atf/bl2/plat_helpers.o
 .debug_aranges
                0x00000000000008e0       0x40 ../../../../amebasmart_gcc_project/project_ap/asdk/build/atf/bl2/sheipa_console.o
 .debug_aranges
                0x0000000000000920       0x28 ../../../../amebasmart_gcc_project/project_ap/asdk/build/atf/bl2/enable_mmu.o
 .debug_aranges
                0x0000000000000948       0x20 ../../../../amebasmart_gcc_project/project_ap/asdk/build/atf/lib/libc.a(assert.o)
 .debug_aranges
                0x0000000000000968       0x20 ../../../../amebasmart_gcc_project/project_ap/asdk/build/atf/lib/libc.a(memcmp.o)
 .debug_aranges
                0x0000000000000988       0x20 ../../../../amebasmart_gcc_project/project_ap/asdk/build/atf/lib/libc.a(memcpy.o)
 .debug_aranges
                0x00000000000009a8       0x20 ../../../../amebasmart_gcc_project/project_ap/asdk/build/atf/lib/libc.a(memmove.o)
 .debug_aranges
                0x00000000000009c8       0x30 ../../../../amebasmart_gcc_project/project_ap/asdk/build/atf/lib/libc.a(printf.o)
 .debug_aranges
                0x00000000000009f8       0x20 ../../../../amebasmart_gcc_project/project_ap/asdk/build/atf/lib/libc.a(putchar.o)
 .debug_aranges
                0x0000000000000a18       0x20 ../../../../amebasmart_gcc_project/project_ap/asdk/build/atf/lib/libc.a(strlen.o)

.debug_ranges   0x0000000000000000      0xd90
 .debug_ranges  0x0000000000000000       0x50 ../../../../amebasmart_gcc_project/project_ap/asdk/build/atf/bl2/io_semihosting.o
 .debug_ranges  0x0000000000000050      0x110 ../../../../amebasmart_gcc_project/project_ap/asdk/build/atf/bl2/io_storage.o
 .debug_ranges  0x0000000000000160       0xe0 ../../../../amebasmart_gcc_project/project_ap/asdk/build/atf/bl2/io_fip.o
 .debug_ranges  0x0000000000000240       0x58 ../../../../amebasmart_gcc_project/project_ap/asdk/build/atf/bl2/io_memmap.o
 .debug_ranges  0x0000000000000298       0x78 ../../../../amebasmart_gcc_project/project_ap/asdk/build/atf/bl2/semihosting.o
 .debug_ranges  0x0000000000000310       0x48 ../../../../amebasmart_gcc_project/project_ap/asdk/build/atf/bl2/sheipa_io_storage.o
 .debug_ranges  0x0000000000000358       0x50 ../../../../amebasmart_gcc_project/project_ap/asdk/build/atf/bl2/sheipa_bl2_setup.o
 .debug_ranges  0x00000000000003a8       0x20 ../../../../amebasmart_gcc_project/project_ap/asdk/build/atf/bl2/sheipa_image_load.o
 .debug_ranges  0x00000000000003c8       0x60 ../../../../amebasmart_gcc_project/project_ap/asdk/build/atf/bl2/desc_image_load.o
 .debug_ranges  0x0000000000000428       0x10 ../../../../amebasmart_gcc_project/project_ap/asdk/build/atf/bl2/bl2_image_load_v2.o
 .debug_ranges  0x0000000000000438       0x18 ../../../../amebasmart_gcc_project/project_ap/asdk/build/atf/bl2/bl2_main.o
 .debug_ranges  0x0000000000000450       0x10 ../../../../amebasmart_gcc_project/project_ap/asdk/build/atf/bl2/bl2_arch_setup.o
 .debug_ranges  0x0000000000000460       0x10 ../../../../amebasmart_gcc_project/project_ap/asdk/build/atf/bl2/systimer.o
 .debug_ranges  0x0000000000000470       0x58 ../../../../amebasmart_gcc_project/project_ap/asdk/build/atf/bl2/bl_common.o
 .debug_ranges  0x00000000000004c8       0x18 ../../../../amebasmart_gcc_project/project_ap/asdk/build/atf/bl2/tf_log.o
 .debug_ranges  0x00000000000004e0       0x90 ../../../../amebasmart_gcc_project/project_ap/asdk/build/atf/bl2/multi_console.o
 .debug_ranges  0x0000000000000570       0x40 ../../../../amebasmart_gcc_project/project_ap/asdk/build/atf/bl2/plat_bl_common.o
 .debug_ranges  0x00000000000005b0       0x10 ../../../../amebasmart_gcc_project/project_ap/asdk/build/atf/bl2/plat_log_common.o
 .debug_ranges  0x00000000000005c0       0x10 ../../../../amebasmart_gcc_project/project_ap/asdk/build/atf/bl2/ctzdi2.o
 .debug_ranges  0x00000000000005d0       0x10 ../../../../amebasmart_gcc_project/project_ap/asdk/build/atf/bl2/udivmoddi4.o
 .debug_ranges  0x00000000000005e0       0x18 ../../../../amebasmart_gcc_project/project_ap/asdk/build/atf/bl2/sheipa_common.o
 .debug_ranges  0x00000000000005f8       0x10 ../../../../amebasmart_gcc_project/project_ap/asdk/build/atf/bl2/sheipa_console_setup.o
 .debug_ranges  0x0000000000000608       0xd8 ../../../../amebasmart_gcc_project/project_ap/asdk/build/atf/bl2/xlat_tables_arch.o
 .debug_ranges  0x00000000000006e0       0x50 ../../../../amebasmart_gcc_project/project_ap/asdk/build/atf/bl2/xlat_tables_context.o
 .debug_ranges  0x0000000000000730      0x278 ../../../../amebasmart_gcc_project/project_ap/asdk/build/atf/bl2/xlat_tables_core.o
 .debug_ranges  0x00000000000009a8      0x108 ../../../../amebasmart_gcc_project/project_ap/asdk/build/atf/bl2/xlat_tables_utils.o
 .debug_ranges  0x0000000000000ab0       0x20 ../../../../amebasmart_gcc_project/project_ap/asdk/build/atf/bl2/platform_up_stack.o
 .debug_ranges  0x0000000000000ad0       0x20 ../../../../amebasmart_gcc_project/project_ap/asdk/build/atf/bl2/bl2_entrypoint.o
 .debug_ranges  0x0000000000000af0       0x48 ../../../../amebasmart_gcc_project/project_ap/asdk/build/atf/bl2/debug.o
 .debug_ranges  0x0000000000000b38       0x58 ../../../../amebasmart_gcc_project/project_ap/asdk/build/atf/bl2/cache_helpers.o
 .debug_ranges  0x0000000000000b90       0x38 ../../../../amebasmart_gcc_project/project_ap/asdk/build/atf/bl2/misc_helpers.o
 .debug_ranges  0x0000000000000bc8       0x78 ../../../../amebasmart_gcc_project/project_ap/asdk/build/atf/bl2/plat_helpers.o
 .debug_ranges  0x0000000000000c40       0x38 ../../../../amebasmart_gcc_project/project_ap/asdk/build/atf/bl2/sheipa_console.o
 .debug_ranges  0x0000000000000c78       0x20 ../../../../amebasmart_gcc_project/project_ap/asdk/build/atf/bl2/enable_mmu.o
 .debug_ranges  0x0000000000000c98       0x10 ../../../../amebasmart_gcc_project/project_ap/asdk/build/atf/lib/libc.a(assert.o)
 .debug_ranges  0x0000000000000ca8       0x10 ../../../../amebasmart_gcc_project/project_ap/asdk/build/atf/lib/libc.a(memcmp.o)
 .debug_ranges  0x0000000000000cb8       0x10 ../../../../amebasmart_gcc_project/project_ap/asdk/build/atf/lib/libc.a(memcpy.o)
 .debug_ranges  0x0000000000000cc8       0x28 ../../../../amebasmart_gcc_project/project_ap/asdk/build/atf/lib/libc.a(memmove.o)
 .debug_ranges  0x0000000000000cf0       0x80 ../../../../amebasmart_gcc_project/project_ap/asdk/build/atf/lib/libc.a(printf.o)
 .debug_ranges  0x0000000000000d70       0x10 ../../../../amebasmart_gcc_project/project_ap/asdk/build/atf/lib/libc.a(putchar.o)
 .debug_ranges  0x0000000000000d80       0x10 ../../../../amebasmart_gcc_project/project_ap/asdk/build/atf/lib/libc.a(strlen.o)

.debug_line     0x0000000000000000     0x5df2
 .debug_line    0x0000000000000000      0x362 ../../../../amebasmart_gcc_project/project_ap/asdk/build/atf/bl2/io_semihosting.o
 .debug_line    0x0000000000000362      0x538 ../../../../amebasmart_gcc_project/project_ap/asdk/build/atf/bl2/io_storage.o
 .debug_line    0x000000000000089a      0x59c ../../../../amebasmart_gcc_project/project_ap/asdk/build/atf/bl2/io_fip.o
 .debug_line    0x0000000000000e36      0x3b0 ../../../../amebasmart_gcc_project/project_ap/asdk/build/atf/bl2/io_memmap.o
 .debug_line    0x00000000000011e6      0x3ee ../../../../amebasmart_gcc_project/project_ap/asdk/build/atf/bl2/semihosting.o
 .debug_line    0x00000000000015d4      0x303 ../../../../amebasmart_gcc_project/project_ap/asdk/build/atf/bl2/sheipa_io_storage.o
 .debug_line    0x00000000000018d7      0x264 ../../../../amebasmart_gcc_project/project_ap/asdk/build/atf/bl2/sheipa_bl2_setup.o
 .debug_line    0x0000000000001b3b       0xf1 ../../../../amebasmart_gcc_project/project_ap/asdk/build/atf/bl2/sheipa_bl2_mem_params_desc.o
 .debug_line    0x0000000000001c2c      0x12c ../../../../amebasmart_gcc_project/project_ap/asdk/build/atf/bl2/sheipa_image_load.o
 .debug_line    0x0000000000001d58      0x568 ../../../../amebasmart_gcc_project/project_ap/asdk/build/atf/bl2/desc_image_load.o
 .debug_line    0x00000000000022c0      0x231 ../../../../amebasmart_gcc_project/project_ap/asdk/build/atf/bl2/bl2_image_load_v2.o
 .debug_line    0x00000000000024f1      0x17e ../../../../amebasmart_gcc_project/project_ap/asdk/build/atf/bl2/bl2_main.o
 .debug_line    0x000000000000266f       0x8a ../../../../amebasmart_gcc_project/project_ap/asdk/build/atf/bl2/bl2_arch_setup.o
 .debug_line    0x00000000000026f9       0xcb ../../../../amebasmart_gcc_project/project_ap/asdk/build/atf/bl2/systimer.o
 .debug_line    0x00000000000027c4      0x315 ../../../../amebasmart_gcc_project/project_ap/asdk/build/atf/bl2/bl_common.o
 .debug_line    0x0000000000002ad9      0x160 ../../../../amebasmart_gcc_project/project_ap/asdk/build/atf/bl2/tf_log.o
 .debug_line    0x0000000000002c39      0x3b4 ../../../../amebasmart_gcc_project/project_ap/asdk/build/atf/bl2/multi_console.o
 .debug_line    0x0000000000002fed      0x250 ../../../../amebasmart_gcc_project/project_ap/asdk/build/atf/bl2/plat_bl_common.o
 .debug_line    0x000000000000323d       0x9d ../../../../amebasmart_gcc_project/project_ap/asdk/build/atf/bl2/plat_log_common.o
 .debug_line    0x00000000000032da       0x88 ../../../../amebasmart_gcc_project/project_ap/asdk/build/atf/bl2/ctzdi2.o
 .debug_line    0x0000000000003362      0x391 ../../../../amebasmart_gcc_project/project_ap/asdk/build/atf/bl2/udivmoddi4.o
 .debug_line    0x00000000000036f3      0x121 ../../../../amebasmart_gcc_project/project_ap/asdk/build/atf/bl2/sheipa_common.o
 .debug_line    0x0000000000003814       0xf9 ../../../../amebasmart_gcc_project/project_ap/asdk/build/atf/bl2/sheipa_console_setup.o
 .debug_line    0x000000000000390d      0x4b9 ../../../../amebasmart_gcc_project/project_ap/asdk/build/atf/bl2/xlat_tables_arch.o
 .debug_line    0x0000000000003dc6      0x2e7 ../../../../amebasmart_gcc_project/project_ap/asdk/build/atf/bl2/xlat_tables_context.o
 .debug_line    0x00000000000040ad      0x8ad ../../../../amebasmart_gcc_project/project_ap/asdk/build/atf/bl2/xlat_tables_core.o
 .debug_line    0x000000000000495a      0x58e ../../../../amebasmart_gcc_project/project_ap/asdk/build/atf/bl2/xlat_tables_utils.o
 .debug_line    0x0000000000004ee8       0x5b ../../../../amebasmart_gcc_project/project_ap/asdk/build/atf/bl2/semihosting_call.o
 .debug_line    0x0000000000004f43       0x6b ../../../../amebasmart_gcc_project/project_ap/asdk/build/atf/bl2/platform_up_stack.o
 .debug_line    0x0000000000004fae       0x93 ../../../../amebasmart_gcc_project/project_ap/asdk/build/atf/bl2/bl2_entrypoint.o
 .debug_line    0x0000000000005041      0x10a ../../../../amebasmart_gcc_project/project_ap/asdk/build/atf/bl2/debug.o
 .debug_line    0x000000000000514b       0xef ../../../../amebasmart_gcc_project/project_ap/asdk/build/atf/bl2/cache_helpers.o
 .debug_line    0x000000000000523a       0xbe ../../../../amebasmart_gcc_project/project_ap/asdk/build/atf/bl2/misc_helpers.o
 .debug_line    0x00000000000052f8       0x67 ../../../../amebasmart_gcc_project/project_ap/asdk/build/atf/bl2/aeabi_uldivmod.o
 .debug_line    0x000000000000535f      0x18f ../../../../amebasmart_gcc_project/project_ap/asdk/build/atf/bl2/plat_helpers.o
 .debug_line    0x00000000000054ee       0xd5 ../../../../amebasmart_gcc_project/project_ap/asdk/build/atf/bl2/sheipa_console.o
 .debug_line    0x00000000000055c3       0xa4 ../../../../amebasmart_gcc_project/project_ap/asdk/build/atf/bl2/enable_mmu.o
 .debug_line    0x0000000000005667       0xce ../../../../amebasmart_gcc_project/project_ap/asdk/build/atf/lib/libc.a(assert.o)
 .debug_line    0x0000000000005735       0xa5 ../../../../amebasmart_gcc_project/project_ap/asdk/build/atf/lib/libc.a(memcmp.o)
 .debug_line    0x00000000000057da       0x8b ../../../../amebasmart_gcc_project/project_ap/asdk/build/atf/lib/libc.a(memcpy.o)
 .debug_line    0x0000000000005865       0xd7 ../../../../amebasmart_gcc_project/project_ap/asdk/build/atf/lib/libc.a(memmove.o)
 .debug_line    0x000000000000593c      0x3c0 ../../../../amebasmart_gcc_project/project_ap/asdk/build/atf/lib/libc.a(printf.o)
 .debug_line    0x0000000000005cfc       0x7b ../../../../amebasmart_gcc_project/project_ap/asdk/build/atf/lib/libc.a(putchar.o)
 .debug_line    0x0000000000005d77       0x7b ../../../../amebasmart_gcc_project/project_ap/asdk/build/atf/lib/libc.a(strlen.o)

.debug_str      0x0000000000000000     0x26df
 .debug_str     0x0000000000000000      0x50f ../../../../amebasmart_gcc_project/project_ap/asdk/build/atf/bl2/io_semihosting.o
                                        0x5e7 (size before relaxing)
 .debug_str     0x000000000000050f      0x180 ../../../../amebasmart_gcc_project/project_ap/asdk/build/atf/bl2/io_storage.o
                                        0x5cb (size before relaxing)
 .debug_str     0x000000000000068f      0x36b ../../../../amebasmart_gcc_project/project_ap/asdk/build/atf/bl2/io_fip.o
                                        0x84e (size before relaxing)
 .debug_str     0x00000000000009fa      0x134 ../../../../amebasmart_gcc_project/project_ap/asdk/build/atf/bl2/io_memmap.o
                                        0x5f9 (size before relaxing)
 .debug_str     0x0000000000000b2e      0x1f3 ../../../../amebasmart_gcc_project/project_ap/asdk/build/atf/bl2/semihosting.o
                                        0x504 (size before relaxing)
 .debug_str     0x0000000000000d21      0x185 ../../../../amebasmart_gcc_project/project_ap/asdk/build/atf/bl2/sheipa_io_storage.o
                                        0x6c3 (size before relaxing)
 .debug_str     0x0000000000000ea6      0x3d4 ../../../../amebasmart_gcc_project/project_ap/asdk/build/atf/bl2/sheipa_bl2_setup.o
                                        0x6ab (size before relaxing)
 .debug_str     0x000000000000127a       0x74 ../../../../amebasmart_gcc_project/project_ap/asdk/build/atf/bl2/sheipa_bl2_mem_params_desc.o
                                        0x470 (size before relaxing)
 .debug_str     0x00000000000012ee      0x106 ../../../../amebasmart_gcc_project/project_ap/asdk/build/atf/bl2/sheipa_image_load.o
                                        0x4b0 (size before relaxing)
 .debug_str     0x00000000000013f4      0x1a3 ../../../../amebasmart_gcc_project/project_ap/asdk/build/atf/bl2/desc_image_load.o
                                        0x6fc (size before relaxing)
 .debug_str     0x0000000000001597       0x9d ../../../../amebasmart_gcc_project/project_ap/asdk/build/atf/bl2/bl2_image_load_v2.o
                                        0x521 (size before relaxing)
 .debug_str     0x0000000000001634       0x80 ../../../../amebasmart_gcc_project/project_ap/asdk/build/atf/bl2/bl2_main.o
                                        0x3b7 (size before relaxing)
 .debug_str     0x00000000000016b4       0x1d ../../../../amebasmart_gcc_project/project_ap/asdk/build/atf/bl2/bl2_arch_setup.o
                                        0x262 (size before relaxing)
 .debug_str     0x00000000000016d1       0x41 ../../../../amebasmart_gcc_project/project_ap/asdk/build/atf/bl2/systimer.o
                                        0x221 (size before relaxing)
 .debug_str     0x0000000000001712       0x8f ../../../../amebasmart_gcc_project/project_ap/asdk/build/atf/bl2/bl_common.o
                                        0x483 (size before relaxing)
 .debug_str     0x00000000000017a1       0x66 ../../../../amebasmart_gcc_project/project_ap/asdk/build/atf/bl2/tf_log.o
                                        0x2c6 (size before relaxing)
 .debug_str     0x0000000000001807      0x12d ../../../../amebasmart_gcc_project/project_ap/asdk/build/atf/bl2/multi_console.o
                                        0x3b0 (size before relaxing)
 .debug_str     0x0000000000001934      0x15d ../../../../amebasmart_gcc_project/project_ap/asdk/build/atf/bl2/plat_bl_common.o
                                        0x465 (size before relaxing)
 .debug_str     0x0000000000001a91       0x2e ../../../../amebasmart_gcc_project/project_ap/asdk/build/atf/bl2/plat_log_common.o
                                        0x288 (size before relaxing)
 .debug_str     0x0000000000001abf       0x76 ../../../../amebasmart_gcc_project/project_ap/asdk/build/atf/bl2/ctzdi2.o
                                        0x24d (size before relaxing)
 .debug_str     0x0000000000001b35       0x63 ../../../../amebasmart_gcc_project/project_ap/asdk/build/atf/bl2/udivmoddi4.o
                                        0x277 (size before relaxing)
 .debug_str     0x0000000000001b98       0xa8 ../../../../amebasmart_gcc_project/project_ap/asdk/build/atf/bl2/sheipa_common.o
                                        0x378 (size before relaxing)
 .debug_str     0x0000000000001c40       0x50 ../../../../amebasmart_gcc_project/project_ap/asdk/build/atf/bl2/sheipa_console_setup.o
                                        0x2eb (size before relaxing)
 .debug_str     0x0000000000001c90      0x286 ../../../../amebasmart_gcc_project/project_ap/asdk/build/atf/bl2/xlat_tables_arch.o
                                        0x54e (size before relaxing)
 .debug_str     0x0000000000001f16      0x199 ../../../../amebasmart_gcc_project/project_ap/asdk/build/atf/bl2/xlat_tables_context.o
                                        0x554 (size before relaxing)
 .debug_str     0x00000000000020af      0x2aa ../../../../amebasmart_gcc_project/project_ap/asdk/build/atf/bl2/xlat_tables_core.o
                                        0x730 (size before relaxing)
 .debug_str     0x0000000000002359      0x11e ../../../../amebasmart_gcc_project/project_ap/asdk/build/atf/bl2/xlat_tables_utils.o
                                        0x586 (size before relaxing)
 .debug_str     0x0000000000002477       0x39 ../../../../amebasmart_gcc_project/project_ap/asdk/build/atf/bl2/semihosting_call.o
                                         0x87 (size before relaxing)
 .debug_str     0x00000000000024b0       0x28 ../../../../amebasmart_gcc_project/project_ap/asdk/build/atf/bl2/platform_up_stack.o
                                         0x84 (size before relaxing)
 .debug_str     0x00000000000024d8       0x1d ../../../../amebasmart_gcc_project/project_ap/asdk/build/atf/bl2/bl2_entrypoint.o
                                         0x79 (size before relaxing)
 .debug_str     0x00000000000024f5       0x17 ../../../../amebasmart_gcc_project/project_ap/asdk/build/atf/bl2/debug.o
                                         0x73 (size before relaxing)
 .debug_str     0x000000000000250c       0x1c ../../../../amebasmart_gcc_project/project_ap/asdk/build/atf/bl2/cache_helpers.o
                                         0x78 (size before relaxing)
 .debug_str     0x0000000000002528       0x1b ../../../../amebasmart_gcc_project/project_ap/asdk/build/atf/bl2/misc_helpers.o
                                         0x77 (size before relaxing)
 .debug_str     0x0000000000002543       0x2e ../../../../amebasmart_gcc_project/project_ap/asdk/build/atf/bl2/aeabi_uldivmod.o
                                         0x8a (size before relaxing)
 .debug_str     0x0000000000002571       0x2b ../../../../amebasmart_gcc_project/project_ap/asdk/build/atf/bl2/plat_helpers.o
                                         0x87 (size before relaxing)
 .debug_str     0x000000000000259c       0x2d ../../../../amebasmart_gcc_project/project_ap/asdk/build/atf/bl2/sheipa_console.o
                                         0x89 (size before relaxing)
 .debug_str     0x00000000000025c9       0x28 ../../../../amebasmart_gcc_project/project_ap/asdk/build/atf/bl2/enable_mmu.o
                                         0x84 (size before relaxing)
 .debug_str     0x00000000000025f1       0x25 ../../../../amebasmart_gcc_project/project_ap/asdk/build/atf/lib/libc.a(assert.o)
                                        0x26a (size before relaxing)
 .debug_str     0x0000000000002616       0x12 ../../../../amebasmart_gcc_project/project_ap/asdk/build/atf/lib/libc.a(memcmp.o)
                                        0x177 (size before relaxing)
 .debug_str     0x0000000000002628       0x12 ../../../../amebasmart_gcc_project/project_ap/asdk/build/atf/lib/libc.a(memcpy.o)
                                        0x16e (size before relaxing)
 .debug_str     0x000000000000263a       0x13 ../../../../amebasmart_gcc_project/project_ap/asdk/build/atf/lib/libc.a(memmove.o)
                                        0x177 (size before relaxing)
 .debug_str     0x000000000000264d       0x6d ../../../../amebasmart_gcc_project/project_ap/asdk/build/atf/lib/libc.a(printf.o)
                                        0x2d5 (size before relaxing)
 .debug_str     0x00000000000026ba       0x13 ../../../../amebasmart_gcc_project/project_ap/asdk/build/atf/lib/libc.a(putchar.o)
                                        0x1e4 (size before relaxing)
 .debug_str     0x00000000000026cd       0x12 ../../../../amebasmart_gcc_project/project_ap/asdk/build/atf/lib/libc.a(strlen.o)
                                        0x175 (size before relaxing)

.comment        0x0000000000000000       0x37
 .comment       0x0000000000000000       0x37 ../../../../amebasmart_gcc_project/project_ap/asdk/build/atf/bl2/io_semihosting.o
                                         0x38 (size before relaxing)
 .comment       0x0000000000000037       0x38 ../../../../amebasmart_gcc_project/project_ap/asdk/build/atf/bl2/io_storage.o
 .comment       0x0000000000000037       0x38 ../../../../amebasmart_gcc_project/project_ap/asdk/build/atf/bl2/io_fip.o
 .comment       0x0000000000000037       0x38 ../../../../amebasmart_gcc_project/project_ap/asdk/build/atf/bl2/io_memmap.o
 .comment       0x0000000000000037       0x38 ../../../../amebasmart_gcc_project/project_ap/asdk/build/atf/bl2/semihosting.o
 .comment       0x0000000000000037       0x38 ../../../../amebasmart_gcc_project/project_ap/asdk/build/atf/bl2/sheipa_io_storage.o
 .comment       0x0000000000000037       0x38 ../../../../amebasmart_gcc_project/project_ap/asdk/build/atf/bl2/sheipa_bl2_setup.o
 .comment       0x0000000000000037       0x38 ../../../../amebasmart_gcc_project/project_ap/asdk/build/atf/bl2/sheipa_bl2_mem_params_desc.o
 .comment       0x0000000000000037       0x38 ../../../../amebasmart_gcc_project/project_ap/asdk/build/atf/bl2/sheipa_image_load.o
 .comment       0x0000000000000037       0x38 ../../../../amebasmart_gcc_project/project_ap/asdk/build/atf/bl2/desc_image_load.o
 .comment       0x0000000000000037       0x38 ../../../../amebasmart_gcc_project/project_ap/asdk/build/atf/bl2/bl2_image_load_v2.o
 .comment       0x0000000000000037       0x38 ../../../../amebasmart_gcc_project/project_ap/asdk/build/atf/bl2/bl2_main.o
 .comment       0x0000000000000037       0x38 ../../../../amebasmart_gcc_project/project_ap/asdk/build/atf/bl2/bl2_arch_setup.o
 .comment       0x0000000000000037       0x38 ../../../../amebasmart_gcc_project/project_ap/asdk/build/atf/bl2/systimer.o
 .comment       0x0000000000000037       0x38 ../../../../amebasmart_gcc_project/project_ap/asdk/build/atf/bl2/bl_common.o
 .comment       0x0000000000000037       0x38 ../../../../amebasmart_gcc_project/project_ap/asdk/build/atf/bl2/tf_log.o
 .comment       0x0000000000000037       0x38 ../../../../amebasmart_gcc_project/project_ap/asdk/build/atf/bl2/multi_console.o
 .comment       0x0000000000000037       0x38 ../../../../amebasmart_gcc_project/project_ap/asdk/build/atf/bl2/plat_bl_common.o
 .comment       0x0000000000000037       0x38 ../../../../amebasmart_gcc_project/project_ap/asdk/build/atf/bl2/plat_log_common.o
 .comment       0x0000000000000037       0x38 ../../../../amebasmart_gcc_project/project_ap/asdk/build/atf/bl2/ctzdi2.o
 .comment       0x0000000000000037       0x38 ../../../../amebasmart_gcc_project/project_ap/asdk/build/atf/bl2/udivmoddi4.o
 .comment       0x0000000000000037       0x38 ../../../../amebasmart_gcc_project/project_ap/asdk/build/atf/bl2/sheipa_common.o
 .comment       0x0000000000000037       0x38 ../../../../amebasmart_gcc_project/project_ap/asdk/build/atf/bl2/sheipa_console_setup.o
 .comment       0x0000000000000037       0x38 ../../../../amebasmart_gcc_project/project_ap/asdk/build/atf/bl2/xlat_tables_arch.o
 .comment       0x0000000000000037       0x38 ../../../../amebasmart_gcc_project/project_ap/asdk/build/atf/bl2/xlat_tables_context.o
 .comment       0x0000000000000037       0x38 ../../../../amebasmart_gcc_project/project_ap/asdk/build/atf/bl2/xlat_tables_core.o
 .comment       0x0000000000000037       0x38 ../../../../amebasmart_gcc_project/project_ap/asdk/build/atf/bl2/xlat_tables_utils.o
 .comment       0x0000000000000037       0x38 ../../../../amebasmart_gcc_project/project_ap/asdk/build/atf/lib/libc.a(assert.o)
 .comment       0x0000000000000037       0x38 ../../../../amebasmart_gcc_project/project_ap/asdk/build/atf/lib/libc.a(memcmp.o)